Archive member included to satisfy reference by file (symbol)

/Applications/ARM/bin/../lib/gcc/arm-none-eabi/10.3.1/../../../../arm-none-eabi/lib/thumb/v7-m/nofp/libstdc++.a(class_type_info.o)
                              CMakeFiles/testbench.dir/src/test_polymorphismn.cpp.obj (vtable for __cxxabiv1::__class_type_info)
/Applications/ARM/bin/../lib/gcc/arm-none-eabi/10.3.1/../../../../arm-none-eabi/lib/thumb/v7-m/nofp/libstdc++.a(del_ops.o)
                              CMakeFiles/testbench.dir/src/test_heap.cpp.obj (operator delete(void*, unsigned int))
/Applications/ARM/bin/../lib/gcc/arm-none-eabi/10.3.1/../../../../arm-none-eabi/lib/thumb/v7-m/nofp/libstdc++.a(new_op.o)
                              CMakeFiles/testbench.dir/src/test_heap.cpp.obj (operator new(unsigned int))
/Applications/ARM/bin/../lib/gcc/arm-none-eabi/10.3.1/../../../../arm-none-eabi/lib/thumb/v7-m/nofp/libstdc++.a(si_class_type_info.o)
                              CMakeFiles/testbench.dir/src/test_polymorphismn.cpp.obj (vtable for __cxxabiv1::__si_class_type_info)
/Applications/ARM/bin/../lib/gcc/arm-none-eabi/10.3.1/../../../../arm-none-eabi/lib/thumb/v7-m/nofp/libstdc++.a(tinfo.o)
                              /Applications/ARM/bin/../lib/gcc/arm-none-eabi/10.3.1/../../../../arm-none-eabi/lib/thumb/v7-m/nofp/libstdc++.a(class_type_info.o) (std::type_info::~type_info())
/Applications/ARM/bin/../lib/gcc/arm-none-eabi/10.3.1/../../../../arm-none-eabi/lib/thumb/v7-m/nofp/libstdc++.a(bad_alloc.o)
                              /Applications/ARM/bin/../lib/gcc/arm-none-eabi/10.3.1/../../../../arm-none-eabi/lib/thumb/v7-m/nofp/libstdc++.a(new_op.o) (std::bad_alloc::~bad_alloc())
/Applications/ARM/bin/../lib/gcc/arm-none-eabi/10.3.1/../../../../arm-none-eabi/lib/thumb/v7-m/nofp/libstdc++.a(del_op.o)
                              /Applications/ARM/bin/../lib/gcc/arm-none-eabi/10.3.1/../../../../arm-none-eabi/lib/thumb/v7-m/nofp/libstdc++.a(del_ops.o) (operator delete(void*))
/Applications/ARM/bin/../lib/gcc/arm-none-eabi/10.3.1/../../../../arm-none-eabi/lib/thumb/v7-m/nofp/libstdc++.a(eh_alloc.o)
                              /Applications/ARM/bin/../lib/gcc/arm-none-eabi/10.3.1/../../../../arm-none-eabi/lib/thumb/v7-m/nofp/libstdc++.a(new_op.o) (__cxa_allocate_exception)
/Applications/ARM/bin/../lib/gcc/arm-none-eabi/10.3.1/../../../../arm-none-eabi/lib/thumb/v7-m/nofp/libstdc++.a(eh_exception.o)
                              /Applications/ARM/bin/../lib/gcc/arm-none-eabi/10.3.1/../../../../arm-none-eabi/lib/thumb/v7-m/nofp/libstdc++.a(bad_alloc.o) (std::exception::~exception())
/Applications/ARM/bin/../lib/gcc/arm-none-eabi/10.3.1/../../../../arm-none-eabi/lib/thumb/v7-m/nofp/libstdc++.a(eh_terminate.o)
                              /Applications/ARM/bin/../lib/gcc/arm-none-eabi/10.3.1/../../../../arm-none-eabi/lib/thumb/v7-m/nofp/libstdc++.a(eh_alloc.o) (std::terminate())
/Applications/ARM/bin/../lib/gcc/arm-none-eabi/10.3.1/../../../../arm-none-eabi/lib/thumb/v7-m/nofp/libstdc++.a(eh_throw.o)
                              /Applications/ARM/bin/../lib/gcc/arm-none-eabi/10.3.1/../../../../arm-none-eabi/lib/thumb/v7-m/nofp/libstdc++.a(new_op.o) (__cxa_throw)
/Applications/ARM/bin/../lib/gcc/arm-none-eabi/10.3.1/../../../../arm-none-eabi/lib/thumb/v7-m/nofp/libstdc++.a(eh_unex_handler.o)
                              /Applications/ARM/bin/../lib/gcc/arm-none-eabi/10.3.1/../../../../arm-none-eabi/lib/thumb/v7-m/nofp/libstdc++.a(eh_terminate.o) (__cxxabiv1::__unexpected_handler)
/Applications/ARM/bin/../lib/gcc/arm-none-eabi/10.3.1/../../../../arm-none-eabi/lib/thumb/v7-m/nofp/libstdc++.a(new_handler.o)
                              /Applications/ARM/bin/../lib/gcc/arm-none-eabi/10.3.1/../../../../arm-none-eabi/lib/thumb/v7-m/nofp/libstdc++.a(new_op.o) (std::get_new_handler())
/Applications/ARM/bin/../lib/gcc/arm-none-eabi/10.3.1/../../../../arm-none-eabi/lib/thumb/v7-m/nofp/libstdc++.a(pure.o)
                              /Applications/ARM/bin/../lib/gcc/arm-none-eabi/10.3.1/../../../../arm-none-eabi/lib/thumb/v7-m/nofp/libstdc++.a(eh_exception.o) (__cxa_pure_virtual)
/Applications/ARM/bin/../lib/gcc/arm-none-eabi/10.3.1/../../../../arm-none-eabi/lib/thumb/v7-m/nofp/libstdc++.a(vterminate.o)
                              /Applications/ARM/bin/../lib/gcc/arm-none-eabi/10.3.1/../../../../arm-none-eabi/lib/thumb/v7-m/nofp/libstdc++.a(eh_terminate.o) (__gnu_cxx::__verbose_terminate_handler())
/Applications/ARM/bin/../lib/gcc/arm-none-eabi/10.3.1/../../../../arm-none-eabi/lib/thumb/v7-m/nofp/libstdc++.a(cp-demangle.o)
                              /Applications/ARM/bin/../lib/gcc/arm-none-eabi/10.3.1/../../../../arm-none-eabi/lib/thumb/v7-m/nofp/libstdc++.a(vterminate.o) (__cxa_demangle)
/Applications/ARM/bin/../lib/gcc/arm-none-eabi/10.3.1/../../../../arm-none-eabi/lib/thumb/v7-m/nofp/libstdc++.a(eh_arm.o)
[...]
Memory Configuration

Name             Origin             Length             Attributes
FLASH            0x0000000000000000 0x0000000000020000 xr
RAM              0x0000000020000000 0x0000000000020000 xrw
*default*        0x0000000000000000 0xffffffffffffffff

Linker script and memory map

LOAD /Applications/ARM/bin/../lib/gcc/arm-none-eabi/10.3.1/thumb/v7-m/nofp/crti.o
LOAD /Applications/ARM/bin/../lib/gcc/arm-none-eabi/10.3.1/thumb/v7-m/nofp/crtbegin.o
LOAD /Applications/ARM/bin/../lib/gcc/arm-none-eabi/10.3.1/../../../../arm-none-eabi/lib/thumb/v7-m/nofp/rdimon-crt0.o
LOAD CMakeFiles/testbench.dir/src/main.cpp.obj
LOAD CMakeFiles/testbench.dir/src/startup.s.obj
LOAD CMakeFiles/testbench.dir/src/systick.cpp.obj
LOAD CMakeFiles/testbench.dir/src/test_float.cpp.obj
LOAD CMakeFiles/testbench.dir/src/test_sprintf.cpp.obj
LOAD CMakeFiles/testbench.dir/src/test_std_out.cpp.obj
LOAD CMakeFiles/testbench.dir/src/test_stack_alignment.cpp.obj
LOAD CMakeFiles/testbench.dir/src/test_std_algos.cpp.obj
LOAD CMakeFiles/testbench.dir/src/test_int_calc.cpp.obj
LOAD CMakeFiles/testbench.dir/src/test_uint_calc.cpp.obj
LOAD CMakeFiles/testbench.dir/src/test_if_then_else.cpp.obj
LOAD CMakeFiles/testbench.dir/src/test_type_casting.cpp.obj
LOAD CMakeFiles/testbench.dir/src/test_polymorphismn.cpp.obj
LOAD CMakeFiles/testbench.dir/src/test_switch_case.cpp.obj
LOAD CMakeFiles/testbench.dir/src/test_fibonacci.cpp.obj
LOAD CMakeFiles/testbench.dir/src/test_quicksort.cpp.obj
LOAD CMakeFiles/testbench.dir/src/test_exceptions.cpp.obj
LOAD CMakeFiles/testbench.dir/src/test_scb.cpp.obj
LOAD CMakeFiles/testbench.dir/src/test_irqs.cpp.obj
LOAD CMakeFiles/testbench.dir/src/test_crc.cpp.obj
LOAD CMakeFiles/testbench.dir/src/test_heap.cpp.obj
LOAD CMakeFiles/testbench.dir/src/test_process_stack.cpp.obj
LOAD /Applications/ARM/bin/../lib/gcc/arm-none-eabi/10.3.1/../../../../arm-none-eabi/lib/thumb/v7-m/nofp/libstdc++.a
LOAD /Applications/ARM/bin/../lib/gcc/arm-none-eabi/10.3.1/../../../../arm-none-eabi/lib/thumb/v7-m/nofp/libm.a
START GROUP
LOAD /Applications/ARM/bin/../lib/gcc/arm-none-eabi/10.3.1/thumb/v7-m/nofp/libgcc.a
LOAD /Applications/ARM/bin/../lib/gcc/arm-none-eabi/10.3.1/../../../../arm-none-eabi/lib/thumb/v7-m/nofp/libg.a
LOAD /Applications/ARM/bin/../lib/gcc/arm-none-eabi/10.3.1/../../../../arm-none-eabi/lib/thumb/v7-m/nofp/libc.a
END GROUP
START GROUP
LOAD /Applications/ARM/bin/../lib/gcc/arm-none-eabi/10.3.1/thumb/v7-m/nofp/libgcc.a
LOAD /Applications/ARM/bin/../lib/gcc/arm-none-eabi/10.3.1/../../../../arm-none-eabi/lib/thumb/v7-m/nofp/libc.a
LOAD /Applications/ARM/bin/../lib/gcc/arm-none-eabi/10.3.1/../../../../arm-none-eabi/lib/thumb/v7-m/nofp/librdimon.a
END GROUP
LOAD /Applications/ARM/bin/../lib/gcc/arm-none-eabi/10.3.1/thumb/v7-m/nofp/crtend.o
LOAD /Applications/ARM/bin/../lib/gcc/arm-none-eabi/10.3.1/thumb/v7-m/nofp/crtn.o

.text           0x0000000000000000    0x1a3d4
 *(.vectors)
 .vectors       0x0000000000000000       0x40 CMakeFiles/testbench.dir/src/startup.s.obj
                0x0000000000000000                __Vectors
                0x0000000000000040                __Vectors_End = .
                0x0000000000000040                __Vectors_Size = (__Vectors_End - __Vectors)
                0x0000000020002060                __end__ = .
 *(.text*)
 .text          0x0000000000000040        0x0 /Applications/ARM/bin/../lib/gcc/arm-none-eabi/10.3.1/thumb/v7-m/nofp/crti.o
 .text          0x0000000000000040       0x40 /Applications/ARM/bin/../lib/gcc/arm-none-eabi/10.3.1/thumb/v7-m/nofp/crtbegin.o
 .text          0x0000000000000080       0xf8 /Applications/ARM/bin/../lib/gcc/arm-none-eabi/10.3.1/../../../../arm-none-eabi/lib/thumb/v7-m/nofp/rdimon-crt0.o
                0x0000000000000080                _stack_init
                0x000000000000008c                _mainCRTStartup
                0x000000000000008c                _start
 .text          0x0000000000000178       0x7c CMakeFiles/testbench.dir/src/main.cpp.obj
                0x0000000000000178                main
 .text          0x00000000000001f4       0x18 CMakeFiles/testbench.dir/src/startup.s.obj
                0x00000000000001f4                Reset_Handler
                0x00000000000001f8                NMI_Handler
                0x00000000000001fa                HardFault_Handler
                0x00000000000001fc                MemManage_Handler
                0x0000000000000204                DebugMon_Handler
                0x0000000000000206                PendSV_Handler
 .text          0x000000000000020c       0x58 CMakeFiles/testbench.dir/src/systick.cpp.obj
                0x0000000000000220                SysTickInit(unsigned long)
                0x000000000000023e                SysTickDisable()
                0x0000000000000250                SysTickEnable()
 .text          0x0000000000000264      0x334 CMakeFiles/testbench.dir/src/test_float.cpp.obj
                0x0000000000000264                IsFloatEqual(float, float)
                0x00000000000002b0                TestFloat()
 .text._ZSt4ceilf
                0x0000000000000598       0x18 CMakeFiles/testbench.dir/src/test_float.cpp.obj
                0x0000000000000598                std::ceil(float)
 .text._ZSt5floorf
                0x00000000000005b0       0x18 CMakeFiles/testbench.dir/src/test_float.cpp.obj
                0x00000000000005b0                std::floor(float)
 .text._ZSt5isinff
                0x00000000000005c8       0x50 CMakeFiles/testbench.dir/src/test_float.cpp.obj
                0x00000000000005c8                std::isinf(float)
 .text._ZSt5isnanf
                0x0000000000000618       0x32 CMakeFiles/testbench.dir/src/test_float.cpp.obj
                0x0000000000000618                std::isnan(float)
 .text._ZSt5isnand
                0x000000000000064a       0x38 CMakeFiles/testbench.dir/src/test_float.cpp.obj
                0x000000000000064a                std::isnan(double)
 .text._ZSt5roundf
                0x0000000000000682       0x18 CMakeFiles/testbench.dir/src/test_float.cpp.obj
                0x0000000000000682                std::round(float)
 *fill*         0x000000000000069a        0x6 
 .text          0x00000000000006a0      0x14c CMakeFiles/testbench.dir/src/test_sprintf.cpp.obj
                0x00000000000006a0                TestSprintf()
 .text          0x00000000000007ec       0xb8 CMakeFiles/testbench.dir/src/test_std_out.cpp.obj
                0x00000000000007ec                TestStdOut()
 .text          0x00000000000008a4       0xdc CMakeFiles/testbench.dir/src/test_stack_alignment.cpp.obj
                0x00000000000008a4                StackAlignmentTest()
                0x00000000000008cc                CallFct3(unsigned long)
                0x00000000000008e4                CallFct2(unsigned short)
                0x0000000000000908                CallFct1(unsigned char)
                0x000000000000092e                TestStackAlignment()
 .text          0x0000000000000980      0x21c CMakeFiles/testbench.dir/src/test_std_algos.cpp.obj
                0x0000000000000980                TestStrlen()
                0x0000000000000a24                TestStrcmp()
                0x0000000000000aa4                TestMemCpy()
                0x0000000000000b18                TestMemMove()
                0x0000000000000b78                TestStdAlgos()
 .text          0x0000000000000b9c      0x494 CMakeFiles/testbench.dir/src/test_int_calc.cpp.obj
                0x0000000000000b9c                TestIntCalc()
 .text          0x0000000000001030      0x490 CMakeFiles/testbench.dir/src/test_uint_calc.cpp.obj
                0x0000000000001030                TestUIntCalc()
 .text          0x00000000000014c0      0x100 CMakeFiles/testbench.dir/src/test_if_then_else.cpp.obj
                0x00000000000014c0                BranchTest(long)
                0x0000000000001534                TestIfThenElse()
 .text          0x00000000000015c0       0xac CMakeFiles/testbench.dir/src/test_type_casting.cpp.obj
                0x00000000000015c0                TestTypeCasting()
 .text          0x000000000000166c       0xa4 CMakeFiles/testbench.dir/src/test_polymorphismn.cpp.obj
                0x000000000000166c                TestPolymorphismn()
 .text._ZN4Base4CallEv
                0x0000000000001710       0x18 CMakeFiles/testbench.dir/src/test_polymorphismn.cpp.obj
                0x0000000000001710                Base::Call()
 .text._ZN7Derived4CallEv
                0x0000000000001728       0x16 CMakeFiles/testbench.dir/src/test_polymorphismn.cpp.obj
                0x0000000000001728                Derived::Call()
 *fill*         0x000000000000173e        0x2 
 .text          0x0000000000001740      0x2fc CMakeFiles/testbench.dir/src/test_switch_case.cpp.obj
                0x0000000000001740                TableFct0()
                0x0000000000001758                TableFct1()
                0x000000000000177a                TableFct2()
                0x0000000000001792                TableFct3()
                0x00000000000017aa                TableFct4()
                0x00000000000017c2                TableFct5()
                0x00000000000017da                TableFct6()
                0x00000000000017f2                TableFct7()
                0x0000000000001814                TestTableFct1(char)
                0x00000000000018e4                TestTableFct2()
                0x00000000000019d0                TestSwitchCase()
 .text          0x0000000000001a3c      0x108 CMakeFiles/testbench.dir/src/test_fibonacci.cpp.obj
                0x0000000000001a3c                Fibonacci(int)
                0x0000000000001a70                TestFibonacci()
 .text          0x0000000000001b44      0x35c CMakeFiles/testbench.dir/src/test_quicksort.cpp.obj
                0x0000000000001b44                TestQuicksort()
 .text._Z9QuickSortIVmEvPT_ii
                0x0000000000001ea0       0x46 CMakeFiles/testbench.dir/src/test_quicksort.cpp.obj
                0x0000000000001ea0                void QuickSort<unsigned long volatile>(unsigned long volatile*, int, int)
 .text._Z9QuickSortIVtEvPT_ii
                0x0000000000001ee6       0x46 CMakeFiles/testbench.dir/src/test_quicksort.cpp.obj
                0x0000000000001ee6                void QuickSort<unsigned short volatile>(unsigned short volatile*, int, int)
 .text._Z9QuickSortIVhEvPT_ii
                0x0000000000001f2c       0x46 CMakeFiles/testbench.dir/src/test_quicksort.cpp.obj
                0x0000000000001f2c                void QuickSort<unsigned char volatile>(unsigned char volatile*, int, int)
 .text._Z9PartitionIVmEiPT_ii
                0x0000000000001f72       0x8c CMakeFiles/testbench.dir/src/test_quicksort.cpp.obj
                0x0000000000001f72                int Partition<unsigned long volatile>(unsigned long volatile*, int, int)
 .text._Z9PartitionIVtEiPT_ii
                0x0000000000001ffe       0x92 CMakeFiles/testbench.dir/src/test_quicksort.cpp.obj
                0x0000000000001ffe                int Partition<unsigned short volatile>(unsigned short volatile*, int, int)
 .text._Z9PartitionIVhEiPT_ii
                0x0000000000002090       0x86 CMakeFiles/testbench.dir/src/test_quicksort.cpp.obj
                0x0000000000002090                int Partition<unsigned char volatile>(unsigned char volatile*, int, int)
 .text._Z4SwapIVmEvPT_S2_
                0x0000000000002116       0x28 CMakeFiles/testbench.dir/src/test_quicksort.cpp.obj
                0x0000000000002116                void Swap<unsigned long volatile>(unsigned long volatile*, unsigned long volatile*)
 .text._Z4SwapIVtEvPT_S2_
                0x000000000000213e       0x2e CMakeFiles/testbench.dir/src/test_quicksort.cpp.obj
                0x000000000000213e                void Swap<unsigned short volatile>(unsigned short volatile*, unsigned short volatile*)
 .text._Z4SwapIVhEvPT_S2_
                0x000000000000216c       0x2e CMakeFiles/testbench.dir/src/test_quicksort.cpp.obj
                0x000000000000216c                void Swap<unsigned char volatile>(unsigned char volatile*, unsigned char volatile*)
 *fill*         0x000000000000219a        0x2 
 .text          0x000000000000219c      0x644 CMakeFiles/testbench.dir/src/test_exceptions.cpp.obj
                0x00000000000021b0                BusFault_Handler_ABI
                0x0000000000002268                BusFault_Handler
                0x0000000000002270                UsageFault_Handler_ABI
                0x0000000000002334                UsageFault_Handler
                0x000000000000233c                TestVariousFaults()
                0x0000000000002480                TestBusfault()
                0x0000000000002604                TestDivideByZero()
                0x00000000000027c0                TestExceptions()
 .text._ZStanSt12memory_orderSt23__memory_order_modifier
                0x00000000000027e0       0x24 CMakeFiles/testbench.dir/src/test_exceptions.cpp.obj
                0x00000000000027e0                std::operator&(std::memory_order, std::__memory_order_modifier)
 .text._ZNKSt13__atomic_baseImEcvmEv
                0x0000000000002804       0x36 CMakeFiles/testbench.dir/src/test_exceptions.cpp.obj
                0x0000000000002804                std::__atomic_base<unsigned long>::operator unsigned long() const
 .text._ZNSt13__atomic_baseImEaSEm
                0x000000000000283a       0x40 CMakeFiles/testbench.dir/src/test_exceptions.cpp.obj
                0x000000000000283a                std::__atomic_base<unsigned long>::operator=(unsigned long)
 .text._ZNSt13__atomic_baseImEppEi
                0x000000000000287a       0x42 CMakeFiles/testbench.dir/src/test_exceptions.cpp.obj
                0x000000000000287a                std::__atomic_base<unsigned long>::operator++(int)
 .text          0x00000000000028bc       0x54 CMakeFiles/testbench.dir/src/test_scb.cpp.obj
                0x00000000000028d0                TestScb()
 .text          0x0000000000002910      0x37c CMakeFiles/testbench.dir/src/test_irqs.cpp.obj
                0x0000000000002910                SVC_Handler
                0x00000000000029e0                SysTick_Handler
                0x0000000000002ac8                StartIrqTest()
                0x0000000000002ad8                TestIrqs()
 .text          0x0000000000002c8c       0xdc CMakeFiles/testbench.dir/src/test_crc.cpp.obj
                0x0000000000002c8c                Crc16(unsigned char const*, unsigned int)
                0x0000000000002d0c                TestCrc()
 .text          0x0000000000002d68      0x134 CMakeFiles/testbench.dir/src/test_heap.cpp.obj
                0x0000000000002d68                TestHeap()
 .text          0x0000000000002e9c      0x124 CMakeFiles/testbench.dir/src/test_process_stack.cpp.obj
                0x0000000000002e9c                ReadPSP()
                0x0000000000002eb4                ReadMSP()
                0x0000000000002ecc                ReadControl()
                0x0000000000002ee4                ProcessStackFct()
                0x0000000000002f1c                TestProcessStack()
 .text          0x0000000000002fc0        0x0 /Applications/ARM/bin/../lib/gcc/arm-none-eabi/10.3.1/../../../../arm-none-eabi/lib/thumb/v7-m/nofp/libstdc++.a(class_type_info.o)
 .text._ZNK10__cxxabiv117__class_type_info11__do_upcastEPKS0_PPv
                0x0000000000002fc0       0x34 /Applications/ARM/bin/../lib/gcc/arm-none-eabi/10.3.1/../../../../arm-none-eabi/lib/thumb/v7-m/nofp/libstdc++.a(class_type_info.o)
                0x0000000000002fc0                __cxxabiv1::__class_type_info::__do_upcast(__cxxabiv1::__class_type_info const*, void**) const
 .text._ZNK10__cxxabiv117__class_type_info20__do_find_public_srcEiPKvPKS0_S2_
                0x0000000000002ff4        0xc /Applications/ARM/bin/../lib/gcc/arm-none-eabi/10.3.1/../../../../arm-none-eabi/lib/thumb/v7-m/nofp/libstdc++.a(class_type_info.o)
                0x0000000000002ff4                __cxxabiv1::__class_type_info::__do_find_public_src(int, void const*, __cxxabiv1::__class_type_info const*, void const*) const
 .text._ZN10__cxxabiv117__class_type_infoD2Ev
                0x0000000000003000       0x14 /Applications/ARM/bin/../lib/gcc/arm-none-eabi/10.3.1/../../../../arm-none-eabi/lib/thumb/v7-m/nofp/libstdc++.a(class_type_info.o)
                0x0000000000003000                __cxxabiv1::__class_type_info::~__class_type_info()
                0x0000000000003000                __cxxabiv1::__class_type_info::~__class_type_info()
 .text._ZN10__cxxabiv117__class_type_infoD0Ev
                0x0000000000003014       0x1c /Applications/ARM/bin/../lib/gcc/arm-none-eabi/10.3.1/../../../../arm-none-eabi/lib/thumb/v7-m/nofp/libstdc++.a(class_type_info.o)
                0x0000000000003014                __cxxabiv1::__class_type_info::~__class_type_info()
 .text._ZNK10__cxxabiv117__class_type_info12__do_dyncastEiNS0_10__sub_kindEPKS0_PKvS3_S5_RNS0_16__dyncast_resultE
                0x0000000000003030       0x44 /Applications/ARM/bin/../lib/gcc/arm-none-eabi/10.3.1/../../../../arm-none-eabi/lib/thumb/v7-m/nofp/libstdc++.a(class_type_info.o)
                0x0000000000003030                __cxxabiv1::__class_type_info::__do_dyncast(int, __cxxabiv1::__class_type_info::__sub_kind, __cxxabiv1::__class_type_info const*, void const*, __cxxabiv1::__class_type_info const*, void const*, __cxxabiv1::__class_type_info::__dyncast_result&) const
 .text._ZNK10__cxxabiv117__class_type_info11__do_upcastEPKS0_PKvRNS0_15__upcast_resultE
                0x0000000000003074       0x1c /Applications/ARM/bin/../lib/gcc/arm-none-eabi/10.3.1/../../../../arm-none-eabi/lib/thumb/v7-m/nofp/libstdc++.a(class_type_info.o)
                0x0000000000003074                __cxxabiv1::__class_type_info::__do_upcast(__cxxabiv1::__class_type_info const*, void const*, __cxxabiv1::__class_type_info::__upcast_result&) const
 .text._ZNK10__cxxabiv117__class_type_info10__do_catchEPKSt9type_infoPPvj
                0x0000000000003090       0x2c /Applications/ARM/bin/../lib/gcc/arm-none-eabi/10.3.1/../../../../arm-none-eabi/lib/thumb/v7-m/nofp/libstdc++.a(class_type_info.o)
                0x0000000000003090                __cxxabiv1::__class_type_info::__do_catch(std::type_info const*, void**, unsigned int) const
 .text          0x00000000000030bc        0x0 /Applications/ARM/bin/../lib/gcc/arm-none-eabi/10.3.1/../../../../arm-none-eabi/lib/thumb/v7-m/nofp/libstdc++.a(del_ops.o)
 .text._ZdlPvj  0x00000000000030bc        0x4 /Applications/ARM/bin/../lib/gcc/arm-none-eabi/10.3.1/../../../../arm-none-eabi/lib/thumb/v7-m/nofp/libstdc++.a(del_ops.o)
                0x00000000000030bc                operator delete(void*, unsigned int)
 .text          0x00000000000030c0        0x0 /Applications/ARM/bin/../lib/gcc/arm-none-eabi/10.3.1/../../../../arm-none-eabi/lib/thumb/v7-m/nofp/libstdc++.a(new_op.o)
 .text._Znwj    0x00000000000030c0       0x3c /Applications/ARM/bin/../lib/gcc/arm-none-eabi/10.3.1/../../../../arm-none-eabi/lib/thumb/v7-m/nofp/libstdc++.a(new_op.o)
                0x00000000000030c0                operator new(unsigned int)
 .text          0x00000000000030fc        0x0 /Applications/ARM/bin/../lib/gcc/arm-none-eabi/10.3.1/../../../../arm-none-eabi/lib/thumb/v7-m/nofp/libstdc++.a(si_class_type_info.o)
 .text._ZN10__cxxabiv120__si_class_type_infoD2Ev
                0x00000000000030fc       0x14 /Applications/ARM/bin/../lib/gcc/arm-none-eabi/10.3.1/../../../../arm-none-eabi/lib/thumb/v7-m/nofp/libstdc++.a(si_class_type_info.o)
                0x00000000000030fc                __cxxabiv1::__si_class_type_info::~__si_class_type_info()
                0x00000000000030fc                __cxxabiv1::__si_class_type_info::~__si_class_type_info()
 .text._ZN10__cxxabiv120__si_class_type_infoD0Ev
                0x0000000000003110       0x1c /Applications/ARM/bin/../lib/gcc/arm-none-eabi/10.3.1/../../../../arm-none-eabi/lib/thumb/v7-m/nofp/libstdc++.a(si_class_type_info.o)
                0x0000000000003110                __cxxabiv1::__si_class_type_info::~__si_class_type_info()
 .text._ZNK10__cxxabiv120__si_class_type_info20__do_find_public_srcEiPKvPKNS_17__class_type_infoES2_
                0x000000000000312c       0x3c /Applications/ARM/bin/../lib/gcc/arm-none-eabi/10.3.1/../../../../arm-none-eabi/lib/thumb/v7-m/nofp/libstdc++.a(si_class_type_info.o)
                0x000000000000312c                __cxxabiv1::__si_class_type_info::__do_find_public_src(int, void const*, __cxxabiv1::__class_type_info const*, void const*) const
 .text._ZNK10__cxxabiv120__si_class_type_info12__do_dyncastEiNS_17__class_type_info10__sub_kindEPKS1_PKvS4_S6_RNS1_16__dyncast_resultE
                0x0000000000003168       0x84 /Applications/ARM/bin/../lib/gcc/arm-none-eabi/10.3.1/../../../../arm-none-eabi/lib/thumb/v7-m/nofp/libstdc++.a(si_class_type_info.o)
                0x0000000000003168                __cxxabiv1::__si_class_type_info::__do_dyncast(int, __cxxabiv1::__class_type_info::__sub_kind, __cxxabiv1::__class_type_info const*, void const*, __cxxabiv1::__class_type_info const*, void const*, __cxxabiv1::__class_type_info::__dyncast_result&) const
 .text._ZNK10__cxxabiv120__si_class_type_info11__do_upcastEPKNS_17__class_type_infoEPKvRNS1_15__upcast_resultE
                0x00000000000031ec       0x2c /Applications/ARM/bin/../lib/gcc/arm-none-eabi/10.3.1/../../../../arm-none-eabi/lib/thumb/v7-m/nofp/libstdc++.a(si_class_type_info.o)
                0x00000000000031ec                __cxxabiv1::__si_class_type_info::__do_upcast(__cxxabiv1::__class_type_info const*, void const*, __cxxabiv1::__class_type_info::__upcast_result&) const
 .text          0x0000000000003218        0x0 /Applications/ARM/bin/../lib/gcc/arm-none-eabi/10.3.1/../../../../arm-none-eabi/lib/thumb/v7-m/nofp/libstdc++.a(tinfo.o)
 .text._ZNSt9type_infoD2Ev
                0x0000000000003218        0x4 /Applications/ARM/bin/../lib/gcc/arm-none-eabi/10.3.1/../../../../arm-none-eabi/lib/thumb/v7-m/nofp/libstdc++.a(tinfo.o)
                0x0000000000003218                std::type_info::~type_info()
                0x0000000000003218                std::type_info::~type_info()
 .text._ZNKSt9type_info14__is_pointer_pEv
                0x000000000000321c        0x4 /Applications/ARM/bin/../lib/gcc/arm-none-eabi/10.3.1/../../../../arm-none-eabi/lib/thumb/v7-m/nofp/libstdc++.a(tinfo.o)
                0x000000000000321c                std::type_info::__is_function_p() const
                0x000000000000321c                std::type_info::__is_pointer_p() const
 .text._ZNKSt9type_info11__do_upcastEPKN10__cxxabiv117__class_type_infoEPPv
                0x0000000000003220        0x4 /Applications/ARM/bin/../lib/gcc/arm-none-eabi/10.3.1/../../../../arm-none-eabi/lib/thumb/v7-m/nofp/libstdc++.a(tinfo.o)
                0x0000000000003220                std::type_info::__do_upcast(__cxxabiv1::__class_type_info const*, void**) const
 .text._ZNSt9type_infoD0Ev
                0x0000000000003224       0x10 /Applications/ARM/bin/../lib/gcc/arm-none-eabi/10.3.1/../../../../arm-none-eabi/lib/thumb/v7-m/nofp/libstdc++.a(tinfo.o)
                0x0000000000003224                std::type_info::~type_info()
 .text._ZNKSt9type_info10__do_catchEPKS_PPvj
                0x0000000000003234       0x2c /Applications/ARM/bin/../lib/gcc/arm-none-eabi/10.3.1/../../../../arm-none-eabi/lib/thumb/v7-m/nofp/libstdc++.a(tinfo.o)
                0x0000000000003234                std::type_info::__do_catch(std::type_info const*, void**, unsigned int) const
 .text._ZNKSt9type_infoeqERKS_
                0x0000000000003260       0x2c /Applications/ARM/bin/../lib/gcc/arm-none-eabi/10.3.1/../../../../arm-none-eabi/lib/thumb/v7-m/nofp/libstdc++.a(tinfo.o)
                0x0000000000003260                std::type_info::operator==(std::type_info const&) const
 .text          0x000000000000328c        0x0 /Applications/ARM/bin/../lib/gcc/arm-none-eabi/10.3.1/../../../../arm-none-eabi/lib/thumb/v7-m/nofp/libstdc++.a(bad_alloc.o)
 .text._ZNKSt9bad_alloc4whatEv
                0x000000000000328c        0x8 /Applications/ARM/bin/../lib/gcc/arm-none-eabi/10.3.1/../../../../arm-none-eabi/lib/thumb/v7-m/nofp/libstdc++.a(bad_alloc.o)
                0x000000000000328c                std::bad_alloc::what() const
 .text._ZNSt9bad_allocD2Ev
                0x0000000000003294       0x14 /Applications/ARM/bin/../lib/gcc/arm-none-eabi/10.3.1/../../../../arm-none-eabi/lib/thumb/v7-m/nofp/libstdc++.a(bad_alloc.o)
                0x0000000000003294                std::bad_alloc::~bad_alloc()
                0x0000000000003294                std::bad_alloc::~bad_alloc()
 .text._ZNSt9bad_allocD0Ev
                0x00000000000032a8       0x1c /Applications/ARM/bin/../lib/gcc/arm-none-eabi/10.3.1/../../../../arm-none-eabi/lib/thumb/v7-m/nofp/libstdc++.a(bad_alloc.o)
                0x00000000000032a8                std::bad_alloc::~bad_alloc()
 .text          0x00000000000032c4        0x0 /Applications/ARM/bin/../lib/gcc/arm-none-eabi/10.3.1/../../../../arm-none-eabi/lib/thumb/v7-m/nofp/libstdc++.a(del_op.o)
 .text._ZdlPv   0x00000000000032c4        0x4 /Applications/ARM/bin/../lib/gcc/arm-none-eabi/10.3.1/../../../../arm-none-eabi/lib/thumb/v7-m/nofp/libstdc++.a(del_op.o)
                0x00000000000032c4                operator delete(void*)
 .text          0x00000000000032c8        0x0 /Applications/ARM/bin/../lib/gcc/arm-none-eabi/10.3.1/../../../../arm-none-eabi/lib/thumb/v7-m/nofp/libstdc++.a(eh_alloc.o)
 .text._ZN12_GLOBAL__N_14pool4freeEPv.constprop.0
                0x00000000000032c8       0x84 /Applications/ARM/bin/../lib/gcc/arm-none-eabi/10.3.1/../../../../arm-none-eabi/lib/thumb/v7-m/nofp/libstdc++.a(eh_alloc.o)
 .text._ZN12_GLOBAL__N_14pool8allocateEj.constprop.0
                0x000000000000334c       0x60 /Applications/ARM/bin/../lib/gcc/arm-none-eabi/10.3.1/../../../../arm-none-eabi/lib/thumb/v7-m/nofp/libstdc++.a(eh_alloc.o)
 .text._ZN9__gnu_cxx9__freeresEv
                0x00000000000033ac       0x18 /Applications/ARM/bin/../lib/gcc/arm-none-eabi/10.3.1/../../../../arm-none-eabi/lib/thumb/v7-m/nofp/libstdc++.a(eh_alloc.o)
                0x00000000000033ac                __gnu_cxx::__freeres()
 .text.__cxa_allocate_exception
                0x00000000000033c4       0x30 /Applications/ARM/bin/../lib/gcc/arm-none-eabi/10.3.1/../../../../arm-none-eabi/lib/thumb/v7-m/nofp/libstdc++.a(eh_alloc.o)
                0x00000000000033c4                __cxa_allocate_exception
 .text.__cxa_free_exception
                0x00000000000033f4       0x20 /Applications/ARM/bin/../lib/gcc/arm-none-eabi/10.3.1/../../../../arm-none-eabi/lib/thumb/v7-m/nofp/libstdc++.a(eh_alloc.o)
                0x00000000000033f4                __cxa_free_exception
 .text.__cxa_allocate_dependent_exception
                0x0000000000003414       0x28 /Applications/ARM/bin/../lib/gcc/arm-none-eabi/10.3.1/../../../../arm-none-eabi/lib/thumb/v7-m/nofp/libstdc++.a(eh_alloc.o)
                0x0000000000003414                __cxa_allocate_dependent_exception
 .text.__cxa_free_dependent_exception
                0x000000000000343c       0x20 /Applications/ARM/bin/../lib/gcc/arm-none-eabi/10.3.1/../../../../arm-none-eabi/lib/thumb/v7-m/nofp/libstdc++.a(eh_alloc.o)
                0x000000000000343c                __cxa_free_dependent_exception
 .text.startup._GLOBAL__sub_I__ZN9__gnu_cxx9__freeresEv
                0x000000000000345c       0x28 /Applications/ARM/bin/../lib/gcc/arm-none-eabi/10.3.1/../../../../arm-none-eabi/lib/thumb/v7-m/nofp/libstdc++.a(eh_alloc.o)
 .text          0x0000000000003484        0x0 /Applications/ARM/bin/../lib/gcc/arm-none-eabi/10.3.1/../../../../arm-none-eabi/lib/thumb/v7-m/nofp/libstdc++.a(eh_exception.o)
 .text._ZNSt9exceptionD2Ev
                0x0000000000003484        0x4 /Applications/ARM/bin/../lib/gcc/arm-none-eabi/10.3.1/../../../../arm-none-eabi/lib/thumb/v7-m/nofp/libstdc++.a(eh_exception.o)
                0x0000000000003484                std::exception::~exception()
                0x0000000000003484                std::exception::~exception()
 .text._ZNSt13bad_exceptionD2Ev
                0x0000000000003488        0x4 /Applications/ARM/bin/../lib/gcc/arm-none-eabi/10.3.1/../../../../arm-none-eabi/lib/thumb/v7-m/nofp/libstdc++.a(eh_exception.o)
                0x0000000000003488                std::bad_exception::~bad_exception()
                0x0000000000003488                std::bad_exception::~bad_exception()
 .text._ZNKSt9exception4whatEv
                0x000000000000348c        0x8 /Applications/ARM/bin/../lib/gcc/arm-none-eabi/10.3.1/../../../../arm-none-eabi/lib/thumb/v7-m/nofp/libstdc++.a(eh_exception.o)
                0x000000000000348c                transaction clone for std::exception::what() const
                0x000000000000348c                std::exception::what() const
 .text._ZNKSt13bad_exception4whatEv
                0x0000000000003494        0x8 /Applications/ARM/bin/../lib/gcc/arm-none-eabi/10.3.1/../../../../arm-none-eabi/lib/thumb/v7-m/nofp/libstdc++.a(eh_exception.o)
                0x0000000000003494                transaction clone for std::bad_exception::what() const
                0x0000000000003494                std::bad_exception::what() const
 .text._ZNSt9exceptionD0Ev
                0x000000000000349c       0x10 /Applications/ARM/bin/../lib/gcc/arm-none-eabi/10.3.1/../../../../arm-none-eabi/lib/thumb/v7-m/nofp/libstdc++.a(eh_exception.o)
                0x000000000000349c                std::exception::~exception()
 .text._ZNSt13bad_exceptionD0Ev
                0x00000000000034ac       0x10 /Applications/ARM/bin/../lib/gcc/arm-none-eabi/10.3.1/../../../../arm-none-eabi/lib/thumb/v7-m/nofp/libstdc++.a(eh_exception.o)
                0x00000000000034ac                std::bad_exception::~bad_exception()
 .text._ZN10__cxxabiv115__forced_unwindD2Ev
                0x00000000000034bc        0x4 /Applications/ARM/bin/../lib/gcc/arm-none-eabi/10.3.1/../../../../arm-none-eabi/lib/thumb/v7-m/nofp/libstdc++.a(eh_exception.o)
                0x00000000000034bc                __cxxabiv1::__forced_unwind::~__forced_unwind()
                0x00000000000034bc                __cxxabiv1::__forced_unwind::~__forced_unwind()
 .text._ZN10__cxxabiv115__forced_unwindD0Ev
                0x00000000000034c0       0x10 /Applications/ARM/bin/../lib/gcc/arm-none-eabi/10.3.1/../../../../arm-none-eabi/lib/thumb/v7-m/nofp/libstdc++.a(eh_exception.o)
                0x00000000000034c0                __cxxabiv1::__forced_unwind::~__forced_unwind()
 .text._ZN10__cxxabiv119__foreign_exceptionD2Ev
                0x00000000000034d0        0x4 /Applications/ARM/bin/../lib/gcc/arm-none-eabi/10.3.1/../../../../arm-none-eabi/lib/thumb/v7-m/nofp/libstdc++.a(eh_exception.o)
                0x00000000000034d0                __cxxabiv1::__foreign_exception::~__foreign_exception()
                0x00000000000034d0                __cxxabiv1::__foreign_exception::~__foreign_exception()
 .text._ZN10__cxxabiv119__foreign_exceptionD0Ev
                0x00000000000034d4       0x10 /Applications/ARM/bin/../lib/gcc/arm-none-eabi/10.3.1/../../../../arm-none-eabi/lib/thumb/v7-m/nofp/libstdc++.a(eh_exception.o)
                0x00000000000034d4                __cxxabiv1::__foreign_exception::~__foreign_exception()
 .text._ZGTtNKSt9exceptionD1Ev
                0x00000000000034e4        0x4 /Applications/ARM/bin/../lib/gcc/arm-none-eabi/10.3.1/../../../../arm-none-eabi/lib/thumb/v7-m/nofp/libstdc++.a(eh_exception.o)
                0x00000000000034e4                transaction clone for std::exception::~exception() const
 .text._ZGTtNKSt13bad_exceptionD1Ev
                0x00000000000034e8        0x4 /Applications/ARM/bin/../lib/gcc/arm-none-eabi/10.3.1/../../../../arm-none-eabi/lib/thumb/v7-m/nofp/libstdc++.a(eh_exception.o)
                0x00000000000034e8                transaction clone for std::bad_exception::~bad_exception() const
 .text          0x00000000000034ec        0x0 /Applications/ARM/bin/../lib/gcc/arm-none-eabi/10.3.1/../../../../arm-none-eabi/lib/thumb/v7-m/nofp/libstdc++.a(eh_terminate.o)
 .text._ZN10__cxxabiv111__terminateEPFvvE
                0x00000000000034ec       0x28 /Applications/ARM/bin/../lib/gcc/arm-none-eabi/10.3.1/../../../../arm-none-eabi/lib/thumb/v7-m/nofp/libstdc++.a(eh_terminate.o)
                0x00000000000034ec                __cxxabiv1::__terminate(void (*)())
 .text._ZSt9terminatev
                0x0000000000003514       0x14 /Applications/ARM/bin/../lib/gcc/arm-none-eabi/10.3.1/../../../../arm-none-eabi/lib/thumb/v7-m/nofp/libstdc++.a(eh_terminate.o)
                0x0000000000003514                std::terminate()
 .text._ZN10__cxxabiv112__unexpectedEPFvvE
                0x0000000000003528        0x8 /Applications/ARM/bin/../lib/gcc/arm-none-eabi/10.3.1/../../../../arm-none-eabi/lib/thumb/v7-m/nofp/libstdc++.a(eh_terminate.o)
                0x0000000000003528                __cxxabiv1::__unexpected(void (*)())
 .text._ZSt10unexpectedv
                0x0000000000003530       0x14 /Applications/ARM/bin/../lib/gcc/arm-none-eabi/10.3.1/../../../../arm-none-eabi/lib/thumb/v7-m/nofp/libstdc++.a(eh_terminate.o)
                0x0000000000003530                std::unexpected()
 .text._ZSt13set_terminatePFvvE
                0x0000000000003544       0x28 /Applications/ARM/bin/../lib/gcc/arm-none-eabi/10.3.1/../../../../arm-none-eabi/lib/thumb/v7-m/nofp/libstdc++.a(eh_terminate.o)
                0x0000000000003544                std::set_terminate(void (*)())
 .text._ZSt13get_terminatev
                0x000000000000356c       0x10 /Applications/ARM/bin/../lib/gcc/arm-none-eabi/10.3.1/../../../../arm-none-eabi/lib/thumb/v7-m/nofp/libstdc++.a(eh_terminate.o)
                0x000000000000356c                std::get_terminate()
 .text._ZSt14set_unexpectedPFvvE
                0x000000000000357c       0x28 /Applications/ARM/bin/../lib/gcc/arm-none-eabi/10.3.1/../../../../arm-none-eabi/lib/thumb/v7-m/nofp/libstdc++.a(eh_terminate.o)
                0x000000000000357c                std::set_unexpected(void (*)())
 .text._ZSt14get_unexpectedv
                0x00000000000035a4       0x10 /Applications/ARM/bin/../lib/gcc/arm-none-eabi/10.3.1/../../../../arm-none-eabi/lib/thumb/v7-m/nofp/libstdc++.a(eh_terminate.o)
                0x00000000000035a4                std::get_unexpected()
 .text          0x00000000000035b4        0x0 /Applications/ARM/bin/../lib/gcc/arm-none-eabi/10.3.1/../../../../arm-none-eabi/lib/thumb/v7-m/nofp/libstdc++.a(eh_throw.o)
 .text._ZL23__gxx_exception_cleanup19_Unwind_Reason_CodeP21_Unwind_Control_Block
                0x00000000000035b4       0x44 /Applications/ARM/bin/../lib/gcc/arm-none-eabi/10.3.1/../../../../arm-none-eabi/lib/thumb/v7-m/nofp/libstdc++.a(eh_throw.o)
 .text.__cxa_init_primary_exception
                0x00000000000035f8       0x58 /Applications/ARM/bin/../lib/gcc/arm-none-eabi/10.3.1/../../../../arm-none-eabi/lib/thumb/v7-m/nofp/libstdc++.a(eh_throw.o)
                0x00000000000035f8                __cxa_init_primary_exception
 .text.__cxa_throw
                0x0000000000003650       0x38 /Applications/ARM/bin/../lib/gcc/arm-none-eabi/10.3.1/../../../../arm-none-eabi/lib/thumb/v7-m/nofp/libstdc++.a(eh_throw.o)
                0x0000000000003650                __cxa_throw
 .text.__cxa_rethrow
                0x0000000000003688       0x70 /Applications/ARM/bin/../lib/gcc/arm-none-eabi/10.3.1/../../../../arm-none-eabi/lib/thumb/v7-m/nofp/libstdc++.a(eh_throw.o)
                0x0000000000003688                __cxa_rethrow
 .text          0x00000000000036f8        0x0 /Applications/ARM/bin/../lib/gcc/arm-none-eabi/10.3.1/../../../../arm-none-eabi/lib/thumb/v7-m/nofp/libstdc++.a(eh_unex_handler.o)
 .text          0x00000000000036f8        0x0 /Applications/ARM/bin/../lib/gcc/arm-none-eabi/10.3.1/../../../../arm-none-eabi/lib/thumb/v7-m/nofp/libstdc++.a(new_handler.o)
 .text._ZSt15set_new_handlerPFvvE
                0x00000000000036f8       0x20 /Applications/ARM/bin/../lib/gcc/arm-none-eabi/10.3.1/../../../../arm-none-eabi/lib/thumb/v7-m/nofp/libstdc++.a(new_handler.o)
                0x00000000000036f8                std::set_new_handler(void (*)())
 .text._ZSt15get_new_handlerv
                0x0000000000003718       0x10 /Applications/ARM/bin/../lib/gcc/arm-none-eabi/10.3.1/../../../../arm-none-eabi/lib/thumb/v7-m/nofp/libstdc++.a(new_handler.o)
                0x0000000000003718                std::get_new_handler()
 .text          0x0000000000003728        0x0 /Applications/ARM/bin/../lib/gcc/arm-none-eabi/10.3.1/../../../../arm-none-eabi/lib/thumb/v7-m/nofp/libstdc++.a(pure.o)
 .text.__cxa_pure_virtual
                0x0000000000003728       0x14 /Applications/ARM/bin/../lib/gcc/arm-none-eabi/10.3.1/../../../../arm-none-eabi/lib/thumb/v7-m/nofp/libstdc++.a(pure.o)
                0x0000000000003728                __cxa_pure_virtual
 .text.__cxa_deleted_virtual
                0x000000000000373c       0x14 /Applications/ARM/bin/../lib/gcc/arm-none-eabi/10.3.1/../../../../arm-none-eabi/lib/thumb/v7-m/nofp/libstdc++.a(pure.o)
                0x000000000000373c                __cxa_deleted_virtual
 .text          0x0000000000003750        0x0 /Applications/ARM/bin/../lib/gcc/arm-none-eabi/10.3.1/../../../../arm-none-eabi/lib/thumb/v7-m/nofp/libstdc++.a(vterminate.o)
 .text._ZN9__gnu_cxx27__verbose_terminate_handlerEv
                0x0000000000003750      0x10c /Applications/ARM/bin/../lib/gcc/arm-none-eabi/10.3.1/../../../../arm-none-eabi/lib/thumb/v7-m/nofp/libstdc++.a(vterminate.o)
                0x0000000000003750                __gnu_cxx::__verbose_terminate_handler()
 .text          0x000000000000385c     0x5fd8 /Applications/ARM/bin/../lib/gcc/arm-none-eabi/10.3.1/../../../../arm-none-eabi/lib/thumb/v7-m/nofp/libstdc++.a(cp-demangle.o)
                0x000000000000974c                __cxa_demangle
                0x0000000000009810                __gcclibcxx_demangle_callback
 .text          0x0000000000009834        0x0 /Applications/ARM/bin/../lib/gcc/arm-none-eabi/10.3.1/../../../../arm-none-eabi/lib/thumb/v7-m/nofp/libstdc++.a(eh_arm.o)
 .text.__cxa_end_cleanup
                0x0000000000009834        0xc /Applications/ARM/bin/../lib/gcc/arm-none-eabi/10.3.1/../../../../arm-none-eabi/lib/thumb/v7-m/nofp/libstdc++.a(eh_arm.o)
                0x0000000000009834                __cxa_end_cleanup
 .text.__cxa_type_match
                0x0000000000009840       0xb4 /Applications/ARM/bin/../lib/gcc/arm-none-eabi/10.3.1/../../../../arm-none-eabi/lib/thumb/v7-m/nofp/libstdc++.a(eh_arm.o)
                0x0000000000009840                __cxa_type_match
 .text.__cxa_begin_cleanup
                0x00000000000098f4       0x64 /Applications/ARM/bin/../lib/gcc/arm-none-eabi/10.3.1/../../../../arm-none-eabi/lib/thumb/v7-m/nofp/libstdc++.a(eh_arm.o)
                0x00000000000098f4                __cxa_begin_cleanup
 .text.__gnu_end_cleanup
                0x0000000000009958       0x70 /Applications/ARM/bin/../lib/gcc/arm-none-eabi/10.3.1/../../../../arm-none-eabi/lib/thumb/v7-m/nofp/libstdc++.a(eh_arm.o)
                0x0000000000009958                __gnu_end_cleanup
 .text          0x00000000000099c8        0x0 /Applications/ARM/bin/../lib/gcc/arm-none-eabi/10.3.1/../../../../arm-none-eabi/lib/thumb/v7-m/nofp/libstdc++.a(eh_call.o)
 .text._ZN10__cxxabiv1L24__is_gxx_exception_classEPc
                0x00000000000099c8       0x3c /Applications/ARM/bin/../lib/gcc/arm-none-eabi/10.3.1/../../../../arm-none-eabi/lib/thumb/v7-m/nofp/libstdc++.a(eh_call.o)
 .text.__cxa_call_terminate
                0x0000000000009a04       0x20 /Applications/ARM/bin/../lib/gcc/arm-none-eabi/10.3.1/../../../../arm-none-eabi/lib/thumb/v7-m/nofp/libstdc++.a(eh_call.o)
                0x0000000000009a04                __cxa_call_terminate
 .text.unlikely.__cxa_call_unexpected
                0x0000000000009a24       0xe8 /Applications/ARM/bin/../lib/gcc/arm-none-eabi/10.3.1/../../../../arm-none-eabi/lib/thumb/v7-m/nofp/libstdc++.a(eh_call.o)
                0x0000000000009a24                __cxa_call_unexpected
 .text          0x0000000000009b0c        0x0 /Applications/ARM/bin/../lib/gcc/arm-none-eabi/10.3.1/../../../../arm-none-eabi/lib/thumb/v7-m/nofp/libstdc++.a(eh_catch.o)
 .text.__cxa_get_exception_ptr
                0x0000000000009b0c        0x4 /Applications/ARM/bin/../lib/gcc/arm-none-eabi/10.3.1/../../../../arm-none-eabi/lib/thumb/v7-m/nofp/libstdc++.a(eh_catch.o)
                0x0000000000009b0c                __cxa_get_exception_ptr
 .text.__cxa_begin_catch
                0x0000000000009b10       0x80 /Applications/ARM/bin/../lib/gcc/arm-none-eabi/10.3.1/../../../../arm-none-eabi/lib/thumb/v7-m/nofp/libstdc++.a(eh_catch.o)
                0x0000000000009b10                __cxa_begin_catch
 .text.__cxa_end_catch
                0x0000000000009b90       0x88 /Applications/ARM/bin/../lib/gcc/arm-none-eabi/10.3.1/../../../../arm-none-eabi/lib/thumb/v7-m/nofp/libstdc++.a(eh_catch.o)
                0x0000000000009b90                __cxa_end_catch
 .text._ZSt18uncaught_exceptionv
                0x0000000000009c18       0x10 /Applications/ARM/bin/../lib/gcc/arm-none-eabi/10.3.1/../../../../arm-none-eabi/lib/thumb/v7-m/nofp/libstdc++.a(eh_catch.o)
                0x0000000000009c18                std::uncaught_exception()
 .text._ZSt19uncaught_exceptionsv
                0x0000000000009c28        0xc /Applications/ARM/bin/../lib/gcc/arm-none-eabi/10.3.1/../../../../arm-none-eabi/lib/thumb/v7-m/nofp/libstdc++.a(eh_catch.o)
                0x0000000000009c28                std::uncaught_exceptions()
 .text          0x0000000000009c34        0x0 /Applications/ARM/bin/../lib/gcc/arm-none-eabi/10.3.1/../../../../arm-none-eabi/lib/thumb/v7-m/nofp/libstdc++.a(eh_globals.o)
 .text.__cxa_get_globals_fast
                0x0000000000009c34        0x8 /Applications/ARM/bin/../lib/gcc/arm-none-eabi/10.3.1/../../../../arm-none-eabi/lib/thumb/v7-m/nofp/libstdc++.a(eh_globals.o)
                0x0000000000009c34                __cxa_get_globals_fast
 .text.__cxa_get_globals
                0x0000000000009c3c        0x8 /Applications/ARM/bin/../lib/gcc/arm-none-eabi/10.3.1/../../../../arm-none-eabi/lib/thumb/v7-m/nofp/libstdc++.a(eh_globals.o)
                0x0000000000009c3c                __cxa_get_globals
 .text          0x0000000000009c44        0x0 /Applications/ARM/bin/../lib/gcc/arm-none-eabi/10.3.1/../../../../arm-none-eabi/lib/thumb/v7-m/nofp/libstdc++.a(eh_personality.o)
 .text._ZL28read_encoded_value_with_basehjPKhPj
                0x0000000000009c44       0xc0 /Applications/ARM/bin/../lib/gcc/arm-none-eabi/10.3.1/../../../../arm-none-eabi/lib/thumb/v7-m/nofp/libstdc++.a(eh_personality.o)
 .text._ZL21base_of_encoded_valuehP15_Unwind_Context
                0x0000000000009d04       0x48 /Applications/ARM/bin/../lib/gcc/arm-none-eabi/10.3.1/../../../../arm-none-eabi/lib/thumb/v7-m/nofp/libstdc++.a(eh_personality.o)
 .text._ZL17parse_lsda_headerP15_Unwind_ContextPKhP16lsda_header_info
                0x0000000000009d4c       0x94 /Applications/ARM/bin/../lib/gcc/arm-none-eabi/10.3.1/../../../../arm-none-eabi/lib/thumb/v7-m/nofp/libstdc++.a(eh_personality.o)
 .text.__gxx_personality_v0
                0x0000000000009de0      0x4a4 /Applications/ARM/bin/../lib/gcc/arm-none-eabi/10.3.1/../../../../arm-none-eabi/lib/thumb/v7-m/nofp/libstdc++.a(eh_personality.o)
                0x0000000000009de0                __gxx_personality_v0
 .text          0x000000000000a284        0x0 /Applications/ARM/bin/../lib/gcc/arm-none-eabi/10.3.1/../../../../arm-none-eabi/lib/thumb/v7-m/nofp/libstdc++.a(eh_term_handler.o)
 .text          0x000000000000a284        0x0 /Applications/ARM/bin/../lib/gcc/arm-none-eabi/10.3.1/../../../../arm-none-eabi/lib/thumb/v7-m/nofp/libstdc++.a(eh_type.o)
 .text.__cxa_current_exception_type
                0x000000000000a284       0x1c /Applications/ARM/bin/../lib/gcc/arm-none-eabi/10.3.1/../../../../arm-none-eabi/lib/thumb/v7-m/nofp/libstdc++.a(eh_type.o)
                0x000000000000a284                __cxa_current_exception_type
 .text          0x000000000000a2a0        0x0 /Applications/ARM/bin/../lib/gcc/arm-none-eabi/10.3.1/../../../../arm-none-eabi/lib/thumb/v7-m/nofp/libm.a(lib_a-sf_ceil.o)
 .text.ceilf    0x000000000000a2a0       0x7c /Applications/ARM/bin/../lib/gcc/arm-none-eabi/10.3.1/../../../../arm-none-eabi/lib/thumb/v7-m/nofp/libm.a(lib_a-sf_ceil.o)
                0x000000000000a2a0                ceilf
 .text          0x000000000000a31c        0x0 /Applications/ARM/bin/../lib/gcc/arm-none-eabi/10.3.1/../../../../arm-none-eabi/lib/thumb/v7-m/nofp/libm.a(lib_a-sf_floor.o)
 .text.floorf   0x000000000000a31c       0x80 /Applications/ARM/bin/../lib/gcc/arm-none-eabi/10.3.1/../../../../arm-none-eabi/lib/thumb/v7-m/nofp/libm.a(lib_a-sf_floor.o)
                0x000000000000a31c                floorf
 .text          0x000000000000a39c        0x0 /Applications/ARM/bin/../lib/gcc/arm-none-eabi/10.3.1/../../../../arm-none-eabi/lib/thumb/v7-m/nofp/libm.a(lib_a-sf_round.o)
 .text.roundf   0x000000000000a39c       0x48 /Applications/ARM/bin/../lib/gcc/arm-none-eabi/10.3.1/../../../../arm-none-eabi/lib/thumb/v7-m/nofp/libm.a(lib_a-sf_round.o)
                0x000000000000a39c                roundf
 .text          0x000000000000a3e4      0x168 /Applications/ARM/bin/../lib/gcc/arm-none-eabi/10.3.1/thumb/v7-m/nofp/libgcc.a(_arm_mulsf3.o)
 .text          0x000000000000a54c       0x2c /Applications/ARM/bin/../lib/gcc/arm-none-eabi/10.3.1/thumb/v7-m/nofp/libgcc.a(_arm_unorddf2.o)
                0x000000000000a54c                __aeabi_dcmpun
                0x000000000000a54c                __unorddf2
 .text          0x000000000000a578      0x21c /Applications/ARM/bin/../lib/gcc/arm-none-eabi/10.3.1/thumb/v7-m/nofp/libgcc.a(_arm_addsubsf3.o)
                0x000000000000a578                __aeabi_frsub
                0x000000000000a580                __aeabi_fsub
                0x000000000000a580                __subsf3
                0x000000000000a584                __aeabi_fadd
                0x000000000000a584                __addsf3
                0x000000000000a6e4                __aeabi_ui2f
                0x000000000000a6e4                __floatunsisf
                0x000000000000a6ec                __floatsisf
                0x000000000000a6ec                __aeabi_i2f
                0x000000000000a708                __aeabi_ul2f
                0x000000000000a708                __floatundisf
                0x000000000000a718                __aeabi_l2f
                0x000000000000a718                __floatdisf
 .text          0x000000000000a794      0x2a0 /Applications/ARM/bin/../lib/gcc/arm-none-eabi/10.3.1/thumb/v7-m/nofp/libgcc.a(_arm_muldivsf3.o)
                0x000000000000a794                __mulsf3
                0x000000000000a794                __aeabi_fmul
                0x000000000000a8fc                __divsf3
                0x000000000000a8fc                __aeabi_fdiv
 .text          0x000000000000aa34       0xec /Applications/ARM/bin/../lib/gcc/arm-none-eabi/10.3.1/thumb/v7-m/nofp/libgcc.a(_arm_cmpsf2.o)
                0x000000000000aa34                __gesf2
                0x000000000000aa34                __gtsf2
                0x000000000000aa3c                __ltsf2
                0x000000000000aa3c                __lesf2
                0x000000000000aa44                __nesf2
                0x000000000000aa44                __eqsf2
                0x000000000000aa44                __cmpsf2
                0x000000000000aaa4                __aeabi_cfrcmple
                0x000000000000aaac                __aeabi_cfcmpeq
                0x000000000000aaac                __aeabi_cfcmple
                0x000000000000aabc                __aeabi_fcmpeq
                0x000000000000aad0                __aeabi_fcmplt
                0x000000000000aae4                __aeabi_fcmple
                0x000000000000aaf8                __aeabi_fcmpge
                0x000000000000ab0c                __aeabi_fcmpgt
 .text          0x000000000000ab20       0x2c /Applications/ARM/bin/../lib/gcc/arm-none-eabi/10.3.1/thumb/v7-m/nofp/libgcc.a(_arm_unordsf2.o)
                0x000000000000ab20                __aeabi_fcmpun
                0x000000000000ab20                __unordsf2
 .text          0x000000000000ab4c       0x4c /Applications/ARM/bin/../lib/gcc/arm-none-eabi/10.3.1/thumb/v7-m/nofp/libgcc.a(_arm_fixsfsi.o)
                0x000000000000ab4c                __fixsfsi
                0x000000000000ab4c                __aeabi_f2iz
 .text          0x000000000000ab98      0x9e4 /Applications/ARM/bin/../lib/gcc/arm-none-eabi/10.3.1/thumb/v7-m/nofp/libgcc.a(unwind-arm.o)
                0x000000000000ae58                _Unwind_GetCFA
                0x000000000000ae5c                __gnu_Unwind_RaiseException
                0x000000000000aec4                __gnu_Unwind_ForcedUnwind
                0x000000000000aed8                __gnu_Unwind_Resume
                0x000000000000af1c                __gnu_Unwind_Resume_or_Rethrow
                0x000000000000af30                _Unwind_Complete
                0x000000000000af34                _Unwind_DeleteException
                0x000000000000af40                _Unwind_VRS_Get
                0x000000000000af8c                _Unwind_VRS_Set
                0x000000000000afd4                __gnu_Unwind_Backtrace
                0x000000000000b2fc                __aeabi_unwind_cpp_pr0
                0x000000000000b300                __aeabi_unwind_cpp_pr1
                0x000000000000b304                __aeabi_unwind_cpp_pr2
                0x000000000000b308                _Unwind_VRS_Pop
 .text          0x000000000000b57c      0x1ac /Applications/ARM/bin/../lib/gcc/arm-none-eabi/10.3.1/thumb/v7-m/nofp/libgcc.a(libunwind.o)
                0x000000000000b57c                __restore_core_regs
                0x000000000000b57c                restore_core_regs
                0x000000000000b594                __gnu_Unwind_Restore_VFP
                0x000000000000b59c                __gnu_Unwind_Save_VFP
                0x000000000000b5a4                __gnu_Unwind_Restore_VFP_D
                0x000000000000b5ac                __gnu_Unwind_Save_VFP_D
                0x000000000000b5b4                __gnu_Unwind_Restore_VFP_D_16_to_31
                0x000000000000b5bc                __gnu_Unwind_Save_VFP_D_16_to_31
                0x000000000000b5c4                __gnu_Unwind_Restore_WMMXD
                0x000000000000b608                __gnu_Unwind_Save_WMMXD
                0x000000000000b64c                __gnu_Unwind_Restore_WMMXC
                0x000000000000b660                __gnu_Unwind_Save_WMMXC
                0x000000000000b674                _Unwind_RaiseException
                0x000000000000b674                ___Unwind_RaiseException
                0x000000000000b698                ___Unwind_Resume
                0x000000000000b698                _Unwind_Resume
                0x000000000000b6bc                ___Unwind_Resume_or_Rethrow
                0x000000000000b6bc                _Unwind_Resume_or_Rethrow
                0x000000000000b6e0                _Unwind_ForcedUnwind
                0x000000000000b6e0                ___Unwind_ForcedUnwind
                0x000000000000b704                _Unwind_Backtrace
                0x000000000000b704                ___Unwind_Backtrace
 .text          0x000000000000b728      0x38c /Applications/ARM/bin/../lib/gcc/arm-none-eabi/10.3.1/thumb/v7-m/nofp/libgcc.a(pr-support.o)
                0x000000000000b780                __gnu_unwind_execute
                0x000000000000ba64                __gnu_unwind_frame
                0x000000000000ba94                _Unwind_GetRegionStart
                0x000000000000baa0                _Unwind_GetLanguageSpecificData
 .text.unlikely
                0x000000000000bab4        0xc /Applications/ARM/bin/../lib/gcc/arm-none-eabi/10.3.1/thumb/v7-m/nofp/libgcc.a(pr-support.o)
                0x000000000000bab4                _Unwind_GetDataRelBase
                0x000000000000baba                _Unwind_GetTextRelBase
 .text          0x000000000000bac0        0x0 /Applications/ARM/bin/../lib/gcc/arm-none-eabi/10.3.1/../../../../arm-none-eabi/lib/thumb/v7-m/nofp/libg.a(lib_a-abort.o)
 .text.abort    0x000000000000bac0       0x10 /Applications/ARM/bin/../lib/gcc/arm-none-eabi/10.3.1/../../../../arm-none-eabi/lib/thumb/v7-m/nofp/libg.a(lib_a-abort.o)
                0x000000000000bac0                abort
 .text          0x000000000000bad0        0x0 /Applications/ARM/bin/../lib/gcc/arm-none-eabi/10.3.1/../../../../arm-none-eabi/lib/thumb/v7-m/nofp/libg.a(lib_a-assert.o)
 .text.__assert_func
                0x000000000000bad0       0x40 /Applications/ARM/bin/../lib/gcc/arm-none-eabi/10.3.1/../../../../arm-none-eabi/lib/thumb/v7-m/nofp/libg.a(lib_a-assert.o)
                0x000000000000bad0                __assert_func
 .text.__assert
                0x000000000000bb10        0xc /Applications/ARM/bin/../lib/gcc/arm-none-eabi/10.3.1/../../../../arm-none-eabi/lib/thumb/v7-m/nofp/libg.a(lib_a-assert.o)
                0x000000000000bb10                __assert
 .text          0x000000000000bb1c        0x0 /Applications/ARM/bin/../lib/gcc/arm-none-eabi/10.3.1/../../../../arm-none-eabi/lib/thumb/v7-m/nofp/libg.a(lib_a-exit.o)
 .text.exit     0x000000000000bb1c       0x20 /Applications/ARM/bin/../lib/gcc/arm-none-eabi/10.3.1/../../../../arm-none-eabi/lib/thumb/v7-m/nofp/libg.a(lib_a-exit.o)
                0x000000000000bb1c                exit
 .text          0x000000000000bb3c        0x0 /Applications/ARM/bin/../lib/gcc/arm-none-eabi/10.3.1/../../../../arm-none-eabi/lib/thumb/v7-m/nofp/libg.a(lib_a-fiprintf.o)
 .text._fiprintf_r
                0x000000000000bb3c       0x1c /Applications/ARM/bin/../lib/gcc/arm-none-eabi/10.3.1/../../../../arm-none-eabi/lib/thumb/v7-m/nofp/libg.a(lib_a-fiprintf.o)
                0x000000000000bb3c                _fiprintf_r
 .text.fiprintf
                0x000000000000bb58       0x28 /Applications/ARM/bin/../lib/gcc/arm-none-eabi/10.3.1/../../../../arm-none-eabi/lib/thumb/v7-m/nofp/libg.a(lib_a-fiprintf.o)
                0x000000000000bb58                fiprintf
 .text          0x000000000000bb80        0x0 /Applications/ARM/bin/../lib/gcc/arm-none-eabi/10.3.1/../../../../arm-none-eabi/lib/thumb/v7-m/nofp/libg.a(lib_a-fputc.o)
 .text._fputc_r
                0x000000000000bb80       0x50 /Applications/ARM/bin/../lib/gcc/arm-none-eabi/10.3.1/../../../../arm-none-eabi/lib/thumb/v7-m/nofp/libg.a(lib_a-fputc.o)
                0x000000000000bb80                _fputc_r
 .text.fputc    0x000000000000bbd0       0x58 /Applications/ARM/bin/../lib/gcc/arm-none-eabi/10.3.1/../../../../arm-none-eabi/lib/thumb/v7-m/nofp/libg.a(lib_a-fputc.o)
                0x000000000000bbd0                fputc
 .text          0x000000000000bc28        0x0 /Applications/ARM/bin/../lib/gcc/arm-none-eabi/10.3.1/../../../../arm-none-eabi/lib/thumb/v7-m/nofp/libg.a(lib_a-fputs.o)
 .text._fputs_r
                0x000000000000bc28       0x88 /Applications/ARM/bin/../lib/gcc/arm-none-eabi/10.3.1/../../../../arm-none-eabi/lib/thumb/v7-m/nofp/libg.a(lib_a-fputs.o)
                0x000000000000bc28                _fputs_r
 .text.fputs    0x000000000000bcb0       0x14 /Applications/ARM/bin/../lib/gcc/arm-none-eabi/10.3.1/../../../../arm-none-eabi/lib/thumb/v7-m/nofp/libg.a(lib_a-fputs.o)
                0x000000000000bcb0                fputs
 .text          0x000000000000bcc4        0x0 /Applications/ARM/bin/../lib/gcc/arm-none-eabi/10.3.1/../../../../arm-none-eabi/lib/thumb/v7-m/nofp/libg.a(lib_a-fvwrite.o)
 .text.__sfvwrite_r
                0x000000000000bcc4      0x2f0 /Applications/ARM/bin/../lib/gcc/arm-none-eabi/10.3.1/../../../../arm-none-eabi/lib/thumb/v7-m/nofp/libg.a(lib_a-fvwrite.o)
                0x000000000000bcc4                __sfvwrite_r
 .text          0x000000000000bfb4        0x0 /Applications/ARM/bin/../lib/gcc/arm-none-eabi/10.3.1/../../../../arm-none-eabi/lib/thumb/v7-m/nofp/libg.a(lib_a-fwrite.o)
 .text._fwrite_r
                0x000000000000bfb4       0xa8 /Applications/ARM/bin/../lib/gcc/arm-none-eabi/10.3.1/../../../../arm-none-eabi/lib/thumb/v7-m/nofp/libg.a(lib_a-fwrite.o)
                0x000000000000bfb4                _fwrite_r
 .text.fwrite   0x000000000000c05c       0x24 /Applications/ARM/bin/../lib/gcc/arm-none-eabi/10.3.1/../../../../arm-none-eabi/lib/thumb/v7-m/nofp/libg.a(lib_a-fwrite.o)
                0x000000000000c05c                fwrite
 .text          0x000000000000c080        0x0 /Applications/ARM/bin/../lib/gcc/arm-none-eabi/10.3.1/../../../../arm-none-eabi/lib/thumb/v7-m/nofp/libg.a(lib_a-impure.o)
 .text          0x000000000000c080        0x0 /Applications/ARM/bin/../lib/gcc/arm-none-eabi/10.3.1/../../../../arm-none-eabi/lib/thumb/v7-m/nofp/libg.a(lib_a-init.o)
 .text.__libc_init_array
                0x000000000000c080       0x48 /Applications/ARM/bin/../lib/gcc/arm-none-eabi/10.3.1/../../../../arm-none-eabi/lib/thumb/v7-m/nofp/libg.a(lib_a-init.o)
                0x000000000000c080                __libc_init_array
 .text          0x000000000000c0c8        0x0 /Applications/ARM/bin/../lib/gcc/arm-none-eabi/10.3.1/../../../../arm-none-eabi/lib/thumb/v7-m/nofp/libg.a(lib_a-iprintf.o)
 .text.iprintf  0x000000000000c0c8       0x28 /Applications/ARM/bin/../lib/gcc/arm-none-eabi/10.3.1/../../../../arm-none-eabi/lib/thumb/v7-m/nofp/libg.a(lib_a-iprintf.o)
                0x000000000000c0c8                iprintf
 .text._iprintf_r
                0x000000000000c0f0       0x20 /Applications/ARM/bin/../lib/gcc/arm-none-eabi/10.3.1/../../../../arm-none-eabi/lib/thumb/v7-m/nofp/libg.a(lib_a-iprintf.o)
                0x000000000000c0f0                _iprintf_r
 .text          0x000000000000c110        0x0 /Applications/ARM/bin/../lib/gcc/arm-none-eabi/10.3.1/../../../../arm-none-eabi/lib/thumb/v7-m/nofp/libg.a(lib_a-lock.o)
 .text.__retarget_lock_init
                0x000000000000c110        0x4 /Applications/ARM/bin/../lib/gcc/arm-none-eabi/10.3.1/../../../../arm-none-eabi/lib/thumb/v7-m/nofp/libg.a(lib_a-lock.o)
                0x000000000000c110                __retarget_lock_init
 .text.__retarget_lock_init_recursive
                0x000000000000c114        0x4 /Applications/ARM/bin/../lib/gcc/arm-none-eabi/10.3.1/../../../../arm-none-eabi/lib/thumb/v7-m/nofp/libg.a(lib_a-lock.o)
                0x000000000000c114                __retarget_lock_init_recursive
 .text.__retarget_lock_close
                0x000000000000c118        0x4 /Applications/ARM/bin/../lib/gcc/arm-none-eabi/10.3.1/../../../../arm-none-eabi/lib/thumb/v7-m/nofp/libg.a(lib_a-lock.o)
                0x000000000000c118                __retarget_lock_close
 .text.__retarget_lock_close_recursive
                0x000000000000c11c        0x4 /Applications/ARM/bin/../lib/gcc/arm-none-eabi/10.3.1/../../../../arm-none-eabi/lib/thumb/v7-m/nofp/libg.a(lib_a-lock.o)
                0x000000000000c11c                __retarget_lock_close_recursive
 .text.__retarget_lock_acquire
                0x000000000000c120        0x4 /Applications/ARM/bin/../lib/gcc/arm-none-eabi/10.3.1/../../../../arm-none-eabi/lib/thumb/v7-m/nofp/libg.a(lib_a-lock.o)
                0x000000000000c120                __retarget_lock_acquire
 .text.__retarget_lock_acquire_recursive
                0x000000000000c124        0x4 /Applications/ARM/bin/../lib/gcc/arm-none-eabi/10.3.1/../../../../arm-none-eabi/lib/thumb/v7-m/nofp/libg.a(lib_a-lock.o)
                0x000000000000c124                __retarget_lock_acquire_recursive
 .text.__retarget_lock_try_acquire
                0x000000000000c128        0x4 /Applications/ARM/bin/../lib/gcc/arm-none-eabi/10.3.1/../../../../arm-none-eabi/lib/thumb/v7-m/nofp/libg.a(lib_a-lock.o)
                0x000000000000c128                __retarget_lock_try_acquire
 .text.__retarget_lock_try_acquire_recursive
                0x000000000000c12c        0x4 /Applications/ARM/bin/../lib/gcc/arm-none-eabi/10.3.1/../../../../arm-none-eabi/lib/thumb/v7-m/nofp/libg.a(lib_a-lock.o)
                0x000000000000c12c                __retarget_lock_try_acquire_recursive
 .text.__retarget_lock_release
                0x000000000000c130        0x4 /Applications/ARM/bin/../lib/gcc/arm-none-eabi/10.3.1/../../../../arm-none-eabi/lib/thumb/v7-m/nofp/libg.a(lib_a-lock.o)
                0x000000000000c130                __retarget_lock_release
 .text.__retarget_lock_release_recursive
                0x000000000000c134        0x4 /Applications/ARM/bin/../lib/gcc/arm-none-eabi/10.3.1/../../../../arm-none-eabi/lib/thumb/v7-m/nofp/libg.a(lib_a-lock.o)
                0x000000000000c134                __retarget_lock_release_recursive
 .text          0x000000000000c138        0x0 /Applications/ARM/bin/../lib/gcc/arm-none-eabi/10.3.1/../../../../arm-none-eabi/lib/thumb/v7-m/nofp/libg.a(lib_a-malloc.o)
 .text.malloc   0x000000000000c138       0x10 /Applications/ARM/bin/../lib/gcc/arm-none-eabi/10.3.1/../../../../arm-none-eabi/lib/thumb/v7-m/nofp/libg.a(lib_a-malloc.o)
                0x000000000000c138                malloc
 .text.free     0x000000000000c148       0x10 /Applications/ARM/bin/../lib/gcc/arm-none-eabi/10.3.1/../../../../arm-none-eabi/lib/thumb/v7-m/nofp/libg.a(lib_a-malloc.o)
                0x000000000000c148                free
 .text          0x000000000000c158        0x0 /Applications/ARM/bin/../lib/gcc/arm-none-eabi/10.3.1/../../../../arm-none-eabi/lib/thumb/v7-m/nofp/libg.a(lib_a-mallocr.o)
 .text._malloc_r
                0x000000000000c158      0x558 /Applications/ARM/bin/../lib/gcc/arm-none-eabi/10.3.1/../../../../arm-none-eabi/lib/thumb/v7-m/nofp/libg.a(lib_a-mallocr.o)
                0x000000000000c158                _malloc_r
 .text          0x000000000000c6b0        0x0 /Applications/ARM/bin/../lib/gcc/arm-none-eabi/10.3.1/../../../../arm-none-eabi/lib/thumb/v7-m/nofp/libg.a(lib_a-memchr-stub.o)
 .text.memchr   0x000000000000c6b0       0x90 /Applications/ARM/bin/../lib/gcc/arm-none-eabi/10.3.1/../../../../arm-none-eabi/lib/thumb/v7-m/nofp/libg.a(lib_a-memchr-stub.o)
                0x000000000000c6b0                memchr
 .text          0x000000000000c740        0x0 /Applications/ARM/bin/../lib/gcc/arm-none-eabi/10.3.1/../../../../arm-none-eabi/lib/thumb/v7-m/nofp/libg.a(lib_a-memcmp.o)
 .text.memcmp   0x000000000000c740       0x68 /Applications/ARM/bin/../lib/gcc/arm-none-eabi/10.3.1/../../../../arm-none-eabi/lib/thumb/v7-m/nofp/libg.a(lib_a-memcmp.o)
                0x000000000000c740                memcmp
 .text          0x000000000000c7a8       0xec /Applications/ARM/bin/../lib/gcc/arm-none-eabi/10.3.1/../../../../arm-none-eabi/lib/thumb/v7-m/nofp/libg.a(lib_a-memcpy.o)
                0x000000000000c7a8                memcpy
 .text          0x000000000000c894        0x0 /Applications/ARM/bin/../lib/gcc/arm-none-eabi/10.3.1/../../../../arm-none-eabi/lib/thumb/v7-m/nofp/libg.a(lib_a-memmove.o)
 .text.memmove  0x000000000000c894       0xf8 /Applications/ARM/bin/../lib/gcc/arm-none-eabi/10.3.1/../../../../arm-none-eabi/lib/thumb/v7-m/nofp/libg.a(lib_a-memmove.o)
                0x000000000000c894                memmove
 .text          0x000000000000c98c        0x0 /Applications/ARM/bin/../lib/gcc/arm-none-eabi/10.3.1/../../../../arm-none-eabi/lib/thumb/v7-m/nofp/libg.a(lib_a-memset.o)
 .text.memset   0x000000000000c98c       0xa4 /Applications/ARM/bin/../lib/gcc/arm-none-eabi/10.3.1/../../../../arm-none-eabi/lib/thumb/v7-m/nofp/libg.a(lib_a-memset.o)
                0x000000000000c98c                memset
 .text          0x000000000000ca30        0x0 /Applications/ARM/bin/../lib/gcc/arm-none-eabi/10.3.1/../../../../arm-none-eabi/lib/thumb/v7-m/nofp/libg.a(lib_a-mlock.o)
 .text.__malloc_lock
                0x000000000000ca30        0xc /Applications/ARM/bin/../lib/gcc/arm-none-eabi/10.3.1/../../../../arm-none-eabi/lib/thumb/v7-m/nofp/libg.a(lib_a-mlock.o)
                0x000000000000ca30                __malloc_lock
 .text.__malloc_unlock
                0x000000000000ca3c        0xc /Applications/ARM/bin/../lib/gcc/arm-none-eabi/10.3.1/../../../../arm-none-eabi/lib/thumb/v7-m/nofp/libg.a(lib_a-mlock.o)
                0x000000000000ca3c                __malloc_unlock
 .text          0x000000000000ca48        0x0 /Applications/ARM/bin/../lib/gcc/arm-none-eabi/10.3.1/../../../../arm-none-eabi/lib/thumb/v7-m/nofp/libg.a(lib_a-printf.o)
 .text._printf_r
                0x000000000000ca48       0x20 /Applications/ARM/bin/../lib/gcc/arm-none-eabi/10.3.1/../../../../arm-none-eabi/lib/thumb/v7-m/nofp/libg.a(lib_a-printf.o)
                0x000000000000ca48                _printf_r
 .text.printf   0x000000000000ca68       0x28 /Applications/ARM/bin/../lib/gcc/arm-none-eabi/10.3.1/../../../../arm-none-eabi/lib/thumb/v7-m/nofp/libg.a(lib_a-printf.o)
                0x000000000000ca68                printf
 .text          0x000000000000ca90        0x0 /Applications/ARM/bin/../lib/gcc/arm-none-eabi/10.3.1/../../../../arm-none-eabi/lib/thumb/v7-m/nofp/libg.a(lib_a-putc.o)
 .text._putc_r  0x000000000000ca90       0x74 /Applications/ARM/bin/../lib/gcc/arm-none-eabi/10.3.1/../../../../arm-none-eabi/lib/thumb/v7-m/nofp/libg.a(lib_a-putc.o)
                0x000000000000ca90                _putc_r
 .text.putc     0x000000000000cb04       0x7c /Applications/ARM/bin/../lib/gcc/arm-none-eabi/10.3.1/../../../../arm-none-eabi/lib/thumb/v7-m/nofp/libg.a(lib_a-putc.o)
                0x000000000000cb04                putc
 .text          0x000000000000cb80        0x0 /Applications/ARM/bin/../lib/gcc/arm-none-eabi/10.3.1/../../../../arm-none-eabi/lib/thumb/v7-m/nofp/libg.a(lib_a-puts.o)
 .text._puts_r  0x000000000000cb80       0x9c /Applications/ARM/bin/../lib/gcc/arm-none-eabi/10.3.1/../../../../arm-none-eabi/lib/thumb/v7-m/nofp/libg.a(lib_a-puts.o)
                0x000000000000cb80                _puts_r
 .text.puts     0x000000000000cc1c       0x10 /Applications/ARM/bin/../lib/gcc/arm-none-eabi/10.3.1/../../../../arm-none-eabi/lib/thumb/v7-m/nofp/libg.a(lib_a-puts.o)
                0x000000000000cc1c                puts
 .text          0x000000000000cc2c        0x0 /Applications/ARM/bin/../lib/gcc/arm-none-eabi/10.3.1/../../../../arm-none-eabi/lib/thumb/v7-m/nofp/libg.a(lib_a-realloc.o)
 .text.realloc  0x000000000000cc2c       0x14 /Applications/ARM/bin/../lib/gcc/arm-none-eabi/10.3.1/../../../../arm-none-eabi/lib/thumb/v7-m/nofp/libg.a(lib_a-realloc.o)
                0x000000000000cc2c                realloc
 .text          0x000000000000cc40        0x0 /Applications/ARM/bin/../lib/gcc/arm-none-eabi/10.3.1/../../../../arm-none-eabi/lib/thumb/v7-m/nofp/libg.a(lib_a-reallocr.o)
 .text._realloc_r
                0x000000000000cc40      0x3dc /Applications/ARM/bin/../lib/gcc/arm-none-eabi/10.3.1/../../../../arm-none-eabi/lib/thumb/v7-m/nofp/libg.a(lib_a-reallocr.o)
                0x000000000000cc40                _realloc_r
 .text          0x000000000000d01c        0x0 /Applications/ARM/bin/../lib/gcc/arm-none-eabi/10.3.1/../../../../arm-none-eabi/lib/thumb/v7-m/nofp/libg.a(lib_a-sbrkr.o)
 .text._sbrk_r  0x000000000000d01c       0x24 /Applications/ARM/bin/../lib/gcc/arm-none-eabi/10.3.1/../../../../arm-none-eabi/lib/thumb/v7-m/nofp/libg.a(lib_a-sbrkr.o)
                0x000000000000d01c                _sbrk_r
 .text          0x000000000000d040        0x0 /Applications/ARM/bin/../lib/gcc/arm-none-eabi/10.3.1/../../../../arm-none-eabi/lib/thumb/v7-m/nofp/libg.a(lib_a-signal.o)
 .text._init_signal_r
                0x000000000000d040       0x30 /Applications/ARM/bin/../lib/gcc/arm-none-eabi/10.3.1/../../../../arm-none-eabi/lib/thumb/v7-m/nofp/libg.a(lib_a-signal.o)
                0x000000000000d040                _init_signal_r
 .text._signal_r
                0x000000000000d070       0x4c /Applications/ARM/bin/../lib/gcc/arm-none-eabi/10.3.1/../../../../arm-none-eabi/lib/thumb/v7-m/nofp/libg.a(lib_a-signal.o)
                0x000000000000d070                _signal_r
 .text._raise_r
                0x000000000000d0bc       0x58 /Applications/ARM/bin/../lib/gcc/arm-none-eabi/10.3.1/../../../../arm-none-eabi/lib/thumb/v7-m/nofp/libg.a(lib_a-signal.o)
                0x000000000000d0bc                _raise_r
 .text.__sigtramp_r
                0x000000000000d114       0x68 /Applications/ARM/bin/../lib/gcc/arm-none-eabi/10.3.1/../../../../arm-none-eabi/lib/thumb/v7-m/nofp/libg.a(lib_a-signal.o)
                0x000000000000d114                __sigtramp_r
 .text.raise    0x000000000000d17c       0x5c /Applications/ARM/bin/../lib/gcc/arm-none-eabi/10.3.1/../../../../arm-none-eabi/lib/thumb/v7-m/nofp/libg.a(lib_a-signal.o)
                0x000000000000d17c                raise
 .text.signal   0x000000000000d1d8       0x54 /Applications/ARM/bin/../lib/gcc/arm-none-eabi/10.3.1/../../../../arm-none-eabi/lib/thumb/v7-m/nofp/libg.a(lib_a-signal.o)
                0x000000000000d1d8                signal
 .text._init_signal
                0x000000000000d22c       0x38 /Applications/ARM/bin/../lib/gcc/arm-none-eabi/10.3.1/../../../../arm-none-eabi/lib/thumb/v7-m/nofp/libg.a(lib_a-signal.o)
                0x000000000000d22c                _init_signal
 .text.__sigtramp
                0x000000000000d264       0x68 /Applications/ARM/bin/../lib/gcc/arm-none-eabi/10.3.1/../../../../arm-none-eabi/lib/thumb/v7-m/nofp/libg.a(lib_a-signal.o)
                0x000000000000d264                __sigtramp
 .text          0x000000000000d2cc        0x0 /Applications/ARM/bin/../lib/gcc/arm-none-eabi/10.3.1/../../../../arm-none-eabi/lib/thumb/v7-m/nofp/libg.a(lib_a-signalr.o)
 .text._kill_r  0x000000000000d2cc       0x28 /Applications/ARM/bin/../lib/gcc/arm-none-eabi/10.3.1/../../../../arm-none-eabi/lib/thumb/v7-m/nofp/libg.a(lib_a-signalr.o)
                0x000000000000d2cc                _kill_r
 .text._getpid_r
                0x000000000000d2f4        0x4 /Applications/ARM/bin/../lib/gcc/arm-none-eabi/10.3.1/../../../../arm-none-eabi/lib/thumb/v7-m/nofp/libg.a(lib_a-signalr.o)
                0x000000000000d2f4                _getpid_r
 .text          0x000000000000d2f8        0x0 /Applications/ARM/bin/../lib/gcc/arm-none-eabi/10.3.1/../../../../arm-none-eabi/lib/thumb/v7-m/nofp/libg.a(lib_a-sprintf.o)
 .text._sprintf_r
                0x000000000000d2f8       0x3c /Applications/ARM/bin/../lib/gcc/arm-none-eabi/10.3.1/../../../../arm-none-eabi/lib/thumb/v7-m/nofp/libg.a(lib_a-sprintf.o)
                0x000000000000d2f8                _sprintf_r
 .text.sprintf  0x000000000000d334       0x44 /Applications/ARM/bin/../lib/gcc/arm-none-eabi/10.3.1/../../../../arm-none-eabi/lib/thumb/v7-m/nofp/libg.a(lib_a-sprintf.o)
                0x000000000000d334                sprintf
 .text          0x000000000000d378      0x1bc /Applications/ARM/bin/../lib/gcc/arm-none-eabi/10.3.1/../../../../arm-none-eabi/lib/thumb/v7-m/nofp/libg.a(lib_a-strcmp.o)
                0x000000000000d378                strcmp
 .text          0x000000000000d534        0x0 /Applications/ARM/bin/../lib/gcc/arm-none-eabi/10.3.1/../../../../arm-none-eabi/lib/thumb/v7-m/nofp/libg.a(lib_a-strlen-stub.o)
 .text.strlen   0x000000000000d534       0x5c /Applications/ARM/bin/../lib/gcc/arm-none-eabi/10.3.1/../../../../arm-none-eabi/lib/thumb/v7-m/nofp/libg.a(lib_a-strlen-stub.o)
                0x000000000000d534                strlen
 .text          0x000000000000d590        0x0 /Applications/ARM/bin/../lib/gcc/arm-none-eabi/10.3.1/../../../../arm-none-eabi/lib/thumb/v7-m/nofp/libg.a(lib_a-strncmp.o)
 .text.strncmp  0x000000000000d590       0x7c /Applications/ARM/bin/../lib/gcc/arm-none-eabi/10.3.1/../../../../arm-none-eabi/lib/thumb/v7-m/nofp/libg.a(lib_a-strncmp.o)
                0x000000000000d590                strncmp
 .text          0x000000000000d60c        0x0 /Applications/ARM/bin/../lib/gcc/arm-none-eabi/10.3.1/../../../../arm-none-eabi/lib/thumb/v7-m/nofp/libg.a(lib_a-svfprintf.o)
 .text._svfprintf_r
                0x000000000000d60c     0x1aa4 /Applications/ARM/bin/../lib/gcc/arm-none-eabi/10.3.1/../../../../arm-none-eabi/lib/thumb/v7-m/nofp/libg.a(lib_a-svfprintf.o)
                0x000000000000d60c                _svfprintf_r
 .text          0x000000000000f0b0        0x0 /Applications/ARM/bin/../lib/gcc/arm-none-eabi/10.3.1/../../../../arm-none-eabi/lib/thumb/v7-m/nofp/libg.a(lib_a-syswrite.o)
 .text.write    0x000000000000f0b0       0x1c /Applications/ARM/bin/../lib/gcc/arm-none-eabi/10.3.1/../../../../arm-none-eabi/lib/thumb/v7-m/nofp/libg.a(lib_a-syswrite.o)
                0x000000000000f0b0                write
 .text          0x000000000000f0cc        0x0 /Applications/ARM/bin/../lib/gcc/arm-none-eabi/10.3.1/../../../../arm-none-eabi/lib/thumb/v7-m/nofp/libg.a(lib_a-vfiprintf.o)
 .text.__sprint_r.part.0
                0x000000000000f0cc       0x78 /Applications/ARM/bin/../lib/gcc/arm-none-eabi/10.3.1/../../../../arm-none-eabi/lib/thumb/v7-m/nofp/libg.a(lib_a-vfiprintf.o)
 .text.__sprint_r
                0x000000000000f144       0x14 /Applications/ARM/bin/../lib/gcc/arm-none-eabi/10.3.1/../../../../arm-none-eabi/lib/thumb/v7-m/nofp/libg.a(lib_a-vfiprintf.o)
                0x000000000000f144                __sprint_r
 .text._vfiprintf_r
                0x000000000000f158      0xd98 /Applications/ARM/bin/../lib/gcc/arm-none-eabi/10.3.1/../../../../arm-none-eabi/lib/thumb/v7-m/nofp/libg.a(lib_a-vfiprintf.o)
                0x000000000000f158                _vfiprintf_r
 .text.vfiprintf
                0x000000000000fef0       0x1c /Applications/ARM/bin/../lib/gcc/arm-none-eabi/10.3.1/../../../../arm-none-eabi/lib/thumb/v7-m/nofp/libg.a(lib_a-vfiprintf.o)
                0x000000000000fef0                vfiprintf
 .text.__sbprintf
                0x000000000000ff0c       0x84 /Applications/ARM/bin/../lib/gcc/arm-none-eabi/10.3.1/../../../../arm-none-eabi/lib/thumb/v7-m/nofp/libg.a(lib_a-vfiprintf.o)
 .text          0x000000000000ff90        0x0 /Applications/ARM/bin/../lib/gcc/arm-none-eabi/10.3.1/../../../../arm-none-eabi/lib/thumb/v7-m/nofp/libg.a(lib_a-vfprintf.o)
 .text._vfprintf_r
                0x000000000000ff90     0x1b58 /Applications/ARM/bin/../lib/gcc/arm-none-eabi/10.3.1/../../../../arm-none-eabi/lib/thumb/v7-m/nofp/libg.a(lib_a-vfprintf.o)
                0x000000000000ff90                _vfprintf_r
 .text.vfprintf
                0x0000000000011ae8       0x1c /Applications/ARM/bin/../lib/gcc/arm-none-eabi/10.3.1/../../../../arm-none-eabi/lib/thumb/v7-m/nofp/libg.a(lib_a-vfprintf.o)
                0x0000000000011ae8                vfprintf
 .text.__sbprintf
                0x0000000000011b04       0x84 /Applications/ARM/bin/../lib/gcc/arm-none-eabi/10.3.1/../../../../arm-none-eabi/lib/thumb/v7-m/nofp/libg.a(lib_a-vfprintf.o)
 .text          0x0000000000011b88        0x0 /Applications/ARM/bin/../lib/gcc/arm-none-eabi/10.3.1/../../../../arm-none-eabi/lib/thumb/v7-m/nofp/libg.a(lib_a-wbuf.o)
 .text.__swbuf_r
                0x0000000000011b88       0xb0 /Applications/ARM/bin/../lib/gcc/arm-none-eabi/10.3.1/../../../../arm-none-eabi/lib/thumb/v7-m/nofp/libg.a(lib_a-wbuf.o)
                0x0000000000011b88                __swbuf_r
 .text.__swbuf  0x0000000000011c38       0x14 /Applications/ARM/bin/../lib/gcc/arm-none-eabi/10.3.1/../../../../arm-none-eabi/lib/thumb/v7-m/nofp/libg.a(lib_a-wbuf.o)
                0x0000000000011c38                __swbuf
 .text          0x0000000000011c4c        0x0 /Applications/ARM/bin/../lib/gcc/arm-none-eabi/10.3.1/../../../../arm-none-eabi/lib/thumb/v7-m/nofp/libg.a(lib_a-writer.o)
 .text._write_r
                0x0000000000011c4c       0x2c /Applications/ARM/bin/../lib/gcc/arm-none-eabi/10.3.1/../../../../arm-none-eabi/lib/thumb/v7-m/nofp/libg.a(lib_a-writer.o)
                0x0000000000011c4c                _write_r
 .text          0x0000000000011c78        0x0 /Applications/ARM/bin/../lib/gcc/arm-none-eabi/10.3.1/../../../../arm-none-eabi/lib/thumb/v7-m/nofp/libg.a(lib_a-wsetup.o)
 .text.__swsetup_r
                0x0000000000011c78       0xd4 /Applications/ARM/bin/../lib/gcc/arm-none-eabi/10.3.1/../../../../arm-none-eabi/lib/thumb/v7-m/nofp/libg.a(lib_a-wsetup.o)
                0x0000000000011c78                __swsetup_r
 .text          0x0000000000011d4c        0x0 /Applications/ARM/bin/../lib/gcc/arm-none-eabi/10.3.1/../../../../arm-none-eabi/lib/thumb/v7-m/nofp/libg.a(lib_a-__call_atexit.o)
 .text.startup.register_fini
                0x0000000000011d4c       0x14 /Applications/ARM/bin/../lib/gcc/arm-none-eabi/10.3.1/../../../../arm-none-eabi/lib/thumb/v7-m/nofp/libg.a(lib_a-__call_atexit.o)
 .text.__call_exitprocs
                0x0000000000011d60       0xc4 /Applications/ARM/bin/../lib/gcc/arm-none-eabi/10.3.1/../../../../arm-none-eabi/lib/thumb/v7-m/nofp/libg.a(lib_a-__call_atexit.o)
                0x0000000000011d60                __call_exitprocs
 .text          0x0000000000011e24        0x0 /Applications/ARM/bin/../lib/gcc/arm-none-eabi/10.3.1/../../../../arm-none-eabi/lib/thumb/v7-m/nofp/libg.a(lib_a-atexit.o)
 .text.atexit   0x0000000000011e24        0xc /Applications/ARM/bin/../lib/gcc/arm-none-eabi/10.3.1/../../../../arm-none-eabi/lib/thumb/v7-m/nofp/libg.a(lib_a-atexit.o)
                0x0000000000011e24                atexit
 .text          0x0000000000011e30        0x0 /Applications/ARM/bin/../lib/gcc/arm-none-eabi/10.3.1/../../../../arm-none-eabi/lib/thumb/v7-m/nofp/libg.a(lib_a-dtoa.o)
 .text.quorem   0x0000000000011e30      0x12c /Applications/ARM/bin/../lib/gcc/arm-none-eabi/10.3.1/../../../../arm-none-eabi/lib/thumb/v7-m/nofp/libg.a(lib_a-dtoa.o)
 *fill*         0x0000000000011f5c        0x4 
 .text._dtoa_r  0x0000000000011f60      0xecc /Applications/ARM/bin/../lib/gcc/arm-none-eabi/10.3.1/../../../../arm-none-eabi/lib/thumb/v7-m/nofp/libg.a(lib_a-dtoa.o)
                0x0000000000011f60                _dtoa_r
 .text          0x0000000000012e2c        0x0 /Applications/ARM/bin/../lib/gcc/arm-none-eabi/10.3.1/../../../../arm-none-eabi/lib/thumb/v7-m/nofp/libg.a(lib_a-fflush.o)
 .text.__sflush_r
                0x0000000000012e2c      0x124 /Applications/ARM/bin/../lib/gcc/arm-none-eabi/10.3.1/../../../../arm-none-eabi/lib/thumb/v7-m/nofp/libg.a(lib_a-fflush.o)
                0x0000000000012e2c                __sflush_r
 .text._fflush_r
                0x0000000000012f50       0x5c /Applications/ARM/bin/../lib/gcc/arm-none-eabi/10.3.1/../../../../arm-none-eabi/lib/thumb/v7-m/nofp/libg.a(lib_a-fflush.o)
                0x0000000000012f50                _fflush_r
 .text.fflush   0x0000000000012fac       0x74 /Applications/ARM/bin/../lib/gcc/arm-none-eabi/10.3.1/../../../../arm-none-eabi/lib/thumb/v7-m/nofp/libg.a(lib_a-fflush.o)
                0x0000000000012fac                fflush
 .text          0x0000000000013020        0x0 /Applications/ARM/bin/../lib/gcc/arm-none-eabi/10.3.1/../../../../arm-none-eabi/lib/thumb/v7-m/nofp/libg.a(lib_a-findfp.o)
 .text._cleanup_r
                0x0000000000013020        0xc /Applications/ARM/bin/../lib/gcc/arm-none-eabi/10.3.1/../../../../arm-none-eabi/lib/thumb/v7-m/nofp/libg.a(lib_a-findfp.o)
                0x0000000000013020                _cleanup_r
 .text.__fp_lock
                0x000000000001302c       0x1c /Applications/ARM/bin/../lib/gcc/arm-none-eabi/10.3.1/../../../../arm-none-eabi/lib/thumb/v7-m/nofp/libg.a(lib_a-findfp.o)
 .text.__fp_unlock
                0x0000000000013048       0x1c /Applications/ARM/bin/../lib/gcc/arm-none-eabi/10.3.1/../../../../arm-none-eabi/lib/thumb/v7-m/nofp/libg.a(lib_a-findfp.o)
 .text.__sfmoreglue
                0x0000000000013064       0x30 /Applications/ARM/bin/../lib/gcc/arm-none-eabi/10.3.1/../../../../arm-none-eabi/lib/thumb/v7-m/nofp/libg.a(lib_a-findfp.o)
                0x0000000000013064                __sfmoreglue
 .text._cleanup
                0x0000000000013094       0x14 /Applications/ARM/bin/../lib/gcc/arm-none-eabi/10.3.1/../../../../arm-none-eabi/lib/thumb/v7-m/nofp/libg.a(lib_a-findfp.o)
                0x0000000000013094                _cleanup
 .text.__sinit  0x00000000000130a8      0x10c /Applications/ARM/bin/../lib/gcc/arm-none-eabi/10.3.1/../../../../arm-none-eabi/lib/thumb/v7-m/nofp/libg.a(lib_a-findfp.o)
                0x00000000000130a8                __sinit
 .text.__sfp    0x00000000000131b4       0xc8 /Applications/ARM/bin/../lib/gcc/arm-none-eabi/10.3.1/../../../../arm-none-eabi/lib/thumb/v7-m/nofp/libg.a(lib_a-findfp.o)
                0x00000000000131b4                __sfp
 .text.__sfp_lock_acquire
                0x000000000001327c        0xc /Applications/ARM/bin/../lib/gcc/arm-none-eabi/10.3.1/../../../../arm-none-eabi/lib/thumb/v7-m/nofp/libg.a(lib_a-findfp.o)
                0x000000000001327c                __sfp_lock_acquire
 .text.__sfp_lock_release
                0x0000000000013288        0xc /Applications/ARM/bin/../lib/gcc/arm-none-eabi/10.3.1/../../../../arm-none-eabi/lib/thumb/v7-m/nofp/libg.a(lib_a-findfp.o)
                0x0000000000013288                __sfp_lock_release
 .text.__sinit_lock_acquire
                0x0000000000013294        0xc /Applications/ARM/bin/../lib/gcc/arm-none-eabi/10.3.1/../../../../arm-none-eabi/lib/thumb/v7-m/nofp/libg.a(lib_a-findfp.o)
                0x0000000000013294                __sinit_lock_acquire
 .text.__sinit_lock_release
                0x00000000000132a0        0xc /Applications/ARM/bin/../lib/gcc/arm-none-eabi/10.3.1/../../../../arm-none-eabi/lib/thumb/v7-m/nofp/libg.a(lib_a-findfp.o)
                0x00000000000132a0                __sinit_lock_release
 .text.__fp_lock_all
                0x00000000000132ac       0x24 /Applications/ARM/bin/../lib/gcc/arm-none-eabi/10.3.1/../../../../arm-none-eabi/lib/thumb/v7-m/nofp/libg.a(lib_a-findfp.o)
                0x00000000000132ac                __fp_lock_all
 .text.__fp_unlock_all
                0x00000000000132d0       0x24 /Applications/ARM/bin/../lib/gcc/arm-none-eabi/10.3.1/../../../../arm-none-eabi/lib/thumb/v7-m/nofp/libg.a(lib_a-findfp.o)
                0x00000000000132d0                __fp_unlock_all
 .text          0x00000000000132f4        0x0 /Applications/ARM/bin/../lib/gcc/arm-none-eabi/10.3.1/../../../../arm-none-eabi/lib/thumb/v7-m/nofp/libg.a(lib_a-fini.o)
 .text.__libc_fini_array
                0x00000000000132f4       0x2c /Applications/ARM/bin/../lib/gcc/arm-none-eabi/10.3.1/../../../../arm-none-eabi/lib/thumb/v7-m/nofp/libg.a(lib_a-fini.o)
                0x00000000000132f4                __libc_fini_array
 .text          0x0000000000013320        0x0 /Applications/ARM/bin/../lib/gcc/arm-none-eabi/10.3.1/../../../../arm-none-eabi/lib/thumb/v7-m/nofp/libg.a(lib_a-fputwc.o)
 .text.__fputwc
                0x0000000000013320       0xa0 /Applications/ARM/bin/../lib/gcc/arm-none-eabi/10.3.1/../../../../arm-none-eabi/lib/thumb/v7-m/nofp/libg.a(lib_a-fputwc.o)
                0x0000000000013320                __fputwc
 .text._fputwc_r
                0x00000000000133c0       0x68 /Applications/ARM/bin/../lib/gcc/arm-none-eabi/10.3.1/../../../../arm-none-eabi/lib/thumb/v7-m/nofp/libg.a(lib_a-fputwc.o)
                0x00000000000133c0                _fputwc_r
 .text.fputwc   0x0000000000013428       0x74 /Applications/ARM/bin/../lib/gcc/arm-none-eabi/10.3.1/../../../../arm-none-eabi/lib/thumb/v7-m/nofp/libg.a(lib_a-fputwc.o)
                0x0000000000013428                fputwc
 .text          0x000000000001349c        0x0 /Applications/ARM/bin/../lib/gcc/arm-none-eabi/10.3.1/../../../../arm-none-eabi/lib/thumb/v7-m/nofp/libg.a(lib_a-freer.o)
 .text._malloc_trim_r
                0x000000000001349c       0xa0 /Applications/ARM/bin/../lib/gcc/arm-none-eabi/10.3.1/../../../../arm-none-eabi/lib/thumb/v7-m/nofp/libg.a(lib_a-freer.o)
                0x000000000001349c                _malloc_trim_r
 .text._free_r  0x000000000001353c      0x200 /Applications/ARM/bin/../lib/gcc/arm-none-eabi/10.3.1/../../../../arm-none-eabi/lib/thumb/v7-m/nofp/libg.a(lib_a-freer.o)
                0x000000000001353c                _free_r
 .text          0x000000000001373c        0x0 /Applications/ARM/bin/../lib/gcc/arm-none-eabi/10.3.1/../../../../arm-none-eabi/lib/thumb/v7-m/nofp/libg.a(lib_a-fwalk.o)
 .text._fwalk   0x000000000001373c       0x40 /Applications/ARM/bin/../lib/gcc/arm-none-eabi/10.3.1/../../../../arm-none-eabi/lib/thumb/v7-m/nofp/libg.a(lib_a-fwalk.o)
                0x000000000001373c                _fwalk
 .text._fwalk_reent
                0x000000000001377c       0x48 /Applications/ARM/bin/../lib/gcc/arm-none-eabi/10.3.1/../../../../arm-none-eabi/lib/thumb/v7-m/nofp/libg.a(lib_a-fwalk.o)
                0x000000000001377c                _fwalk_reent
 .text          0x00000000000137c4        0x0 /Applications/ARM/bin/../lib/gcc/arm-none-eabi/10.3.1/../../../../arm-none-eabi/lib/thumb/v7-m/nofp/libg.a(lib_a-locale.o)
 .text._setlocale_r
                0x00000000000137c4       0x40 /Applications/ARM/bin/../lib/gcc/arm-none-eabi/10.3.1/../../../../arm-none-eabi/lib/thumb/v7-m/nofp/libg.a(lib_a-locale.o)
                0x00000000000137c4                _setlocale_r
 .text.__locale_mb_cur_max
                0x0000000000013804        0xc /Applications/ARM/bin/../lib/gcc/arm-none-eabi/10.3.1/../../../../arm-none-eabi/lib/thumb/v7-m/nofp/libg.a(lib_a-locale.o)
                0x0000000000013804                __locale_mb_cur_max
 .text.setlocale
                0x0000000000013810       0x40 /Applications/ARM/bin/../lib/gcc/arm-none-eabi/10.3.1/../../../../arm-none-eabi/lib/thumb/v7-m/nofp/libg.a(lib_a-locale.o)
                0x0000000000013810                setlocale
 .text          0x0000000000013850        0x0 /Applications/ARM/bin/../lib/gcc/arm-none-eabi/10.3.1/../../../../arm-none-eabi/lib/thumb/v7-m/nofp/libg.a(lib_a-localeconv.o)
 .text.__localeconv_l
                0x0000000000013850        0x4 /Applications/ARM/bin/../lib/gcc/arm-none-eabi/10.3.1/../../../../arm-none-eabi/lib/thumb/v7-m/nofp/libg.a(lib_a-localeconv.o)
                0x0000000000013850                __localeconv_l
 .text._localeconv_r
                0x0000000000013854        0x8 /Applications/ARM/bin/../lib/gcc/arm-none-eabi/10.3.1/../../../../arm-none-eabi/lib/thumb/v7-m/nofp/libg.a(lib_a-localeconv.o)
                0x0000000000013854                _localeconv_r
 .text.localeconv
                0x000000000001385c        0x8 /Applications/ARM/bin/../lib/gcc/arm-none-eabi/10.3.1/../../../../arm-none-eabi/lib/thumb/v7-m/nofp/libg.a(lib_a-localeconv.o)
                0x000000000001385c                localeconv
 .text          0x0000000000013864        0x0 /Applications/ARM/bin/../lib/gcc/arm-none-eabi/10.3.1/../../../../arm-none-eabi/lib/thumb/v7-m/nofp/libg.a(lib_a-makebuf.o)
 .text.__smakebuf_r
                0x0000000000013864       0xe0 /Applications/ARM/bin/../lib/gcc/arm-none-eabi/10.3.1/../../../../arm-none-eabi/lib/thumb/v7-m/nofp/libg.a(lib_a-makebuf.o)
                0x0000000000013864                __smakebuf_r
 .text.__swhatbuf_r
                0x0000000000013944       0x60 /Applications/ARM/bin/../lib/gcc/arm-none-eabi/10.3.1/../../../../arm-none-eabi/lib/thumb/v7-m/nofp/libg.a(lib_a-makebuf.o)
                0x0000000000013944                __swhatbuf_r
 .text          0x00000000000139a4        0x0 /Applications/ARM/bin/../lib/gcc/arm-none-eabi/10.3.1/../../../../arm-none-eabi/lib/thumb/v7-m/nofp/libg.a(lib_a-mbtowc_r.o)
 .text._mbtowc_r
                0x00000000000139a4       0x14 /Applications/ARM/bin/../lib/gcc/arm-none-eabi/10.3.1/../../../../arm-none-eabi/lib/thumb/v7-m/nofp/libg.a(lib_a-mbtowc_r.o)
                0x00000000000139a4                _mbtowc_r
 .text.__ascii_mbtowc
                0x00000000000139b8       0x2c /Applications/ARM/bin/../lib/gcc/arm-none-eabi/10.3.1/../../../../arm-none-eabi/lib/thumb/v7-m/nofp/libg.a(lib_a-mbtowc_r.o)
                0x00000000000139b8                __ascii_mbtowc
 .text          0x00000000000139e4        0x0 /Applications/ARM/bin/../lib/gcc/arm-none-eabi/10.3.1/../../../../arm-none-eabi/lib/thumb/v7-m/nofp/libg.a(lib_a-mprec.o)
 .text._Balloc  0x00000000000139e4       0x4c /Applications/ARM/bin/../lib/gcc/arm-none-eabi/10.3.1/../../../../arm-none-eabi/lib/thumb/v7-m/nofp/libg.a(lib_a-mprec.o)
                0x00000000000139e4                _Balloc
 .text._Bfree   0x0000000000013a30       0x14 /Applications/ARM/bin/../lib/gcc/arm-none-eabi/10.3.1/../../../../arm-none-eabi/lib/thumb/v7-m/nofp/libg.a(lib_a-mprec.o)
                0x0000000000013a30                _Bfree
 .text.__multadd
                0x0000000000013a44       0xa4 /Applications/ARM/bin/../lib/gcc/arm-none-eabi/10.3.1/../../../../arm-none-eabi/lib/thumb/v7-m/nofp/libg.a(lib_a-mprec.o)
                0x0000000000013a44                __multadd
 .text.__s2b    0x0000000000013ae8       0xb4 /Applications/ARM/bin/../lib/gcc/arm-none-eabi/10.3.1/../../../../arm-none-eabi/lib/thumb/v7-m/nofp/libg.a(lib_a-mprec.o)
                0x0000000000013ae8                __s2b
 .text.__hi0bits
                0x0000000000013b9c       0x40 /Applications/ARM/bin/../lib/gcc/arm-none-eabi/10.3.1/../../../../arm-none-eabi/lib/thumb/v7-m/nofp/libg.a(lib_a-mprec.o)
                0x0000000000013b9c                __hi0bits
 .text.__lo0bits
                0x0000000000013bdc       0x58 /Applications/ARM/bin/../lib/gcc/arm-none-eabi/10.3.1/../../../../arm-none-eabi/lib/thumb/v7-m/nofp/libg.a(lib_a-mprec.o)
                0x0000000000013bdc                __lo0bits
 .text.__i2b    0x0000000000013c34       0x5c /Applications/ARM/bin/../lib/gcc/arm-none-eabi/10.3.1/../../../../arm-none-eabi/lib/thumb/v7-m/nofp/libg.a(lib_a-mprec.o)
                0x0000000000013c34                __i2b
 .text.__multiply
                0x0000000000013c90      0x15c /Applications/ARM/bin/../lib/gcc/arm-none-eabi/10.3.1/../../../../arm-none-eabi/lib/thumb/v7-m/nofp/libg.a(lib_a-mprec.o)
                0x0000000000013c90                __multiply
 .text.__pow5mult
                0x0000000000013dec       0xb8 /Applications/ARM/bin/../lib/gcc/arm-none-eabi/10.3.1/../../../../arm-none-eabi/lib/thumb/v7-m/nofp/libg.a(lib_a-mprec.o)
                0x0000000000013dec                __pow5mult
 .text.__lshift
                0x0000000000013ea4       0xec /Applications/ARM/bin/../lib/gcc/arm-none-eabi/10.3.1/../../../../arm-none-eabi/lib/thumb/v7-m/nofp/libg.a(lib_a-mprec.o)
                0x0000000000013ea4                __lshift
 .text.__mcmp   0x0000000000013f90       0x40 /Applications/ARM/bin/../lib/gcc/arm-none-eabi/10.3.1/../../../../arm-none-eabi/lib/thumb/v7-m/nofp/libg.a(lib_a-mprec.o)
                0x0000000000013f90                __mcmp
 .text.__mdiff  0x0000000000013fd0      0x14c /Applications/ARM/bin/../lib/gcc/arm-none-eabi/10.3.1/../../../../arm-none-eabi/lib/thumb/v7-m/nofp/libg.a(lib_a-mprec.o)
                0x0000000000013fd0                __mdiff
 .text.__ulp    0x000000000001411c       0x44 /Applications/ARM/bin/../lib/gcc/arm-none-eabi/10.3.1/../../../../arm-none-eabi/lib/thumb/v7-m/nofp/libg.a(lib_a-mprec.o)
                0x000000000001411c                __ulp
 .text.__b2d    0x0000000000014160       0xd0 /Applications/ARM/bin/../lib/gcc/arm-none-eabi/10.3.1/../../../../arm-none-eabi/lib/thumb/v7-m/nofp/libg.a(lib_a-mprec.o)
                0x0000000000014160                __b2d
 .text.__d2b    0x0000000000014230       0xc4 /Applications/ARM/bin/../lib/gcc/arm-none-eabi/10.3.1/../../../../arm-none-eabi/lib/thumb/v7-m/nofp/libg.a(lib_a-mprec.o)
                0x0000000000014230                __d2b
 .text.__ratio  0x00000000000142f4       0x60 /Applications/ARM/bin/../lib/gcc/arm-none-eabi/10.3.1/../../../../arm-none-eabi/lib/thumb/v7-m/nofp/libg.a(lib_a-mprec.o)
                0x00000000000142f4                __ratio
 .text._mprec_log10
                0x0000000000014354       0x38 /Applications/ARM/bin/../lib/gcc/arm-none-eabi/10.3.1/../../../../arm-none-eabi/lib/thumb/v7-m/nofp/libg.a(lib_a-mprec.o)
                0x0000000000014354                _mprec_log10
 .text.__copybits
                0x000000000001438c       0x60 /Applications/ARM/bin/../lib/gcc/arm-none-eabi/10.3.1/../../../../arm-none-eabi/lib/thumb/v7-m/nofp/libg.a(lib_a-mprec.o)
                0x000000000001438c                __copybits
 .text.__any_on
                0x00000000000143ec       0x60 /Applications/ARM/bin/../lib/gcc/arm-none-eabi/10.3.1/../../../../arm-none-eabi/lib/thumb/v7-m/nofp/libg.a(lib_a-mprec.o)
                0x00000000000143ec                __any_on
 .text          0x000000000001444c        0x0 /Applications/ARM/bin/../lib/gcc/arm-none-eabi/10.3.1/../../../../arm-none-eabi/lib/thumb/v7-m/nofp/libg.a(lib_a-reent.o)
 .text.cleanup_glue
                0x000000000001444c       0x48 /Applications/ARM/bin/../lib/gcc/arm-none-eabi/10.3.1/../../../../arm-none-eabi/lib/thumb/v7-m/nofp/libg.a(lib_a-reent.o)
                0x000000000001444c                cleanup_glue
 .text._reclaim_reent
                0x0000000000014494       0x90 /Applications/ARM/bin/../lib/gcc/arm-none-eabi/10.3.1/../../../../arm-none-eabi/lib/thumb/v7-m/nofp/libg.a(lib_a-reent.o)
                0x0000000000014494                _reclaim_reent
 .text          0x0000000000014524        0x0 /Applications/ARM/bin/../lib/gcc/arm-none-eabi/10.3.1/../../../../arm-none-eabi/lib/thumb/v7-m/nofp/libg.a(lib_a-s_frexp.o)
 .text.frexp    0x0000000000014524       0x70 /Applications/ARM/bin/../lib/gcc/arm-none-eabi/10.3.1/../../../../arm-none-eabi/lib/thumb/v7-m/nofp/libg.a(lib_a-s_frexp.o)
                0x0000000000014524                frexp
 .text          0x0000000000014594        0x0 /Applications/ARM/bin/../lib/gcc/arm-none-eabi/10.3.1/../../../../arm-none-eabi/lib/thumb/v7-m/nofp/libg.a(lib_a-stdio.o)
 .text.__sread  0x0000000000014594       0x24 /Applications/ARM/bin/../lib/gcc/arm-none-eabi/10.3.1/../../../../arm-none-eabi/lib/thumb/v7-m/nofp/libg.a(lib_a-stdio.o)
                0x0000000000014594                __sread
 .text.__seofread
                0x00000000000145b8        0x4 /Applications/ARM/bin/../lib/gcc/arm-none-eabi/10.3.1/../../../../arm-none-eabi/lib/thumb/v7-m/nofp/libg.a(lib_a-stdio.o)
                0x00000000000145b8                __seofread
 .text.__swrite
                0x00000000000145bc       0x40 /Applications/ARM/bin/../lib/gcc/arm-none-eabi/10.3.1/../../../../arm-none-eabi/lib/thumb/v7-m/nofp/libg.a(lib_a-stdio.o)