Archive member included to satisfy reference by file (symbol)

/Applications/ARM/bin/../lib/gcc/arm-none-eabi/10.3.1/../../../../arm-none-eabi/lib/thumb/v7-m/nofp/libstdc++.a(class_type_info.o)
                              CMakeFiles/testbench.dir/src/test_polymorphismn.cpp.obj (vtable for __cxxabiv1::__class_type_info)
/Applications/ARM/bin/../lib/gcc/arm-none-eabi/10.3.1/../../../../arm-none-eabi/lib/thumb/v7-m/nofp/libstdc++.a(del_ops.o)
                              CMakeFiles/testbench.dir/src/test_heap.cpp.obj (operator delete(void*, unsigned int))
/Applications/ARM/bin/../lib/gcc/arm-none-eabi/10.3.1/../../../../arm-none-eabi/lib/thumb/v7-m/nofp/libstdc++.a(new_op.o)
                              CMakeFiles/testbench.dir/src/test_heap.cpp.obj (operator new(unsigned int))
/Applications/ARM/bin/../lib/gcc/arm-none-eabi/10.3.1/../../../../arm-none-eabi/lib/thumb/v7-m/nofp/libstdc++.a(si_class_type_info.o)
                              CMakeFiles/testbench.dir/src/test_polymorphismn.cpp.obj (vtable for __cxxabiv1::__si_class_type_info)
/Applications/ARM/bin/../lib/gcc/arm-none-eabi/10.3.1/../../../../arm-none-eabi/lib/thumb/v7-m/nofp/libstdc++.a(tinfo.o)
                              /Applications/ARM/bin/../lib/gcc/arm-none-eabi/10.3.1/../../../../arm-none-eabi/lib/thumb/v7-m/nofp/libstdc++.a(class_type_info.o) (std::type_info::~type_info())
/Applications/ARM/bin/../lib/gcc/arm-none-eabi/10.3.1/../../../../arm-none-eabi/lib/thumb/v7-m/nofp/libstdc++.a(bad_alloc.o)
                              /Applications/ARM/bin/../lib/gcc/arm-none-eabi/10.3.1/../../../../arm-none-eabi/lib/thumb/v7-m/nofp/libstdc++.a(new_op.o) (std::bad_alloc::~bad_alloc())
/Applications/ARM/bin/../lib/gcc/arm-none-eabi/10.3.1/../../../../arm-none-eabi/lib/thumb/v7-m/nofp/libstdc++.a(del_op.o)
                              /Applications/ARM/bin/../lib/gcc/arm-none-eabi/10.3.1/../../../../arm-none-eabi/lib/thumb/v7-m/nofp/libstdc++.a(del_ops.o) (operator delete(void*))
/Applications/ARM/bin/../lib/gcc/arm-none-eabi/10.3.1/../../../../arm-none-eabi/lib/thumb/v7-m/nofp/libstdc++.a(eh_alloc.o)
                              /Applications/ARM/bin/../lib/gcc/arm-none-eabi/10.3.1/../../../../arm-none-eabi/lib/thumb/v7-m/nofp/libstdc++.a(new_op.o) (__cxa_allocate_exception)
/Applications/ARM/bin/../lib/gcc/arm-none-eabi/10.3.1/../../../../arm-none-eabi/lib/thumb/v7-m/nofp/libstdc++.a(eh_exception.o)
                              /Applications/ARM/bin/../lib/gcc/arm-none-eabi/10.3.1/../../../../arm-none-eabi/lib/thumb/v7-m/nofp/libstdc++.a(bad_alloc.o) (std::exception::~exception())
/Applications/ARM/bin/../lib/gcc/arm-none-eabi/10.3.1/../../../../arm-none-eabi/lib/thumb/v7-m/nofp/libstdc++.a(eh_terminate.o)
                              /Applications/ARM/bin/../lib/gcc/arm-none-eabi/10.3.1/../../../../arm-none-eabi/lib/thumb/v7-m/nofp/libstdc++.a(eh_alloc.o) (std::terminate())
/Applications/ARM/bin/../lib/gcc/arm-none-eabi/10.3.1/../../../../arm-none-eabi/lib/thumb/v7-m/nofp/libstdc++.a(eh_throw.o)
                              /Applications/ARM/bin/../lib/gcc/arm-none-eabi/10.3.1/../../../../arm-none-eabi/lib/thumb/v7-m/nofp/libstdc++.a(new_op.o) (__cxa_throw)
/Applications/ARM/bin/../lib/gcc/arm-none-eabi/10.3.1/../../../../arm-none-eabi/lib/thumb/v7-m/nofp/libstdc++.a(eh_unex_handler.o)
                              /Applications/ARM/bin/../lib/gcc/arm-none-eabi/10.3.1/../../../../arm-none-eabi/lib/thumb/v7-m/nofp/libstdc++.a(eh_terminate.o) (__cxxabiv1::__unexpected_handler)
/Applications/ARM/bin/../lib/gcc/arm-none-eabi/10.3.1/../../../../arm-none-eabi/lib/thumb/v7-m/nofp/libstdc++.a(new_handler.o)
                              /Applications/ARM/bin/../lib/gcc/arm-none-eabi/10.3.1/../../../../arm-none-eabi/lib/thumb/v7-m/nofp/libstdc++.a(new_op.o) (std::get_new_handler())
/Applications/ARM/bin/../lib/gcc/arm-none-eabi/10.3.1/../../../../arm-none-eabi/lib/thumb/v7-m/nofp/libstdc++.a(pure.o)
                              /Applications/ARM/bin/../lib/gcc/arm-none-eabi/10.3.1/../../../../arm-none-eabi/lib/thumb/v7-m/nofp/libstdc++.a(eh_exception.o) (__cxa_pure_virtual)
/Applications/ARM/bin/../lib/gcc/arm-none-eabi/10.3.1/../../../../arm-none-eabi/lib/thumb/v7-m/nofp/libstdc++.a(vterminate.o)
                              /Applications/ARM/bin/../lib/gcc/arm-none-eabi/10.3.1/../../../../arm-none-eabi/lib/thumb/v7-m/nofp/libstdc++.a(eh_terminate.o) (__gnu_cxx::__verbose_terminate_handler())
/Applications/ARM/bin/../lib/gcc/arm-none-eabi/10.3.1/../../../../arm-none-eabi/lib/thumb/v7-m/nofp/libstdc++.a(cp-demangle.o)
                              /Applications/ARM/bin/../lib/gcc/arm-none-eabi/10.3.1/../../../../arm-none-eabi/lib/thumb/v7-m/nofp/libstdc++.a(vterminate.o) (__cxa_demangle)
/Applications/ARM/bin/../lib/gcc/arm-none-eabi/10.3.1/../../../../arm-none-eabi/lib/thumb/v7-m/nofp/libstdc++.a(eh_arm.o)
[...]
Memory Configuration

Name             Origin             Length             Attributes
FLASH            0x0000000000000000 0x0000000000020000 xr
RAM              0x0000000020000000 0x0000000000020000 xrw
*default*        0x0000000000000000 0xffffffffffffffff

Linker script and memory map

LOAD /Applications/ARM/bin/../lib/gcc/arm-none-eabi/10.3.1/thumb/v7-m/nofp/crti.o
LOAD /Applications/ARM/bin/../lib/gcc/arm-none-eabi/10.3.1/thumb/v7-m/nofp/crtbegin.o
LOAD /Applications/ARM/bin/../lib/gcc/arm-none-eabi/10.3.1/../../../../arm-none-eabi/lib/thumb/v7-m/nofp/rdimon-crt0.o
LOAD CMakeFiles/testbench.dir/src/main.cpp.obj
LOAD CMakeFiles/testbench.dir/src/startup.s.obj
LOAD CMakeFiles/testbench.dir/src/systick.cpp.obj
LOAD CMakeFiles/testbench.dir/src/test_float.cpp.obj
LOAD CMakeFiles/testbench.dir/src/test_sprintf.cpp.obj
LOAD CMakeFiles/testbench.dir/src/test_std_out.cpp.obj
LOAD CMakeFiles/testbench.dir/src/test_stack_alignment.cpp.obj
LOAD CMakeFiles/testbench.dir/src/test_std_algos.cpp.obj
LOAD CMakeFiles/testbench.dir/src/test_int_calc.cpp.obj
LOAD CMakeFiles/testbench.dir/src/test_uint_calc.cpp.obj
LOAD CMakeFiles/testbench.dir/src/test_if_then_else.cpp.obj
LOAD CMakeFiles/testbench.dir/src/test_type_casting.cpp.obj
LOAD CMakeFiles/testbench.dir/src/test_polymorphismn.cpp.obj
LOAD CMakeFiles/testbench.dir/src/test_switch_case.cpp.obj
LOAD CMakeFiles/testbench.dir/src/test_fibonacci.cpp.obj
LOAD CMakeFiles/testbench.dir/src/test_quicksort.cpp.obj
LOAD CMakeFiles/testbench.dir/src/test_exceptions.cpp.obj
LOAD CMakeFiles/testbench.dir/src/test_scb.cpp.obj
LOAD CMakeFiles/testbench.dir/src/test_irqs.cpp.obj
LOAD CMakeFiles/testbench.dir/src/test_crc.cpp.obj
LOAD CMakeFiles/testbench.dir/src/test_heap.cpp.obj
LOAD CMakeFiles/testbench.dir/src/test_process_stack.cpp.obj
LOAD /Applications/ARM/bin/../lib/gcc/arm-none-eabi/10.3.1/../../../../arm-none-eabi/lib/thumb/v7-m/nofp/libstdc++.a
LOAD /Applications/ARM/bin/../lib/gcc/arm-none-eabi/10.3.1/../../../../arm-none-eabi/lib/thumb/v7-m/nofp/libm.a
START GROUP
LOAD /Applications/ARM/bin/../lib/gcc/arm-none-eabi/10.3.1/thumb/v7-m/nofp/libgcc.a
LOAD /Applications/ARM/bin/../lib/gcc/arm-none-eabi/10.3.1/../../../../arm-none-eabi/lib/thumb/v7-m/nofp/libg.a
LOAD /Applications/ARM/bin/../lib/gcc/arm-none-eabi/10.3.1/../../../../arm-none-eabi/lib/thumb/v7-m/nofp/libc.a
END GROUP
START GROUP
LOAD /Applications/ARM/bin/../lib/gcc/arm-none-eabi/10.3.1/thumb/v7-m/nofp/libgcc.a
LOAD /Applications/ARM/bin/../lib/gcc/arm-none-eabi/10.3.1/../../../../arm-none-eabi/lib/thumb/v7-m/nofp/libc.a
LOAD /Applications/ARM/bin/../lib/gcc/arm-none-eabi/10.3.1/../../../../arm-none-eabi/lib/thumb/v7-m/nofp/librdimon.a
END GROUP
LOAD /Applications/ARM/bin/../lib/gcc/arm-none-eabi/10.3.1/thumb/v7-m/nofp/crtend.o
LOAD /Applications/ARM/bin/../lib/gcc/arm-none-eabi/10.3.1/thumb/v7-m/nofp/crtn.o

.text           0x0000000000000000    0x1a5dc
 *(.vectors)
 .vectors       0x0000000000000000       0x40 CMakeFiles/testbench.dir/src/startup.s.obj
                0x0000000000000000                __Vectors
                0x0000000000000040                __Vectors_End = .
                0x0000000000000040                __Vectors_Size = (__Vectors_End - __Vectors)
                0x0000000020002060                __end__ = .
 *(.text*)
 .text          0x0000000000000040        0x0 /Applications/ARM/bin/../lib/gcc/arm-none-eabi/10.3.1/thumb/v7-m/nofp/crti.o
 .text          0x0000000000000040       0x40 /Applications/ARM/bin/../lib/gcc/arm-none-eabi/10.3.1/thumb/v7-m/nofp/crtbegin.o
 .text          0x0000000000000080       0xf8 /Applications/ARM/bin/../lib/gcc/arm-none-eabi/10.3.1/../../../../arm-none-eabi/lib/thumb/v7-m/nofp/rdimon-crt0.o
                0x0000000000000080                _stack_init
                0x000000000000008c                _mainCRTStartup
                0x000000000000008c                _start
 .text          0x0000000000000178       0x7c CMakeFiles/testbench.dir/src/main.cpp.obj
                0x0000000000000178                main
 .text          0x00000000000001f4       0x18 CMakeFiles/testbench.dir/src/startup.s.obj
                0x00000000000001f4                Reset_Handler
                0x00000000000001f8                NMI_Handler
                0x00000000000001fa                HardFault_Handler
                0x00000000000001fc                MemManage_Handler
                0x0000000000000204                DebugMon_Handler
                0x0000000000000206                PendSV_Handler
 .text          0x000000000000020c       0x58 CMakeFiles/testbench.dir/src/systick.cpp.obj
                0x0000000000000220                SysTickInit(unsigned long)
                0x000000000000023e                SysTickDisable()
                0x0000000000000250                SysTickEnable()
 .text          0x0000000000000264      0x334 CMakeFiles/testbench.dir/src/test_float.cpp.obj
                0x0000000000000264                IsFloatEqual(float, float)
                0x00000000000002b0                TestFloat()
 .text._ZSt4ceilf
                0x0000000000000598       0x18 CMakeFiles/testbench.dir/src/test_float.cpp.obj
                0x0000000000000598                std::ceil(float)
 .text._ZSt5floorf
                0x00000000000005b0       0x18 CMakeFiles/testbench.dir/src/test_float.cpp.obj
                0x00000000000005b0                std::floor(float)
 .text._ZSt5isinff
                0x00000000000005c8       0x50 CMakeFiles/testbench.dir/src/test_float.cpp.obj
                0x00000000000005c8                std::isinf(float)
 .text._ZSt5isnanf
                0x0000000000000618       0x32 CMakeFiles/testbench.dir/src/test_float.cpp.obj
                0x0000000000000618                std::isnan(float)
 .text._ZSt5isnand
                0x000000000000064a       0x38 CMakeFiles/testbench.dir/src/test_float.cpp.obj
                0x000000000000064a                std::isnan(double)
 .text._ZSt5roundf
                0x0000000000000682       0x18 CMakeFiles/testbench.dir/src/test_float.cpp.obj
                0x0000000000000682                std::round(float)
 *fill*         0x000000000000069a        0x6 
 .text          0x00000000000006a0      0x14c CMakeFiles/testbench.dir/src/test_sprintf.cpp.obj
                0x00000000000006a0                TestSprintf()
 .text          0x00000000000007ec       0xb8 CMakeFiles/testbench.dir/src/test_std_out.cpp.obj
                0x00000000000007ec                TestStdOut()
 .text          0x00000000000008a4      0x208 CMakeFiles/testbench.dir/src/test_stack_alignment.cpp.obj
                0x00000000000008bc                StackAlignmentTest()
                0x0000000000000924                CallFct3(unsigned long)
                0x0000000000000960                CallFct2(unsigned short)
                0x00000000000009ac                CallFct1(unsigned char)
                0x00000000000009f8                TestStackAlignment()
 .text          0x0000000000000aac      0x21c CMakeFiles/testbench.dir/src/test_std_algos.cpp.obj
                0x0000000000000aac                TestStrlen()
                0x0000000000000b50                TestStrcmp()
                0x0000000000000bd0                TestMemCpy()
                0x0000000000000c44                TestMemMove()
                0x0000000000000ca4                TestStdAlgos()
 .text          0x0000000000000cc8      0x494 CMakeFiles/testbench.dir/src/test_int_calc.cpp.obj
                0x0000000000000cc8                TestIntCalc()
 .text          0x000000000000115c      0x490 CMakeFiles/testbench.dir/src/test_uint_calc.cpp.obj
                0x000000000000115c                TestUIntCalc()
 .text          0x00000000000015ec      0x100 CMakeFiles/testbench.dir/src/test_if_then_else.cpp.obj
                0x00000000000015ec                BranchTest(long)
                0x0000000000001660                TestIfThenElse()
 .text          0x00000000000016ec       0xac CMakeFiles/testbench.dir/src/test_type_casting.cpp.obj
                0x00000000000016ec                TestTypeCasting()
 .text          0x0000000000001798       0xa4 CMakeFiles/testbench.dir/src/test_polymorphismn.cpp.obj
                0x0000000000001798                TestPolymorphismn()
 .text._ZN4Base4CallEv
                0x000000000000183c       0x18 CMakeFiles/testbench.dir/src/test_polymorphismn.cpp.obj
                0x000000000000183c                Base::Call()
 .text._ZN7Derived4CallEv
                0x0000000000001854       0x16 CMakeFiles/testbench.dir/src/test_polymorphismn.cpp.obj
                0x0000000000001854                Derived::Call()
 *fill*         0x000000000000186a        0x2 
 .text          0x000000000000186c      0x2fc CMakeFiles/testbench.dir/src/test_switch_case.cpp.obj
                0x000000000000186c                TableFct0()
                0x0000000000001884                TableFct1()
                0x00000000000018a6                TableFct2()
                0x00000000000018be                TableFct3()
                0x00000000000018d6                TableFct4()
                0x00000000000018ee                TableFct5()
                0x0000000000001906                TableFct6()
                0x000000000000191e                TableFct7()
                0x0000000000001940                TestTableFct1(char)
                0x0000000000001a10                TestTableFct2()
                0x0000000000001afc                TestSwitchCase()
 .text          0x0000000000001b68      0x108 CMakeFiles/testbench.dir/src/test_fibonacci.cpp.obj
                0x0000000000001b68                Fibonacci(int)
                0x0000000000001b9c                TestFibonacci()
 .text          0x0000000000001c70      0x35c CMakeFiles/testbench.dir/src/test_quicksort.cpp.obj
                0x0000000000001c70                TestQuicksort()
 .text._Z9QuickSortIVmEvPT_ii
                0x0000000000001fcc       0x46 CMakeFiles/testbench.dir/src/test_quicksort.cpp.obj
                0x0000000000001fcc                void QuickSort<unsigned long volatile>(unsigned long volatile*, int, int)
 .text._Z9QuickSortIVtEvPT_ii
                0x0000000000002012       0x46 CMakeFiles/testbench.dir/src/test_quicksort.cpp.obj
                0x0000000000002012                void QuickSort<unsigned short volatile>(unsigned short volatile*, int, int)
 .text._Z9QuickSortIVhEvPT_ii
                0x0000000000002058       0x46 CMakeFiles/testbench.dir/src/test_quicksort.cpp.obj
                0x0000000000002058                void QuickSort<unsigned char volatile>(unsigned char volatile*, int, int)
 .text._Z9PartitionIVmEiPT_ii
                0x000000000000209e       0x8c CMakeFiles/testbench.dir/src/test_quicksort.cpp.obj
                0x000000000000209e                int Partition<unsigned long volatile>(unsigned long volatile*, int, int)
 .text._Z9PartitionIVtEiPT_ii
                0x000000000000212a       0x92 CMakeFiles/testbench.dir/src/test_quicksort.cpp.obj
                0x000000000000212a                int Partition<unsigned short volatile>(unsigned short volatile*, int, int)
 .text._Z9PartitionIVhEiPT_ii
                0x00000000000021bc       0x86 CMakeFiles/testbench.dir/src/test_quicksort.cpp.obj
                0x00000000000021bc                int Partition<unsigned char volatile>(unsigned char volatile*, int, int)
 .text._Z4SwapIVmEvPT_S2_
                0x0000000000002242       0x28 CMakeFiles/testbench.dir/src/test_quicksort.cpp.obj
                0x0000000000002242                void Swap<unsigned long volatile>(unsigned long volatile*, unsigned long volatile*)
 .text._Z4SwapIVtEvPT_S2_
                0x000000000000226a       0x2e CMakeFiles/testbench.dir/src/test_quicksort.cpp.obj
                0x000000000000226a                void Swap<unsigned short volatile>(unsigned short volatile*, unsigned short volatile*)
 .text._Z4SwapIVhEvPT_S2_
                0x0000000000002298       0x2e CMakeFiles/testbench.dir/src/test_quicksort.cpp.obj
                0x0000000000002298                void Swap<unsigned char volatile>(unsigned char volatile*, unsigned char volatile*)
 *fill*         0x00000000000022c6        0x2 
 .text          0x00000000000022c8      0x644 CMakeFiles/testbench.dir/src/test_exceptions.cpp.obj
                0x00000000000022dc                BusFault_Handler_ABI
                0x0000000000002394                BusFault_Handler
                0x000000000000239c                UsageFault_Handler_ABI
                0x0000000000002460                UsageFault_Handler
                0x0000000000002468                TestVariousFaults()
                0x00000000000025ac                TestBusfault()
                0x0000000000002730                TestDivideByZero()
                0x00000000000028ec                TestExceptions()
 .text._ZStanSt12memory_orderSt23__memory_order_modifier
                0x000000000000290c       0x24 CMakeFiles/testbench.dir/src/test_exceptions.cpp.obj
                0x000000000000290c                std::operator&(std::memory_order, std::__memory_order_modifier)
 .text._ZNKSt13__atomic_baseImEcvmEv
                0x0000000000002930       0x36 CMakeFiles/testbench.dir/src/test_exceptions.cpp.obj
                0x0000000000002930                std::__atomic_base<unsigned long>::operator unsigned long() const
 .text._ZNSt13__atomic_baseImEaSEm
                0x0000000000002966       0x40 CMakeFiles/testbench.dir/src/test_exceptions.cpp.obj
                0x0000000000002966                std::__atomic_base<unsigned long>::operator=(unsigned long)
 .text._ZNSt13__atomic_baseImEppEi
                0x00000000000029a6       0x42 CMakeFiles/testbench.dir/src/test_exceptions.cpp.obj
                0x00000000000029a6                std::__atomic_base<unsigned long>::operator++(int)
 .text          0x00000000000029e8       0x54 CMakeFiles/testbench.dir/src/test_scb.cpp.obj
                0x00000000000029fc                TestScb()
 .text          0x0000000000002a3c      0x37c CMakeFiles/testbench.dir/src/test_irqs.cpp.obj
                0x0000000000002a3c                SVC_Handler
                0x0000000000002b0c                SysTick_Handler
                0x0000000000002bf4                StartIrqTest()
                0x0000000000002c04                TestIrqs()
 .text          0x0000000000002db8       0xdc CMakeFiles/testbench.dir/src/test_crc.cpp.obj
                0x0000000000002db8                Crc16(unsigned char const*, unsigned int)
                0x0000000000002e38                TestCrc()
 .text          0x0000000000002e94      0x134 CMakeFiles/testbench.dir/src/test_heap.cpp.obj
                0x0000000000002e94                TestHeap()
 .text          0x0000000000002fc8      0x124 CMakeFiles/testbench.dir/src/test_process_stack.cpp.obj
                0x0000000000002fc8                ReadPSP()
                0x0000000000002fe0                ReadMSP()
                0x0000000000002ff8                ReadControl()
                0x0000000000003010                ProcessStackFct()
                0x0000000000003048                TestProcessStack()
 .text          0x00000000000030ec        0x0 /Applications/ARM/bin/../lib/gcc/arm-none-eabi/10.3.1/../../../../arm-none-eabi/lib/thumb/v7-m/nofp/libstdc++.a(class_type_info.o)
 .text._ZNK10__cxxabiv117__class_type_info11__do_upcastEPKS0_PPv
                0x00000000000030ec       0x34 /Applications/ARM/bin/../lib/gcc/arm-none-eabi/10.3.1/../../../../arm-none-eabi/lib/thumb/v7-m/nofp/libstdc++.a(class_type_info.o)
                0x00000000000030ec                __cxxabiv1::__class_type_info::__do_upcast(__cxxabiv1::__class_type_info const*, void**) const
 .text._ZNK10__cxxabiv117__class_type_info20__do_find_public_srcEiPKvPKS0_S2_
                0x0000000000003120        0xc /Applications/ARM/bin/../lib/gcc/arm-none-eabi/10.3.1/../../../../arm-none-eabi/lib/thumb/v7-m/nofp/libstdc++.a(class_type_info.o)
                0x0000000000003120                __cxxabiv1::__class_type_info::__do_find_public_src(int, void const*, __cxxabiv1::__class_type_info const*, void const*) const
 .text._ZN10__cxxabiv117__class_type_infoD2Ev
                0x000000000000312c       0x14 /Applications/ARM/bin/../lib/gcc/arm-none-eabi/10.3.1/../../../../arm-none-eabi/lib/thumb/v7-m/nofp/libstdc++.a(class_type_info.o)
                0x000000000000312c                __cxxabiv1::__class_type_info::~__class_type_info()
                0x000000000000312c                __cxxabiv1::__class_type_info::~__class_type_info()
 .text._ZN10__cxxabiv117__class_type_infoD0Ev
                0x0000000000003140       0x1c /Applications/ARM/bin/../lib/gcc/arm-none-eabi/10.3.1/../../../../arm-none-eabi/lib/thumb/v7-m/nofp/libstdc++.a(class_type_info.o)
                0x0000000000003140                __cxxabiv1::__class_type_info::~__class_type_info()
 .text._ZNK10__cxxabiv117__class_type_info12__do_dyncastEiNS0_10__sub_kindEPKS0_PKvS3_S5_RNS0_16__dyncast_resultE
                0x000000000000315c       0x44 /Applications/ARM/bin/../lib/gcc/arm-none-eabi/10.3.1/../../../../arm-none-eabi/lib/thumb/v7-m/nofp/libstdc++.a(class_type_info.o)
                0x000000000000315c                __cxxabiv1::__class_type_info::__do_dyncast(int, __cxxabiv1::__class_type_info::__sub_kind, __cxxabiv1::__class_type_info const*, void const*, __cxxabiv1::__class_type_info const*, void const*, __cxxabiv1::__class_type_info::__dyncast_result&) const
 .text._ZNK10__cxxabiv117__class_type_info11__do_upcastEPKS0_PKvRNS0_15__upcast_resultE
                0x00000000000031a0       0x1c /Applications/ARM/bin/../lib/gcc/arm-none-eabi/10.3.1/../../../../arm-none-eabi/lib/thumb/v7-m/nofp/libstdc++.a(class_type_info.o)
                0x00000000000031a0                __cxxabiv1::__class_type_info::__do_upcast(__cxxabiv1::__class_type_info const*, void const*, __cxxabiv1::__class_type_info::__upcast_result&) const
 .text._ZNK10__cxxabiv117__class_type_info10__do_catchEPKSt9type_infoPPvj
                0x00000000000031bc       0x2c /Applications/ARM/bin/../lib/gcc/arm-none-eabi/10.3.1/../../../../arm-none-eabi/lib/thumb/v7-m/nofp/libstdc++.a(class_type_info.o)
                0x00000000000031bc                __cxxabiv1::__class_type_info::__do_catch(std::type_info const*, void**, unsigned int) const
 .text          0x00000000000031e8        0x0 /Applications/ARM/bin/../lib/gcc/arm-none-eabi/10.3.1/../../../../arm-none-eabi/lib/thumb/v7-m/nofp/libstdc++.a(del_ops.o)
 .text._ZdlPvj  0x00000000000031e8        0x4 /Applications/ARM/bin/../lib/gcc/arm-none-eabi/10.3.1/../../../../arm-none-eabi/lib/thumb/v7-m/nofp/libstdc++.a(del_ops.o)
                0x00000000000031e8                operator delete(void*, unsigned int)
 .text          0x00000000000031ec        0x0 /Applications/ARM/bin/../lib/gcc/arm-none-eabi/10.3.1/../../../../arm-none-eabi/lib/thumb/v7-m/nofp/libstdc++.a(new_op.o)
 .text._Znwj    0x00000000000031ec       0x3c /Applications/ARM/bin/../lib/gcc/arm-none-eabi/10.3.1/../../../../arm-none-eabi/lib/thumb/v7-m/nofp/libstdc++.a(new_op.o)
                0x00000000000031ec                operator new(unsigned int)
 .text          0x0000000000003228        0x0 /Applications/ARM/bin/../lib/gcc/arm-none-eabi/10.3.1/../../../../arm-none-eabi/lib/thumb/v7-m/nofp/libstdc++.a(si_class_type_info.o)
 .text._ZN10__cxxabiv120__si_class_type_infoD2Ev
                0x0000000000003228       0x14 /Applications/ARM/bin/../lib/gcc/arm-none-eabi/10.3.1/../../../../arm-none-eabi/lib/thumb/v7-m/nofp/libstdc++.a(si_class_type_info.o)
                0x0000000000003228                __cxxabiv1::__si_class_type_info::~__si_class_type_info()
                0x0000000000003228                __cxxabiv1::__si_class_type_info::~__si_class_type_info()
 .text._ZN10__cxxabiv120__si_class_type_infoD0Ev
                0x000000000000323c       0x1c /Applications/ARM/bin/../lib/gcc/arm-none-eabi/10.3.1/../../../../arm-none-eabi/lib/thumb/v7-m/nofp/libstdc++.a(si_class_type_info.o)
                0x000000000000323c                __cxxabiv1::__si_class_type_info::~__si_class_type_info()
 .text._ZNK10__cxxabiv120__si_class_type_info20__do_find_public_srcEiPKvPKNS_17__class_type_infoES2_
                0x0000000000003258       0x3c /Applications/ARM/bin/../lib/gcc/arm-none-eabi/10.3.1/../../../../arm-none-eabi/lib/thumb/v7-m/nofp/libstdc++.a(si_class_type_info.o)
                0x0000000000003258                __cxxabiv1::__si_class_type_info::__do_find_public_src(int, void const*, __cxxabiv1::__class_type_info const*, void const*) const
 .text._ZNK10__cxxabiv120__si_class_type_info12__do_dyncastEiNS_17__class_type_info10__sub_kindEPKS1_PKvS4_S6_RNS1_16__dyncast_resultE
                0x0000000000003294       0x84 /Applications/ARM/bin/../lib/gcc/arm-none-eabi/10.3.1/../../../../arm-none-eabi/lib/thumb/v7-m/nofp/libstdc++.a(si_class_type_info.o)
                0x0000000000003294                __cxxabiv1::__si_class_type_info::__do_dyncast(int, __cxxabiv1::__class_type_info::__sub_kind, __cxxabiv1::__class_type_info const*, void const*, __cxxabiv1::__class_type_info const*, void const*, __cxxabiv1::__class_type_info::__dyncast_result&) const
 .text._ZNK10__cxxabiv120__si_class_type_info11__do_upcastEPKNS_17__class_type_infoEPKvRNS1_15__upcast_resultE
                0x0000000000003318       0x2c /Applications/ARM/bin/../lib/gcc/arm-none-eabi/10.3.1/../../../../arm-none-eabi/lib/thumb/v7-m/nofp/libstdc++.a(si_class_type_info.o)
                0x0000000000003318                __cxxabiv1::__si_class_type_info::__do_upcast(__cxxabiv1::__class_type_info const*, void const*, __cxxabiv1::__class_type_info::__upcast_result&) const
 .text          0x0000000000003344        0x0 /Applications/ARM/bin/../lib/gcc/arm-none-eabi/10.3.1/../../../../arm-none-eabi/lib/thumb/v7-m/nofp/libstdc++.a(tinfo.o)
 .text._ZNSt9type_infoD2Ev
                0x0000000000003344        0x4 /Applications/ARM/bin/../lib/gcc/arm-none-eabi/10.3.1/../../../../arm-none-eabi/lib/thumb/v7-m/nofp/libstdc++.a(tinfo.o)
                0x0000000000003344                std::type_info::~type_info()
                0x0000000000003344                std::type_info::~type_info()
 .text._ZNKSt9type_info14__is_pointer_pEv
                0x0000000000003348        0x4 /Applications/ARM/bin/../lib/gcc/arm-none-eabi/10.3.1/../../../../arm-none-eabi/lib/thumb/v7-m/nofp/libstdc++.a(tinfo.o)
                0x0000000000003348                std::type_info::__is_function_p() const
                0x0000000000003348                std::type_info::__is_pointer_p() const
 .text._ZNKSt9type_info11__do_upcastEPKN10__cxxabiv117__class_type_infoEPPv
                0x000000000000334c        0x4 /Applications/ARM/bin/../lib/gcc/arm-none-eabi/10.3.1/../../../../arm-none-eabi/lib/thumb/v7-m/nofp/libstdc++.a(tinfo.o)
                0x000000000000334c                std::type_info::__do_upcast(__cxxabiv1::__class_type_info const*, void**) const
 .text._ZNSt9type_infoD0Ev
                0x0000000000003350       0x10 /Applications/ARM/bin/../lib/gcc/arm-none-eabi/10.3.1/../../../../arm-none-eabi/lib/thumb/v7-m/nofp/libstdc++.a(tinfo.o)
                0x0000000000003350                std::type_info::~type_info()
 .text._ZNKSt9type_info10__do_catchEPKS_PPvj
                0x0000000000003360       0x2c /Applications/ARM/bin/../lib/gcc/arm-none-eabi/10.3.1/../../../../arm-none-eabi/lib/thumb/v7-m/nofp/libstdc++.a(tinfo.o)
                0x0000000000003360                std::type_info::__do_catch(std::type_info const*, void**, unsigned int) const
 .text._ZNKSt9type_infoeqERKS_
                0x000000000000338c       0x2c /Applications/ARM/bin/../lib/gcc/arm-none-eabi/10.3.1/../../../../arm-none-eabi/lib/thumb/v7-m/nofp/libstdc++.a(tinfo.o)
                0x000000000000338c                std::type_info::operator==(std::type_info const&) const
 .text          0x00000000000033b8        0x0 /Applications/ARM/bin/../lib/gcc/arm-none-eabi/10.3.1/../../../../arm-none-eabi/lib/thumb/v7-m/nofp/libstdc++.a(bad_alloc.o)
 .text._ZNKSt9bad_alloc4whatEv
                0x00000000000033b8        0x8 /Applications/ARM/bin/../lib/gcc/arm-none-eabi/10.3.1/../../../../arm-none-eabi/lib/thumb/v7-m/nofp/libstdc++.a(bad_alloc.o)
                0x00000000000033b8                std::bad_alloc::what() const
 .text._ZNSt9bad_allocD2Ev
                0x00000000000033c0       0x14 /Applications/ARM/bin/../lib/gcc/arm-none-eabi/10.3.1/../../../../arm-none-eabi/lib/thumb/v7-m/nofp/libstdc++.a(bad_alloc.o)
                0x00000000000033c0                std::bad_alloc::~bad_alloc()
                0x00000000000033c0                std::bad_alloc::~bad_alloc()
 .text._ZNSt9bad_allocD0Ev
                0x00000000000033d4       0x1c /Applications/ARM/bin/../lib/gcc/arm-none-eabi/10.3.1/../../../../arm-none-eabi/lib/thumb/v7-m/nofp/libstdc++.a(bad_alloc.o)
                0x00000000000033d4                std::bad_alloc::~bad_alloc()
 .text          0x00000000000033f0        0x0 /Applications/ARM/bin/../lib/gcc/arm-none-eabi/10.3.1/../../../../arm-none-eabi/lib/thumb/v7-m/nofp/libstdc++.a(del_op.o)
 .text._ZdlPv   0x00000000000033f0        0x4 /Applications/ARM/bin/../lib/gcc/arm-none-eabi/10.3.1/../../../../arm-none-eabi/lib/thumb/v7-m/nofp/libstdc++.a(del_op.o)
                0x00000000000033f0                operator delete(void*)
 .text          0x00000000000033f4        0x0 /Applications/ARM/bin/../lib/gcc/arm-none-eabi/10.3.1/../../../../arm-none-eabi/lib/thumb/v7-m/nofp/libstdc++.a(eh_alloc.o)
 .text._ZN12_GLOBAL__N_14pool4freeEPv.constprop.0
                0x00000000000033f4       0x84 /Applications/ARM/bin/../lib/gcc/arm-none-eabi/10.3.1/../../../../arm-none-eabi/lib/thumb/v7-m/nofp/libstdc++.a(eh_alloc.o)
 .text._ZN12_GLOBAL__N_14pool8allocateEj.constprop.0
                0x0000000000003478       0x60 /Applications/ARM/bin/../lib/gcc/arm-none-eabi/10.3.1/../../../../arm-none-eabi/lib/thumb/v7-m/nofp/libstdc++.a(eh_alloc.o)
 .text._ZN9__gnu_cxx9__freeresEv
                0x00000000000034d8       0x18 /Applications/ARM/bin/../lib/gcc/arm-none-eabi/10.3.1/../../../../arm-none-eabi/lib/thumb/v7-m/nofp/libstdc++.a(eh_alloc.o)
                0x00000000000034d8                __gnu_cxx::__freeres()
 .text.__cxa_allocate_exception
                0x00000000000034f0       0x30 /Applications/ARM/bin/../lib/gcc/arm-none-eabi/10.3.1/../../../../arm-none-eabi/lib/thumb/v7-m/nofp/libstdc++.a(eh_alloc.o)
                0x00000000000034f0                __cxa_allocate_exception
 .text.__cxa_free_exception
                0x0000000000003520       0x20 /Applications/ARM/bin/../lib/gcc/arm-none-eabi/10.3.1/../../../../arm-none-eabi/lib/thumb/v7-m/nofp/libstdc++.a(eh_alloc.o)
                0x0000000000003520                __cxa_free_exception
 .text.__cxa_allocate_dependent_exception
                0x0000000000003540       0x28 /Applications/ARM/bin/../lib/gcc/arm-none-eabi/10.3.1/../../../../arm-none-eabi/lib/thumb/v7-m/nofp/libstdc++.a(eh_alloc.o)
                0x0000000000003540                __cxa_allocate_dependent_exception
 .text.__cxa_free_dependent_exception
                0x0000000000003568       0x20 /Applications/ARM/bin/../lib/gcc/arm-none-eabi/10.3.1/../../../../arm-none-eabi/lib/thumb/v7-m/nofp/libstdc++.a(eh_alloc.o)
                0x0000000000003568                __cxa_free_dependent_exception
 .text.startup._GLOBAL__sub_I__ZN9__gnu_cxx9__freeresEv
                0x0000000000003588       0x28 /Applications/ARM/bin/../lib/gcc/arm-none-eabi/10.3.1/../../../../arm-none-eabi/lib/thumb/v7-m/nofp/libstdc++.a(eh_alloc.o)
 .text          0x00000000000035b0        0x0 /Applications/ARM/bin/../lib/gcc/arm-none-eabi/10.3.1/../../../../arm-none-eabi/lib/thumb/v7-m/nofp/libstdc++.a(eh_exception.o)
 .text._ZNSt9exceptionD2Ev
                0x00000000000035b0        0x4 /Applications/ARM/bin/../lib/gcc/arm-none-eabi/10.3.1/../../../../arm-none-eabi/lib/thumb/v7-m/nofp/libstdc++.a(eh_exception.o)
                0x00000000000035b0                std::exception::~exception()
                0x00000000000035b0                std::exception::~exception()
 .text._ZNSt13bad_exceptionD2Ev
                0x00000000000035b4        0x4 /Applications/ARM/bin/../lib/gcc/arm-none-eabi/10.3.1/../../../../arm-none-eabi/lib/thumb/v7-m/nofp/libstdc++.a(eh_exception.o)
                0x00000000000035b4                std::bad_exception::~bad_exception()
                0x00000000000035b4                std::bad_exception::~bad_exception()
 .text._ZNKSt9exception4whatEv
                0x00000000000035b8        0x8 /Applications/ARM/bin/../lib/gcc/arm-none-eabi/10.3.1/../../../../arm-none-eabi/lib/thumb/v7-m/nofp/libstdc++.a(eh_exception.o)
                0x00000000000035b8                transaction clone for std::exception::what() const
                0x00000000000035b8                std::exception::what() const
 .text._ZNKSt13bad_exception4whatEv
                0x00000000000035c0        0x8 /Applications/ARM/bin/../lib/gcc/arm-none-eabi/10.3.1/../../../../arm-none-eabi/lib/thumb/v7-m/nofp/libstdc++.a(eh_exception.o)
                0x00000000000035c0                transaction clone for std::bad_exception::what() const
                0x00000000000035c0                std::bad_exception::what() const
 .text._ZNSt9exceptionD0Ev
                0x00000000000035c8       0x10 /Applications/ARM/bin/../lib/gcc/arm-none-eabi/10.3.1/../../../../arm-none-eabi/lib/thumb/v7-m/nofp/libstdc++.a(eh_exception.o)
                0x00000000000035c8                std::exception::~exception()
 .text._ZNSt13bad_exceptionD0Ev
                0x00000000000035d8       0x10 /Applications/ARM/bin/../lib/gcc/arm-none-eabi/10.3.1/../../../../arm-none-eabi/lib/thumb/v7-m/nofp/libstdc++.a(eh_exception.o)
                0x00000000000035d8                std::bad_exception::~bad_exception()
 .text._ZN10__cxxabiv115__forced_unwindD2Ev
                0x00000000000035e8        0x4 /Applications/ARM/bin/../lib/gcc/arm-none-eabi/10.3.1/../../../../arm-none-eabi/lib/thumb/v7-m/nofp/libstdc++.a(eh_exception.o)
                0x00000000000035e8                __cxxabiv1::__forced_unwind::~__forced_unwind()
                0x00000000000035e8                __cxxabiv1::__forced_unwind::~__forced_unwind()
 .text._ZN10__cxxabiv115__forced_unwindD0Ev
                0x00000000000035ec       0x10 /Applications/ARM/bin/../lib/gcc/arm-none-eabi/10.3.1/../../../../arm-none-eabi/lib/thumb/v7-m/nofp/libstdc++.a(eh_exception.o)
                0x00000000000035ec                __cxxabiv1::__forced_unwind::~__forced_unwind()
 .text._ZN10__cxxabiv119__foreign_exceptionD2Ev
                0x00000000000035fc        0x4 /Applications/ARM/bin/../lib/gcc/arm-none-eabi/10.3.1/../../../../arm-none-eabi/lib/thumb/v7-m/nofp/libstdc++.a(eh_exception.o)
                0x00000000000035fc                __cxxabiv1::__foreign_exception::~__foreign_exception()
                0x00000000000035fc                __cxxabiv1::__foreign_exception::~__foreign_exception()
 .text._ZN10__cxxabiv119__foreign_exceptionD0Ev
                0x0000000000003600       0x10 /Applications/ARM/bin/../lib/gcc/arm-none-eabi/10.3.1/../../../../arm-none-eabi/lib/thumb/v7-m/nofp/libstdc++.a(eh_exception.o)
                0x0000000000003600                __cxxabiv1::__foreign_exception::~__foreign_exception()
 .text._ZGTtNKSt9exceptionD1Ev
                0x0000000000003610        0x4 /Applications/ARM/bin/../lib/gcc/arm-none-eabi/10.3.1/../../../../arm-none-eabi/lib/thumb/v7-m/nofp/libstdc++.a(eh_exception.o)
                0x0000000000003610                transaction clone for std::exception::~exception() const
 .text._ZGTtNKSt13bad_exceptionD1Ev
                0x0000000000003614        0x4 /Applications/ARM/bin/../lib/gcc/arm-none-eabi/10.3.1/../../../../arm-none-eabi/lib/thumb/v7-m/nofp/libstdc++.a(eh_exception.o)
                0x0000000000003614                transaction clone for std::bad_exception::~bad_exception() const
 .text          0x0000000000003618        0x0 /Applications/ARM/bin/../lib/gcc/arm-none-eabi/10.3.1/../../../../arm-none-eabi/lib/thumb/v7-m/nofp/libstdc++.a(eh_terminate.o)
 .text._ZN10__cxxabiv111__terminateEPFvvE
                0x0000000000003618       0x28 /Applications/ARM/bin/../lib/gcc/arm-none-eabi/10.3.1/../../../../arm-none-eabi/lib/thumb/v7-m/nofp/libstdc++.a(eh_terminate.o)
                0x0000000000003618                __cxxabiv1::__terminate(void (*)())
 .text._ZSt9terminatev
                0x0000000000003640       0x14 /Applications/ARM/bin/../lib/gcc/arm-none-eabi/10.3.1/../../../../arm-none-eabi/lib/thumb/v7-m/nofp/libstdc++.a(eh_terminate.o)
                0x0000000000003640                std::terminate()
 .text._ZN10__cxxabiv112__unexpectedEPFvvE
                0x0000000000003654        0x8 /Applications/ARM/bin/../lib/gcc/arm-none-eabi/10.3.1/../../../../arm-none-eabi/lib/thumb/v7-m/nofp/libstdc++.a(eh_terminate.o)
                0x0000000000003654                __cxxabiv1::__unexpected(void (*)())
 .text._ZSt10unexpectedv
                0x000000000000365c       0x14 /Applications/ARM/bin/../lib/gcc/arm-none-eabi/10.3.1/../../../../arm-none-eabi/lib/thumb/v7-m/nofp/libstdc++.a(eh_terminate.o)
                0x000000000000365c                std::unexpected()
 .text._ZSt13set_terminatePFvvE
                0x0000000000003670       0x28 /Applications/ARM/bin/../lib/gcc/arm-none-eabi/10.3.1/../../../../arm-none-eabi/lib/thumb/v7-m/nofp/libstdc++.a(eh_terminate.o)
                0x0000000000003670                std::set_terminate(void (*)())
 .text._ZSt13get_terminatev
                0x0000000000003698       0x10 /Applications/ARM/bin/../lib/gcc/arm-none-eabi/10.3.1/../../../../arm-none-eabi/lib/thumb/v7-m/nofp/libstdc++.a(eh_terminate.o)
                0x0000000000003698                std::get_terminate()
 .text._ZSt14set_unexpectedPFvvE
                0x00000000000036a8       0x28 /Applications/ARM/bin/../lib/gcc/arm-none-eabi/10.3.1/../../../../arm-none-eabi/lib/thumb/v7-m/nofp/libstdc++.a(eh_terminate.o)
                0x00000000000036a8                std::set_unexpected(void (*)())
 .text._ZSt14get_unexpectedv
                0x00000000000036d0       0x10 /Applications/ARM/bin/../lib/gcc/arm-none-eabi/10.3.1/../../../../arm-none-eabi/lib/thumb/v7-m/nofp/libstdc++.a(eh_terminate.o)
                0x00000000000036d0                std::get_unexpected()
 .text          0x00000000000036e0        0x0 /Applications/ARM/bin/../lib/gcc/arm-none-eabi/10.3.1/../../../../arm-none-eabi/lib/thumb/v7-m/nofp/libstdc++.a(eh_throw.o)
 .text._ZL23__gxx_exception_cleanup19_Unwind_Reason_CodeP21_Unwind_Control_Block
                0x00000000000036e0       0x44 /Applications/ARM/bin/../lib/gcc/arm-none-eabi/10.3.1/../../../../arm-none-eabi/lib/thumb/v7-m/nofp/libstdc++.a(eh_throw.o)
 .text.__cxa_init_primary_exception
                0x0000000000003724       0x58 /Applications/ARM/bin/../lib/gcc/arm-none-eabi/10.3.1/../../../../arm-none-eabi/lib/thumb/v7-m/nofp/libstdc++.a(eh_throw.o)
                0x0000000000003724                __cxa_init_primary_exception
 .text.__cxa_throw
                0x000000000000377c       0x38 /Applications/ARM/bin/../lib/gcc/arm-none-eabi/10.3.1/../../../../arm-none-eabi/lib/thumb/v7-m/nofp/libstdc++.a(eh_throw.o)
                0x000000000000377c                __cxa_throw
 .text.__cxa_rethrow
                0x00000000000037b4       0x70 /Applications/ARM/bin/../lib/gcc/arm-none-eabi/10.3.1/../../../../arm-none-eabi/lib/thumb/v7-m/nofp/libstdc++.a(eh_throw.o)
                0x00000000000037b4                __cxa_rethrow
 .text          0x0000000000003824        0x0 /Applications/ARM/bin/../lib/gcc/arm-none-eabi/10.3.1/../../../../arm-none-eabi/lib/thumb/v7-m/nofp/libstdc++.a(eh_unex_handler.o)
 .text          0x0000000000003824        0x0 /Applications/ARM/bin/../lib/gcc/arm-none-eabi/10.3.1/../../../../arm-none-eabi/lib/thumb/v7-m/nofp/libstdc++.a(new_handler.o)
 .text._ZSt15set_new_handlerPFvvE
                0x0000000000003824       0x20 /Applications/ARM/bin/../lib/gcc/arm-none-eabi/10.3.1/../../../../arm-none-eabi/lib/thumb/v7-m/nofp/libstdc++.a(new_handler.o)
                0x0000000000003824                std::set_new_handler(void (*)())
 .text._ZSt15get_new_handlerv
                0x0000000000003844       0x10 /Applications/ARM/bin/../lib/gcc/arm-none-eabi/10.3.1/../../../../arm-none-eabi/lib/thumb/v7-m/nofp/libstdc++.a(new_handler.o)
                0x0000000000003844                std::get_new_handler()
 .text          0x0000000000003854        0x0 /Applications/ARM/bin/../lib/gcc/arm-none-eabi/10.3.1/../../../../arm-none-eabi/lib/thumb/v7-m/nofp/libstdc++.a(pure.o)
 .text.__cxa_pure_virtual
                0x0000000000003854       0x14 /Applications/ARM/bin/../lib/gcc/arm-none-eabi/10.3.1/../../../../arm-none-eabi/lib/thumb/v7-m/nofp/libstdc++.a(pure.o)
                0x0000000000003854                __cxa_pure_virtual
 .text.__cxa_deleted_virtual
                0x0000000000003868       0x14 /Applications/ARM/bin/../lib/gcc/arm-none-eabi/10.3.1/../../../../arm-none-eabi/lib/thumb/v7-m/nofp/libstdc++.a(pure.o)
                0x0000000000003868                __cxa_deleted_virtual
 .text          0x000000000000387c        0x0 /Applications/ARM/bin/../lib/gcc/arm-none-eabi/10.3.1/../../../../arm-none-eabi/lib/thumb/v7-m/nofp/libstdc++.a(vterminate.o)
 .text._ZN9__gnu_cxx27__verbose_terminate_handlerEv
                0x000000000000387c      0x10c /Applications/ARM/bin/../lib/gcc/arm-none-eabi/10.3.1/../../../../arm-none-eabi/lib/thumb/v7-m/nofp/libstdc++.a(vterminate.o)
                0x000000000000387c                __gnu_cxx::__verbose_terminate_handler()
 .text          0x0000000000003988     0x5fd8 /Applications/ARM/bin/../lib/gcc/arm-none-eabi/10.3.1/../../../../arm-none-eabi/lib/thumb/v7-m/nofp/libstdc++.a(cp-demangle.o)
                0x0000000000009878                __cxa_demangle
                0x000000000000993c                __gcclibcxx_demangle_callback
 .text          0x0000000000009960        0x0 /Applications/ARM/bin/../lib/gcc/arm-none-eabi/10.3.1/../../../../arm-none-eabi/lib/thumb/v7-m/nofp/libstdc++.a(eh_arm.o)
 .text.__cxa_end_cleanup
                0x0000000000009960        0xc /Applications/ARM/bin/../lib/gcc/arm-none-eabi/10.3.1/../../../../arm-none-eabi/lib/thumb/v7-m/nofp/libstdc++.a(eh_arm.o)
                0x0000000000009960                __cxa_end_cleanup
 .text.__cxa_type_match
                0x000000000000996c       0xb4 /Applications/ARM/bin/../lib/gcc/arm-none-eabi/10.3.1/../../../../arm-none-eabi/lib/thumb/v7-m/nofp/libstdc++.a(eh_arm.o)
                0x000000000000996c                __cxa_type_match
 .text.__cxa_begin_cleanup
                0x0000000000009a20       0x64 /Applications/ARM/bin/../lib/gcc/arm-none-eabi/10.3.1/../../../../arm-none-eabi/lib/thumb/v7-m/nofp/libstdc++.a(eh_arm.o)
                0x0000000000009a20                __cxa_begin_cleanup
 .text.__gnu_end_cleanup
                0x0000000000009a84       0x70 /Applications/ARM/bin/../lib/gcc/arm-none-eabi/10.3.1/../../../../arm-none-eabi/lib/thumb/v7-m/nofp/libstdc++.a(eh_arm.o)
                0x0000000000009a84                __gnu_end_cleanup
 .text          0x0000000000009af4        0x0 /Applications/ARM/bin/../lib/gcc/arm-none-eabi/10.3.1/../../../../arm-none-eabi/lib/thumb/v7-m/nofp/libstdc++.a(eh_call.o)
 .text._ZN10__cxxabiv1L24__is_gxx_exception_classEPc
                0x0000000000009af4       0x3c /Applications/ARM/bin/../lib/gcc/arm-none-eabi/10.3.1/../../../../arm-none-eabi/lib/thumb/v7-m/nofp/libstdc++.a(eh_call.o)
 .text.__cxa_call_terminate
                0x0000000000009b30       0x20 /Applications/ARM/bin/../lib/gcc/arm-none-eabi/10.3.1/../../../../arm-none-eabi/lib/thumb/v7-m/nofp/libstdc++.a(eh_call.o)
                0x0000000000009b30                __cxa_call_terminate
 .text.unlikely.__cxa_call_unexpected
                0x0000000000009b50       0xe8 /Applications/ARM/bin/../lib/gcc/arm-none-eabi/10.3.1/../../../../arm-none-eabi/lib/thumb/v7-m/nofp/libstdc++.a(eh_call.o)
                0x0000000000009b50                __cxa_call_unexpected
 .text          0x0000000000009c38        0x0 /Applications/ARM/bin/../lib/gcc/arm-none-eabi/10.3.1/../../../../arm-none-eabi/lib/thumb/v7-m/nofp/libstdc++.a(eh_catch.o)
 .text.__cxa_get_exception_ptr
                0x0000000000009c38        0x4 /Applications/ARM/bin/../lib/gcc/arm-none-eabi/10.3.1/../../../../arm-none-eabi/lib/thumb/v7-m/nofp/libstdc++.a(eh_catch.o)
                0x0000000000009c38                __cxa_get_exception_ptr
 .text.__cxa_begin_catch
                0x0000000000009c3c       0x80 /Applications/ARM/bin/../lib/gcc/arm-none-eabi/10.3.1/../../../../arm-none-eabi/lib/thumb/v7-m/nofp/libstdc++.a(eh_catch.o)
                0x0000000000009c3c                __cxa_begin_catch
 .text.__cxa_end_catch
                0x0000000000009cbc       0x88 /Applications/ARM/bin/../lib/gcc/arm-none-eabi/10.3.1/../../../../arm-none-eabi/lib/thumb/v7-m/nofp/libstdc++.a(eh_catch.o)
                0x0000000000009cbc                __cxa_end_catch
 .text._ZSt18uncaught_exceptionv
                0x0000000000009d44       0x10 /Applications/ARM/bin/../lib/gcc/arm-none-eabi/10.3.1/../../../../arm-none-eabi/lib/thumb/v7-m/nofp/libstdc++.a(eh_catch.o)
                0x0000000000009d44                std::uncaught_exception()
 .text._ZSt19uncaught_exceptionsv
                0x0000000000009d54        0xc /Applications/ARM/bin/../lib/gcc/arm-none-eabi/10.3.1/../../../../arm-none-eabi/lib/thumb/v7-m/nofp/libstdc++.a(eh_catch.o)
                0x0000000000009d54                std::uncaught_exceptions()
 .text          0x0000000000009d60        0x0 /Applications/ARM/bin/../lib/gcc/arm-none-eabi/10.3.1/../../../../arm-none-eabi/lib/thumb/v7-m/nofp/libstdc++.a(eh_globals.o)
 .text.__cxa_get_globals_fast
                0x0000000000009d60        0x8 /Applications/ARM/bin/../lib/gcc/arm-none-eabi/10.3.1/../../../../arm-none-eabi/lib/thumb/v7-m/nofp/libstdc++.a(eh_globals.o)
                0x0000000000009d60                __cxa_get_globals_fast
 .text.__cxa_get_globals
                0x0000000000009d68        0x8 /Applications/ARM/bin/../lib/gcc/arm-none-eabi/10.3.1/../../../../arm-none-eabi/lib/thumb/v7-m/nofp/libstdc++.a(eh_globals.o)
                0x0000000000009d68                __cxa_get_globals
 .text          0x0000000000009d70        0x0 /Applications/ARM/bin/../lib/gcc/arm-none-eabi/10.3.1/../../../../arm-none-eabi/lib/thumb/v7-m/nofp/libstdc++.a(eh_personality.o)
 .text._ZL28read_encoded_value_with_basehjPKhPj
                0x0000000000009d70       0xc0 /Applications/ARM/bin/../lib/gcc/arm-none-eabi/10.3.1/../../../../arm-none-eabi/lib/thumb/v7-m/nofp/libstdc++.a(eh_personality.o)
 .text._ZL21base_of_encoded_valuehP15_Unwind_Context
                0x0000000000009e30       0x48 /Applications/ARM/bin/../lib/gcc/arm-none-eabi/10.3.1/../../../../arm-none-eabi/lib/thumb/v7-m/nofp/libstdc++.a(eh_personality.o)
 .text._ZL17parse_lsda_headerP15_Unwind_ContextPKhP16lsda_header_info
                0x0000000000009e78       0x94 /Applications/ARM/bin/../lib/gcc/arm-none-eabi/10.3.1/../../../../arm-none-eabi/lib/thumb/v7-m/nofp/libstdc++.a(eh_personality.o)
 .text.__gxx_personality_v0
                0x0000000000009f0c      0x4a4 /Applications/ARM/bin/../lib/gcc/arm-none-eabi/10.3.1/../../../../arm-none-eabi/lib/thumb/v7-m/nofp/libstdc++.a(eh_personality.o)
                0x0000000000009f0c                __gxx_personality_v0
 .text          0x000000000000a3b0        0x0 /Applications/ARM/bin/../lib/gcc/arm-none-eabi/10.3.1/../../../../arm-none-eabi/lib/thumb/v7-m/nofp/libstdc++.a(eh_term_handler.o)
 .text          0x000000000000a3b0        0x0 /Applications/ARM/bin/../lib/gcc/arm-none-eabi/10.3.1/../../../../arm-none-eabi/lib/thumb/v7-m/nofp/libstdc++.a(eh_type.o)
 .text.__cxa_current_exception_type
                0x000000000000a3b0       0x1c /Applications/ARM/bin/../lib/gcc/arm-none-eabi/10.3.1/../../../../arm-none-eabi/lib/thumb/v7-m/nofp/libstdc++.a(eh_type.o)
                0x000000000000a3b0                __cxa_current_exception_type
 .text          0x000000000000a3cc        0x0 /Applications/ARM/bin/../lib/gcc/arm-none-eabi/10.3.1/../../../../arm-none-eabi/lib/thumb/v7-m/nofp/libm.a(lib_a-sf_ceil.o)
 .text.ceilf    0x000000000000a3cc       0x7c /Applications/ARM/bin/../lib/gcc/arm-none-eabi/10.3.1/../../../../arm-none-eabi/lib/thumb/v7-m/nofp/libm.a(lib_a-sf_ceil.o)
                0x000000000000a3cc                ceilf
 .text          0x000000000000a448        0x0 /Applications/ARM/bin/../lib/gcc/arm-none-eabi/10.3.1/../../../../arm-none-eabi/lib/thumb/v7-m/nofp/libm.a(lib_a-sf_floor.o)
 .text.floorf   0x000000000000a448       0x80 /Applications/ARM/bin/../lib/gcc/arm-none-eabi/10.3.1/../../../../arm-none-eabi/lib/thumb/v7-m/nofp/libm.a(lib_a-sf_floor.o)
                0x000000000000a448                floorf
 .text          0x000000000000a4c8        0x0 /Applications/ARM/bin/../lib/gcc/arm-none-eabi/10.3.1/../../../../arm-none-eabi/lib/thumb/v7-m/nofp/libm.a(lib_a-sf_round.o)
 .text.roundf   0x000000000000a4c8       0x48 /Applications/ARM/bin/../lib/gcc/arm-none-eabi/10.3.1/../../../../arm-none-eabi/lib/thumb/v7-m/nofp/libm.a(lib_a-sf_round.o)
                0x000000000000a4c8                roundf
 .text          0x000000000000a510      0x168 /Applications/ARM/bin/../lib/gcc/arm-none-eabi/10.3.1/thumb/v7-m/nofp/libgcc.a(_arm_mulsf3.o)
 .text          0x000000000000a678       0x2c /Applications/ARM/bin/../lib/gcc/arm-none-eabi/10.3.1/thumb/v7-m/nofp/libgcc.a(_arm_unorddf2.o)
                0x000000000000a678                __aeabi_dcmpun
                0x000000000000a678                __unorddf2
 .text          0x000000000000a6a4      0x21c /Applications/ARM/bin/../lib/gcc/arm-none-eabi/10.3.1/thumb/v7-m/nofp/libgcc.a(_arm_addsubsf3.o)
                0x000000000000a6a4                __aeabi_frsub
                0x000000000000a6ac                __aeabi_fsub
                0x000000000000a6ac                __subsf3
                0x000000000000a6b0                __aeabi_fadd
                0x000000000000a6b0                __addsf3
                0x000000000000a810                __aeabi_ui2f
                0x000000000000a810                __floatunsisf
                0x000000000000a818                __floatsisf
                0x000000000000a818                __aeabi_i2f
                0x000000000000a834                __aeabi_ul2f
                0x000000000000a834                __floatundisf
                0x000000000000a844                __aeabi_l2f
                0x000000000000a844                __floatdisf
 .text          0x000000000000a8c0      0x2a0 /Applications/ARM/bin/../lib/gcc/arm-none-eabi/10.3.1/thumb/v7-m/nofp/libgcc.a(_arm_muldivsf3.o)
                0x000000000000a8c0                __mulsf3
                0x000000000000a8c0                __aeabi_fmul
                0x000000000000aa28                __divsf3
                0x000000000000aa28                __aeabi_fdiv
 .text          0x000000000000ab60       0xec /Applications/ARM/bin/../lib/gcc/arm-none-eabi/10.3.1/thumb/v7-m/nofp/libgcc.a(_arm_cmpsf2.o)
                0x000000000000ab60                __gesf2
                0x000000000000ab60                __gtsf2
                0x000000000000ab68                __ltsf2
                0x000000000000ab68                __lesf2
                0x000000000000ab70                __nesf2
                0x000000000000ab70                __eqsf2
                0x000000000000ab70                __cmpsf2
                0x000000000000abd0                __aeabi_cfrcmple
                0x000000000000abd8                __aeabi_cfcmpeq
                0x000000000000abd8                __aeabi_cfcmple
                0x000000000000abe8                __aeabi_fcmpeq
                0x000000000000abfc                __aeabi_fcmplt
                0x000000000000ac10                __aeabi_fcmple
                0x000000000000ac24                __aeabi_fcmpge
                0x000000000000ac38                __aeabi_fcmpgt
 .text          0x000000000000ac4c       0x2c /Applications/ARM/bin/../lib/gcc/arm-none-eabi/10.3.1/thumb/v7-m/nofp/libgcc.a(_arm_unordsf2.o)
                0x000000000000ac4c                __aeabi_fcmpun
                0x000000000000ac4c                __unordsf2
 .text          0x000000000000ac78       0x4c /Applications/ARM/bin/../lib/gcc/arm-none-eabi/10.3.1/thumb/v7-m/nofp/libgcc.a(_arm_fixsfsi.o)
                0x000000000000ac78                __fixsfsi
                0x000000000000ac78                __aeabi_f2iz
 .text          0x000000000000acc4      0x9e4 /Applications/ARM/bin/../lib/gcc/arm-none-eabi/10.3.1/thumb/v7-m/nofp/libgcc.a(unwind-arm.o)
                0x000000000000af84                _Unwind_GetCFA
                0x000000000000af88                __gnu_Unwind_RaiseException
                0x000000000000aff0                __gnu_Unwind_ForcedUnwind
                0x000000000000b004                __gnu_Unwind_Resume
                0x000000000000b048                __gnu_Unwind_Resume_or_Rethrow
                0x000000000000b05c                _Unwind_Complete
                0x000000000000b060                _Unwind_DeleteException
                0x000000000000b06c                _Unwind_VRS_Get
                0x000000000000b0b8                _Unwind_VRS_Set
                0x000000000000b100                __gnu_Unwind_Backtrace
                0x000000000000b428                __aeabi_unwind_cpp_pr0
                0x000000000000b42c                __aeabi_unwind_cpp_pr1
                0x000000000000b430                __aeabi_unwind_cpp_pr2
                0x000000000000b434                _Unwind_VRS_Pop
 .text          0x000000000000b6a8      0x1ac /Applications/ARM/bin/../lib/gcc/arm-none-eabi/10.3.1/thumb/v7-m/nofp/libgcc.a(libunwind.o)
                0x000000000000b6a8                __restore_core_regs
                0x000000000000b6a8                restore_core_regs
                0x000000000000b6c0                __gnu_Unwind_Restore_VFP
                0x000000000000b6c8                __gnu_Unwind_Save_VFP
                0x000000000000b6d0                __gnu_Unwind_Restore_VFP_D
                0x000000000000b6d8                __gnu_Unwind_Save_VFP_D
                0x000000000000b6e0                __gnu_Unwind_Restore_VFP_D_16_to_31
                0x000000000000b6e8                __gnu_Unwind_Save_VFP_D_16_to_31
                0x000000000000b6f0                __gnu_Unwind_Restore_WMMXD
                0x000000000000b734                __gnu_Unwind_Save_WMMXD
                0x000000000000b778                __gnu_Unwind_Restore_WMMXC
                0x000000000000b78c                __gnu_Unwind_Save_WMMXC
                0x000000000000b7a0                _Unwind_RaiseException
                0x000000000000b7a0                ___Unwind_RaiseException
                0x000000000000b7c4                ___Unwind_Resume
                0x000000000000b7c4                _Unwind_Resume
                0x000000000000b7e8                ___Unwind_Resume_or_Rethrow
                0x000000000000b7e8                _Unwind_Resume_or_Rethrow
                0x000000000000b80c                _Unwind_ForcedUnwind
                0x000000000000b80c                ___Unwind_ForcedUnwind
                0x000000000000b830                _Unwind_Backtrace
                0x000000000000b830                ___Unwind_Backtrace
 .text          0x000000000000b854      0x38c /Applications/ARM/bin/../lib/gcc/arm-none-eabi/10.3.1/thumb/v7-m/nofp/libgcc.a(pr-support.o)
                0x000000000000b8ac                __gnu_unwind_execute
                0x000000000000bb90                __gnu_unwind_frame
                0x000000000000bbc0                _Unwind_GetRegionStart
                0x000000000000bbcc                _Unwind_GetLanguageSpecificData
 .text.unlikely
                0x000000000000bbe0        0xc /Applications/ARM/bin/../lib/gcc/arm-none-eabi/10.3.1/thumb/v7-m/nofp/libgcc.a(pr-support.o)
                0x000000000000bbe0                _Unwind_GetDataRelBase
                0x000000000000bbe6                _Unwind_GetTextRelBase
 .text          0x000000000000bbec        0x0 /Applications/ARM/bin/../lib/gcc/arm-none-eabi/10.3.1/../../../../arm-none-eabi/lib/thumb/v7-m/nofp/libg.a(lib_a-abort.o)
 .text.abort    0x000000000000bbec       0x10 /Applications/ARM/bin/../lib/gcc/arm-none-eabi/10.3.1/../../../../arm-none-eabi/lib/thumb/v7-m/nofp/libg.a(lib_a-abort.o)
                0x000000000000bbec                abort
 .text          0x000000000000bbfc        0x0 /Applications/ARM/bin/../lib/gcc/arm-none-eabi/10.3.1/../../../../arm-none-eabi/lib/thumb/v7-m/nofp/libg.a(lib_a-assert.o)
 .text.__assert_func
                0x000000000000bbfc       0x40 /Applications/ARM/bin/../lib/gcc/arm-none-eabi/10.3.1/../../../../arm-none-eabi/lib/thumb/v7-m/nofp/libg.a(lib_a-assert.o)
                0x000000000000bbfc                __assert_func
 .text.__assert
                0x000000000000bc3c        0xc /Applications/ARM/bin/../lib/gcc/arm-none-eabi/10.3.1/../../../../arm-none-eabi/lib/thumb/v7-m/nofp/libg.a(lib_a-assert.o)
                0x000000000000bc3c                __assert
 .text          0x000000000000bc48        0x0 /Applications/ARM/bin/../lib/gcc/arm-none-eabi/10.3.1/../../../../arm-none-eabi/lib/thumb/v7-m/nofp/libg.a(lib_a-exit.o)
 .text.exit     0x000000000000bc48       0x20 /Applications/ARM/bin/../lib/gcc/arm-none-eabi/10.3.1/../../../../arm-none-eabi/lib/thumb/v7-m/nofp/libg.a(lib_a-exit.o)
                0x000000000000bc48                exit
 .text          0x000000000000bc68        0x0 /Applications/ARM/bin/../lib/gcc/arm-none-eabi/10.3.1/../../../../arm-none-eabi/lib/thumb/v7-m/nofp/libg.a(lib_a-fiprintf.o)
 .text._fiprintf_r
                0x000000000000bc68       0x1c /Applications/ARM/bin/../lib/gcc/arm-none-eabi/10.3.1/../../../../arm-none-eabi/lib/thumb/v7-m/nofp/libg.a(lib_a-fiprintf.o)
                0x000000000000bc68                _fiprintf_r
 .text.fiprintf
                0x000000000000bc84       0x28 /Applications/ARM/bin/../lib/gcc/arm-none-eabi/10.3.1/../../../../arm-none-eabi/lib/thumb/v7-m/nofp/libg.a(lib_a-fiprintf.o)
                0x000000000000bc84                fiprintf
 .text          0x000000000000bcac        0x0 /Applications/ARM/bin/../lib/gcc/arm-none-eabi/10.3.1/../../../../arm-none-eabi/lib/thumb/v7-m/nofp/libg.a(lib_a-fputc.o)
 .text._fputc_r
                0x000000000000bcac       0x50 /Applications/ARM/bin/../lib/gcc/arm-none-eabi/10.3.1/../../../../arm-none-eabi/lib/thumb/v7-m/nofp/libg.a(lib_a-fputc.o)
                0x000000000000bcac                _fputc_r
 .text.fputc    0x000000000000bcfc       0x58 /Applications/ARM/bin/../lib/gcc/arm-none-eabi/10.3.1/../../../../arm-none-eabi/lib/thumb/v7-m/nofp/libg.a(lib_a-fputc.o)
                0x000000000000bcfc                fputc
 .text          0x000000000000bd54        0x0 /Applications/ARM/bin/../lib/gcc/arm-none-eabi/10.3.1/../../../../arm-none-eabi/lib/thumb/v7-m/nofp/libg.a(lib_a-fputs.o)
 .text._fputs_r
                0x000000000000bd54       0x88 /Applications/ARM/bin/../lib/gcc/arm-none-eabi/10.3.1/../../../../arm-none-eabi/lib/thumb/v7-m/nofp/libg.a(lib_a-fputs.o)
                0x000000000000bd54                _fputs_r
 .text.fputs    0x000000000000bddc       0x14 /Applications/ARM/bin/../lib/gcc/arm-none-eabi/10.3.1/../../../../arm-none-eabi/lib/thumb/v7-m/nofp/libg.a(lib_a-fputs.o)
                0x000000000000bddc                fputs
 .text          0x000000000000bdf0        0x0 /Applications/ARM/bin/../lib/gcc/arm-none-eabi/10.3.1/../../../../arm-none-eabi/lib/thumb/v7-m/nofp/libg.a(lib_a-fvwrite.o)
 .text.__sfvwrite_r
                0x000000000000bdf0      0x2f0 /Applications/ARM/bin/../lib/gcc/arm-none-eabi/10.3.1/../../../../arm-none-eabi/lib/thumb/v7-m/nofp/libg.a(lib_a-fvwrite.o)
                0x000000000000bdf0                __sfvwrite_r
 .text          0x000000000000c0e0        0x0 /Applications/ARM/bin/../lib/gcc/arm-none-eabi/10.3.1/../../../../arm-none-eabi/lib/thumb/v7-m/nofp/libg.a(lib_a-fwrite.o)
 .text._fwrite_r
                0x000000000000c0e0       0xa8 /Applications/ARM/bin/../lib/gcc/arm-none-eabi/10.3.1/../../../../arm-none-eabi/lib/thumb/v7-m/nofp/libg.a(lib_a-fwrite.o)
                0x000000000000c0e0                _fwrite_r
 .text.fwrite   0x000000000000c188       0x24 /Applications/ARM/bin/../lib/gcc/arm-none-eabi/10.3.1/../../../../arm-none-eabi/lib/thumb/v7-m/nofp/libg.a(lib_a-fwrite.o)
                0x000000000000c188                fwrite
 .text          0x000000000000c1ac        0x0 /Applications/ARM/bin/../lib/gcc/arm-none-eabi/10.3.1/../../../../arm-none-eabi/lib/thumb/v7-m/nofp/libg.a(lib_a-impure.o)
 .text          0x000000000000c1ac        0x0 /Applications/ARM/bin/../lib/gcc/arm-none-eabi/10.3.1/../../../../arm-none-eabi/lib/thumb/v7-m/nofp/libg.a(lib_a-init.o)
 .text.__libc_init_array
                0x000000000000c1ac       0x48 /Applications/ARM/bin/../lib/gcc/arm-none-eabi/10.3.1/../../../../arm-none-eabi/lib/thumb/v7-m/nofp/libg.a(lib_a-init.o)
                0x000000000000c1ac                __libc_init_array
 .text          0x000000000000c1f4        0x0 /Applications/ARM/bin/../lib/gcc/arm-none-eabi/10.3.1/../../../../arm-none-eabi/lib/thumb/v7-m/nofp/libg.a(lib_a-iprintf.o)
 .text.iprintf  0x000000000000c1f4       0x28 /Applications/ARM/bin/../lib/gcc/arm-none-eabi/10.3.1/../../../../arm-none-eabi/lib/thumb/v7-m/nofp/libg.a(lib_a-iprintf.o)
                0x000000000000c1f4                iprintf
 .text._iprintf_r
                0x000000000000c21c       0x20 /Applications/ARM/bin/../lib/gcc/arm-none-eabi/10.3.1/../../../../arm-none-eabi/lib/thumb/v7-m/nofp/libg.a(lib_a-iprintf.o)
                0x000000000000c21c                _iprintf_r
 .text          0x000000000000c23c        0x0 /Applications/ARM/bin/../lib/gcc/arm-none-eabi/10.3.1/../../../../arm-none-eabi/lib/thumb/v7-m/nofp/libg.a(lib_a-lock.o)
 .text.__retarget_lock_init
                0x000000000000c23c        0x4 /Applications/ARM/bin/../lib/gcc/arm-none-eabi/10.3.1/../../../../arm-none-eabi/lib/thumb/v7-m/nofp/libg.a(lib_a-lock.o)
                0x000000000000c23c                __retarget_lock_init
 .text.__retarget_lock_init_recursive
                0x000000000000c240        0x4 /Applications/ARM/bin/../lib/gcc/arm-none-eabi/10.3.1/../../../../arm-none-eabi/lib/thumb/v7-m/nofp/libg.a(lib_a-lock.o)
                0x000000000000c240                __retarget_lock_init_recursive
 .text.__retarget_lock_close
                0x000000000000c244        0x4 /Applications/ARM/bin/../lib/gcc/arm-none-eabi/10.3.1/../../../../arm-none-eabi/lib/thumb/v7-m/nofp/libg.a(lib_a-lock.o)
                0x000000000000c244                __retarget_lock_close
 .text.__retarget_lock_close_recursive
                0x000000000000c248        0x4 /Applications/ARM/bin/../lib/gcc/arm-none-eabi/10.3.1/../../../../arm-none-eabi/lib/thumb/v7-m/nofp/libg.a(lib_a-lock.o)
                0x000000000000c248                __retarget_lock_close_recursive
 .text.__retarget_lock_acquire
                0x000000000000c24c        0x4 /Applications/ARM/bin/../lib/gcc/arm-none-eabi/10.3.1/../../../../arm-none-eabi/lib/thumb/v7-m/nofp/libg.a(lib_a-lock.o)
                0x000000000000c24c                __retarget_lock_acquire
 .text.__retarget_lock_acquire_recursive
                0x000000000000c250        0x4 /Applications/ARM/bin/../lib/gcc/arm-none-eabi/10.3.1/../../../../arm-none-eabi/lib/thumb/v7-m/nofp/libg.a(lib_a-lock.o)
                0x000000000000c250                __retarget_lock_acquire_recursive
 .text.__retarget_lock_try_acquire
                0x000000000000c254        0x4 /Applications/ARM/bin/../lib/gcc/arm-none-eabi/10.3.1/../../../../arm-none-eabi/lib/thumb/v7-m/nofp/libg.a(lib_a-lock.o)
                0x000000000000c254                __retarget_lock_try_acquire
 .text.__retarget_lock_try_acquire_recursive
                0x000000000000c258        0x4 /Applications/ARM/bin/../lib/gcc/arm-none-eabi/10.3.1/../../../../arm-none-eabi/lib/thumb/v7-m/nofp/libg.a(lib_a-lock.o)
                0x000000000000c258                __retarget_lock_try_acquire_recursive
 .text.__retarget_lock_release
                0x000000000000c25c        0x4 /Applications/ARM/bin/../lib/gcc/arm-none-eabi/10.3.1/../../../../arm-none-eabi/lib/thumb/v7-m/nofp/libg.a(lib_a-lock.o)
                0x000000000000c25c                __retarget_lock_release
 .text.__retarget_lock_release_recursive
                0x000000000000c260        0x4 /Applications/ARM/bin/../lib/gcc/arm-none-eabi/10.3.1/../../../../arm-none-eabi/lib/thumb/v7-m/nofp/libg.a(lib_a-lock.o)
                0x000000000000c260                __retarget_lock_release_recursive
 .text          0x000000000000c264        0x0 /Applications/ARM/bin/../lib/gcc/arm-none-eabi/10.3.1/../../../../arm-none-eabi/lib/thumb/v7-m/nofp/libg.a(lib_a-malloc.o)
 .text.malloc   0x000000000000c264       0x10 /Applications/ARM/bin/../lib/gcc/arm-none-eabi/10.3.1/../../../../arm-none-eabi/lib/thumb/v7-m/nofp/libg.a(lib_a-malloc.o)
                0x000000000000c264                malloc
 .text.free     0x000000000000c274       0x10 /Applications/ARM/bin/../lib/gcc/arm-none-eabi/10.3.1/../../../../arm-none-eabi/lib/thumb/v7-m/nofp/libg.a(lib_a-malloc.o)
                0x000000000000c274                free
 .text          0x000000000000c284        0x0 /Applications/ARM/bin/../lib/gcc/arm-none-eabi/10.3.1/../../../../arm-none-eabi/lib/thumb/v7-m/nofp/libg.a(lib_a-mallocr.o)
 .text._malloc_r
                0x000000000000c284      0x558 /Applications/ARM/bin/../lib/gcc/arm-none-eabi/10.3.1/../../../../arm-none-eabi/lib/thumb/v7-m/nofp/libg.a(lib_a-mallocr.o)
                0x000000000000c284                _malloc_r
 .text          0x000000000000c7dc        0x0 /Applications/ARM/bin/../lib/gcc/arm-none-eabi/10.3.1/../../../../arm-none-eabi/lib/thumb/v7-m/nofp/libg.a(lib_a-memchr-stub.o)
 .text.memchr   0x000000000000c7dc       0x90 /Applications/ARM/bin/../lib/gcc/arm-none-eabi/10.3.1/../../../../arm-none-eabi/lib/thumb/v7-m/nofp/libg.a(lib_a-memchr-stub.o)
                0x000000000000c7dc                memchr
 .text          0x000000000000c86c        0x0 /Applications/ARM/bin/../lib/gcc/arm-none-eabi/10.3.1/../../../../arm-none-eabi/lib/thumb/v7-m/nofp/libg.a(lib_a-memcmp.o)
 .text.memcmp   0x000000000000c86c       0x68 /Applications/ARM/bin/../lib/gcc/arm-none-eabi/10.3.1/../../../../arm-none-eabi/lib/thumb/v7-m/nofp/libg.a(lib_a-memcmp.o)
                0x000000000000c86c                memcmp
 .text          0x000000000000c8d4       0xec /Applications/ARM/bin/../lib/gcc/arm-none-eabi/10.3.1/../../../../arm-none-eabi/lib/thumb/v7-m/nofp/libg.a(lib_a-memcpy.o)
                0x000000000000c8d4                memcpy
 .text          0x000000000000c9c0        0x0 /Applications/ARM/bin/../lib/gcc/arm-none-eabi/10.3.1/../../../../arm-none-eabi/lib/thumb/v7-m/nofp/libg.a(lib_a-memmove.o)
 .text.memmove  0x000000000000c9c0       0xf8 /Applications/ARM/bin/../lib/gcc/arm-none-eabi/10.3.1/../../../../arm-none-eabi/lib/thumb/v7-m/nofp/libg.a(lib_a-memmove.o)
                0x000000000000c9c0                memmove
 .text          0x000000000000cab8        0x0 /Applications/ARM/bin/../lib/gcc/arm-none-eabi/10.3.1/../../../../arm-none-eabi/lib/thumb/v7-m/nofp/libg.a(lib_a-memset.o)
 .text.memset   0x000000000000cab8       0xa4 /Applications/ARM/bin/../lib/gcc/arm-none-eabi/10.3.1/../../../../arm-none-eabi/lib/thumb/v7-m/nofp/libg.a(lib_a-memset.o)
                0x000000000000cab8                memset
 .text          0x000000000000cb5c        0x0 /Applications/ARM/bin/../lib/gcc/arm-none-eabi/10.3.1/../../../../arm-none-eabi/lib/thumb/v7-m/nofp/libg.a(lib_a-mlock.o)
 .text.__malloc_lock
                0x000000000000cb5c        0xc /Applications/ARM/bin/../lib/gcc/arm-none-eabi/10.3.1/../../../../arm-none-eabi/lib/thumb/v7-m/nofp/libg.a(lib_a-mlock.o)
                0x000000000000cb5c                __malloc_lock
 .text.__malloc_unlock
                0x000000000000cb68        0xc /Applications/ARM/bin/../lib/gcc/arm-none-eabi/10.3.1/../../../../arm-none-eabi/lib/thumb/v7-m/nofp/libg.a(lib_a-mlock.o)
                0x000000000000cb68                __malloc_unlock
 .text          0x000000000000cb74        0x0 /Applications/ARM/bin/../lib/gcc/arm-none-eabi/10.3.1/../../../../arm-none-eabi/lib/thumb/v7-m/nofp/libg.a(lib_a-printf.o)
 .text._printf_r
                0x000000000000cb74       0x20 /Applications/ARM/bin/../lib/gcc/arm-none-eabi/10.3.1/../../../../arm-none-eabi/lib/thumb/v7-m/nofp/libg.a(lib_a-printf.o)
                0x000000000000cb74                _printf_r
 .text.printf   0x000000000000cb94       0x28 /Applications/ARM/bin/../lib/gcc/arm-none-eabi/10.3.1/../../../../arm-none-eabi/lib/thumb/v7-m/nofp/libg.a(lib_a-printf.o)
                0x000000000000cb94                printf
 .text          0x000000000000cbbc        0x0 /Applications/ARM/bin/../lib/gcc/arm-none-eabi/10.3.1/../../../../arm-none-eabi/lib/thumb/v7-m/nofp/libg.a(lib_a-putc.o)
 .text._putc_r  0x000000000000cbbc       0x74 /Applications/ARM/bin/../lib/gcc/arm-none-eabi/10.3.1/../../../../arm-none-eabi/lib/thumb/v7-m/nofp/libg.a(lib_a-putc.o)
                0x000000000000cbbc                _putc_r
 .text.putc     0x000000000000cc30       0x7c /Applications/ARM/bin/../lib/gcc/arm-none-eabi/10.3.1/../../../../arm-none-eabi/lib/thumb/v7-m/nofp/libg.a(lib_a-putc.o)
                0x000000000000cc30                putc
 .text          0x000000000000ccac        0x0 /Applications/ARM/bin/../lib/gcc/arm-none-eabi/10.3.1/../../../../arm-none-eabi/lib/thumb/v7-m/nofp/libg.a(lib_a-puts.o)
 .text._puts_r  0x000000000000ccac       0x9c /Applications/ARM/bin/../lib/gcc/arm-none-eabi/10.3.1/../../../../arm-none-eabi/lib/thumb/v7-m/nofp/libg.a(lib_a-puts.o)
                0x000000000000ccac                _puts_r
 .text.puts     0x000000000000cd48       0x10 /Applications/ARM/bin/../lib/gcc/arm-none-eabi/10.3.1/../../../../arm-none-eabi/lib/thumb/v7-m/nofp/libg.a(lib_a-puts.o)
                0x000000000000cd48                puts
 .text          0x000000000000cd58        0x0 /Applications/ARM/bin/../lib/gcc/arm-none-eabi/10.3.1/../../../../arm-none-eabi/lib/thumb/v7-m/nofp/libg.a(lib_a-realloc.o)
 .text.realloc  0x000000000000cd58       0x14 /Applications/ARM/bin/../lib/gcc/arm-none-eabi/10.3.1/../../../../arm-none-eabi/lib/thumb/v7-m/nofp/libg.a(lib_a-realloc.o)
                0x000000000000cd58                realloc
 .text          0x000000000000cd6c        0x0 /Applications/ARM/bin/../lib/gcc/arm-none-eabi/10.3.1/../../../../arm-none-eabi/lib/thumb/v7-m/nofp/libg.a(lib_a-reallocr.o)
 .text._realloc_r
                0x000000000000cd6c      0x3dc /Applications/ARM/bin/../lib/gcc/arm-none-eabi/10.3.1/../../../../arm-none-eabi/lib/thumb/v7-m/nofp/libg.a(lib_a-reallocr.o)
                0x000000000000cd6c                _realloc_r
 .text          0x000000000000d148        0x0 /Applications/ARM/bin/../lib/gcc/arm-none-eabi/10.3.1/../../../../arm-none-eabi/lib/thumb/v7-m/nofp/libg.a(lib_a-sbrkr.o)
 .text._sbrk_r  0x000000000000d148       0x24 /Applications/ARM/bin/../lib/gcc/arm-none-eabi/10.3.1/../../../../arm-none-eabi/lib/thumb/v7-m/nofp/libg.a(lib_a-sbrkr.o)
                0x000000000000d148                _sbrk_r
 .text          0x000000000000d16c        0x0 /Applications/ARM/bin/../lib/gcc/arm-none-eabi/10.3.1/../../../../arm-none-eabi/lib/thumb/v7-m/nofp/libg.a(lib_a-signal.o)
 .text._init_signal_r
                0x000000000000d16c       0x30 /Applications/ARM/bin/../lib/gcc/arm-none-eabi/10.3.1/../../../../arm-none-eabi/lib/thumb/v7-m/nofp/libg.a(lib_a-signal.o)
                0x000000000000d16c                _init_signal_r
 .text._signal_r
                0x000000000000d19c       0x4c /Applications/ARM/bin/../lib/gcc/arm-none-eabi/10.3.1/../../../../arm-none-eabi/lib/thumb/v7-m/nofp/libg.a(lib_a-signal.o)
                0x000000000000d19c                _signal_r
 .text._raise_r
                0x000000000000d1e8       0x58 /Applications/ARM/bin/../lib/gcc/arm-none-eabi/10.3.1/../../../../arm-none-eabi/lib/thumb/v7-m/nofp/libg.a(lib_a-signal.o)
                0x000000000000d1e8                _raise_r
 .text.__sigtramp_r
                0x000000000000d240       0x68 /Applications/ARM/bin/../lib/gcc/arm-none-eabi/10.3.1/../../../../arm-none-eabi/lib/thumb/v7-m/nofp/libg.a(lib_a-signal.o)
                0x000000000000d240                __sigtramp_r
 .text.raise    0x000000000000d2a8       0x5c /Applications/ARM/bin/../lib/gcc/arm-none-eabi/10.3.1/../../../../arm-none-eabi/lib/thumb/v7-m/nofp/libg.a(lib_a-signal.o)
                0x000000000000d2a8                raise
 .text.signal   0x000000000000d304       0x54 /Applications/ARM/bin/../lib/gcc/arm-none-eabi/10.3.1/../../../../arm-none-eabi/lib/thumb/v7-m/nofp/libg.a(lib_a-signal.o)
                0x000000000000d304                signal
 .text._init_signal
                0x000000000000d358       0x38 /Applications/ARM/bin/../lib/gcc/arm-none-eabi/10.3.1/../../../../arm-none-eabi/lib/thumb/v7-m/nofp/libg.a(lib_a-signal.o)
                0x000000000000d358                _init_signal
 .text.__sigtramp
                0x000000000000d390       0x68 /Applications/ARM/bin/../lib/gcc/arm-none-eabi/10.3.1/../../../../arm-none-eabi/lib/thumb/v7-m/nofp/libg.a(lib_a-signal.o)
                0x000000000000d390                __sigtramp
 .text          0x000000000000d3f8        0x0 /Applications/ARM/bin/../lib/gcc/arm-none-eabi/10.3.1/../../../../arm-none-eabi/lib/thumb/v7-m/nofp/libg.a(lib_a-signalr.o)
 .text._kill_r  0x000000000000d3f8       0x28 /Applications/ARM/bin/../lib/gcc/arm-none-eabi/10.3.1/../../../../arm-none-eabi/lib/thumb/v7-m/nofp/libg.a(lib_a-signalr.o)
                0x000000000000d3f8                _kill_r
 .text._getpid_r
                0x000000000000d420        0x4 /Applications/ARM/bin/../lib/gcc/arm-none-eabi/10.3.1/../../../../arm-none-eabi/lib/thumb/v7-m/nofp/libg.a(lib_a-signalr.o)
                0x000000000000d420                _getpid_r
 .text          0x000000000000d424        0x0 /Applications/ARM/bin/../lib/gcc/arm-none-eabi/10.3.1/../../../../arm-none-eabi/lib/thumb/v7-m/nofp/libg.a(lib_a-sprintf.o)
 .text._sprintf_r
                0x000000000000d424       0x3c /Applications/ARM/bin/../lib/gcc/arm-none-eabi/10.3.1/../../../../arm-none-eabi/lib/thumb/v7-m/nofp/libg.a(lib_a-sprintf.o)
                0x000000000000d424                _sprintf_r
 .text.sprintf  0x000000000000d460       0x44 /Applications/ARM/bin/../lib/gcc/arm-none-eabi/10.3.1/../../../../arm-none-eabi/lib/thumb/v7-m/nofp/libg.a(lib_a-sprintf.o)
                0x000000000000d460                sprintf
 .text          0x000000000000d4a4      0x1bc /Applications/ARM/bin/../lib/gcc/arm-none-eabi/10.3.1/../../../../arm-none-eabi/lib/thumb/v7-m/nofp/libg.a(lib_a-strcmp.o)
                0x000000000000d4a4                strcmp
 .text          0x000000000000d660        0x0 /Applications/ARM/bin/../lib/gcc/arm-none-eabi/10.3.1/../../../../arm-none-eabi/lib/thumb/v7-m/nofp/libg.a(lib_a-strlen-stub.o)
 .text.strlen   0x000000000000d660       0x5c /Applications/ARM/bin/../lib/gcc/arm-none-eabi/10.3.1/../../../../arm-none-eabi/lib/thumb/v7-m/nofp/libg.a(lib_a-strlen-stub.o)
                0x000000000000d660                strlen
 .text          0x000000000000d6bc        0x0 /Applications/ARM/bin/../lib/gcc/arm-none-eabi/10.3.1/../../../../arm-none-eabi/lib/thumb/v7-m/nofp/libg.a(lib_a-strncmp.o)
 .text.strncmp  0x000000000000d6bc       0x7c /Applications/ARM/bin/../lib/gcc/arm-none-eabi/10.3.1/../../../../arm-none-eabi/lib/thumb/v7-m/nofp/libg.a(lib_a-strncmp.o)
                0x000000000000d6bc                strncmp
 .text          0x000000000000d738        0x0 /Applications/ARM/bin/../lib/gcc/arm-none-eabi/10.3.1/../../../../arm-none-eabi/lib/thumb/v7-m/nofp/libg.a(lib_a-svfprintf.o)
 .text._svfprintf_r
                0x000000000000d738     0x1aa4 /Applications/ARM/bin/../lib/gcc/arm-none-eabi/10.3.1/../../../../arm-none-eabi/lib/thumb/v7-m/nofp/libg.a(lib_a-svfprintf.o)
                0x000000000000d738                _svfprintf_r
 .text          0x000000000000f1dc        0x0 /Applications/ARM/bin/../lib/gcc/arm-none-eabi/10.3.1/../../../../arm-none-eabi/lib/thumb/v7-m/nofp/libg.a(lib_a-syswrite.o)
 .text.write    0x000000000000f1dc       0x1c /Applications/ARM/bin/../lib/gcc/arm-none-eabi/10.3.1/../../../../arm-none-eabi/lib/thumb/v7-m/nofp/libg.a(lib_a-syswrite.o)
                0x000000000000f1dc                write
 .text          0x000000000000f1f8        0x0 /Applications/ARM/bin/../lib/gcc/arm-none-eabi/10.3.1/../../../../arm-none-eabi/lib/thumb/v7-m/nofp/libg.a(lib_a-vfiprintf.o)
 .text.__sprint_r.part.0
                0x000000000000f1f8       0x78 /Applications/ARM/bin/../lib/gcc/arm-none-eabi/10.3.1/../../../../arm-none-eabi/lib/thumb/v7-m/nofp/libg.a(lib_a-vfiprintf.o)
 .text.__sprint_r
                0x000000000000f270       0x14 /Applications/ARM/bin/../lib/gcc/arm-none-eabi/10.3.1/../../../../arm-none-eabi/lib/thumb/v7-m/nofp/libg.a(lib_a-vfiprintf.o)
                0x000000000000f270                __sprint_r
 .text._vfiprintf_r
                0x000000000000f284      0xd98 /Applications/ARM/bin/../lib/gcc/arm-none-eabi/10.3.1/../../../../arm-none-eabi/lib/thumb/v7-m/nofp/libg.a(lib_a-vfiprintf.o)
                0x000000000000f284                _vfiprintf_r
 .text.vfiprintf
                0x000000000001001c       0x1c /Applications/ARM/bin/../lib/gcc/arm-none-eabi/10.3.1/../../../../arm-none-eabi/lib/thumb/v7-m/nofp/libg.a(lib_a-vfiprintf.o)
                0x000000000001001c                vfiprintf
 .text.__sbprintf
                0x0000000000010038       0x84 /Applications/ARM/bin/../lib/gcc/arm-none-eabi/10.3.1/../../../../arm-none-eabi/lib/thumb/v7-m/nofp/libg.a(lib_a-vfiprintf.o)
 .text          0x00000000000100bc        0x0 /Applications/ARM/bin/../lib/gcc/arm-none-eabi/10.3.1/../../../../arm-none-eabi/lib/thumb/v7-m/nofp/libg.a(lib_a-vfprintf.o)
 .text._vfprintf_r
                0x00000000000100bc     0x1b58 /Applications/ARM/bin/../lib/gcc/arm-none-eabi/10.3.1/../../../../arm-none-eabi/lib/thumb/v7-m/nofp/libg.a(lib_a-vfprintf.o)
                0x00000000000100bc                _vfprintf_r
 .text.vfprintf
                0x0000000000011c14       0x1c /Applications/ARM/bin/../lib/gcc/arm-none-eabi/10.3.1/../../../../arm-none-eabi/lib/thumb/v7-m/nofp/libg.a(lib_a-vfprintf.o)
                0x0000000000011c14                vfprintf
 .text.__sbprintf
                0x0000000000011c30       0x84 /Applications/ARM/bin/../lib/gcc/arm-none-eabi/10.3.1/../../../../arm-none-eabi/lib/thumb/v7-m/nofp/libg.a(lib_a-vfprintf.o)
 .text          0x0000000000011cb4        0x0 /Applications/ARM/bin/../lib/gcc/arm-none-eabi/10.3.1/../../../../arm-none-eabi/lib/thumb/v7-m/nofp/libg.a(lib_a-wbuf.o)
 .text.__swbuf_r
                0x0000000000011cb4       0xb0 /Applications/ARM/bin/../lib/gcc/arm-none-eabi/10.3.1/../../../../arm-none-eabi/lib/thumb/v7-m/nofp/libg.a(lib_a-wbuf.o)
                0x0000000000011cb4                __swbuf_r
 .text.__swbuf  0x0000000000011d64       0x14 /Applications/ARM/bin/../lib/gcc/arm-none-eabi/10.3.1/../../../../arm-none-eabi/lib/thumb/v7-m/nofp/libg.a(lib_a-wbuf.o)
                0x0000000000011d64                __swbuf
 .text          0x0000000000011d78        0x0 /Applications/ARM/bin/../lib/gcc/arm-none-eabi/10.3.1/../../../../arm-none-eabi/lib/thumb/v7-m/nofp/libg.a(lib_a-writer.o)
 .text._write_r
                0x0000000000011d78       0x2c /Applications/ARM/bin/../lib/gcc/arm-none-eabi/10.3.1/../../../../arm-none-eabi/lib/thumb/v7-m/nofp/libg.a(lib_a-writer.o)
                0x0000000000011d78                _write_r
 .text          0x0000000000011da4        0x0 /Applications/ARM/bin/../lib/gcc/arm-none-eabi/10.3.1/../../../../arm-none-eabi/lib/thumb/v7-m/nofp/libg.a(lib_a-wsetup.o)
 .text.__swsetup_r
                0x0000000000011da4       0xd4 /Applications/ARM/bin/../lib/gcc/arm-none-eabi/10.3.1/../../../../arm-none-eabi/lib/thumb/v7-m/nofp/libg.a(lib_a-wsetup.o)
                0x0000000000011da4                __swsetup_r
 .text          0x0000000000011e78        0x0 /Applications/ARM/bin/../lib/gcc/arm-none-eabi/10.3.1/../../../../arm-none-eabi/lib/thumb/v7-m/nofp/libg.a(lib_a-__call_atexit.o)
 .text.startup.register_fini
                0x0000000000011e78       0x14 /Applications/ARM/bin/../lib/gcc/arm-none-eabi/10.3.1/../../../../arm-none-eabi/lib/thumb/v7-m/nofp/libg.a(lib_a-__call_atexit.o)
 .text.__call_exitprocs
                0x0000000000011e8c       0xc4 /Applications/ARM/bin/../lib/gcc/arm-none-eabi/10.3.1/../../../../arm-none-eabi/lib/thumb/v7-m/nofp/libg.a(lib_a-__call_atexit.o)
                0x0000000000011e8c                __call_exitprocs
 .text          0x0000000000011f50        0x0 /Applications/ARM/bin/../lib/gcc/arm-none-eabi/10.3.1/../../../../arm-none-eabi/lib/thumb/v7-m/nofp/libg.a(lib_a-atexit.o)
 .text.atexit   0x0000000000011f50        0xc /Applications/ARM/bin/../lib/gcc/arm-none-eabi/10.3.1/../../../../arm-none-eabi/lib/thumb/v7-m/nofp/libg.a(lib_a-atexit.o)
                0x0000000000011f50                atexit
 .text          0x0000000000011f5c        0x0 /Applications/ARM/bin/../lib/gcc/arm-none-eabi/10.3.1/../../../../arm-none-eabi/lib/thumb/v7-m/nofp/libg.a(lib_a-dtoa.o)
 .text.quorem   0x0000000000011f5c      0x12c /Applications/ARM/bin/../lib/gcc/arm-none-eabi/10.3.1/../../../../arm-none-eabi/lib/thumb/v7-m/nofp/libg.a(lib_a-dtoa.o)
 .text._dtoa_r  0x0000000000012088      0xecc /Applications/ARM/bin/../lib/gcc/arm-none-eabi/10.3.1/../../../../arm-none-eabi/lib/thumb/v7-m/nofp/libg.a(lib_a-dtoa.o)
                0x0000000000012088                _dtoa_r
 .text          0x0000000000012f54        0x0 /Applications/ARM/bin/../lib/gcc/arm-none-eabi/10.3.1/../../../../arm-none-eabi/lib/thumb/v7-m/nofp/libg.a(lib_a-fflush.o)
 .text.__sflush_r
                0x0000000000012f54      0x124 /Applications/ARM/bin/../lib/gcc/arm-none-eabi/10.3.1/../../../../arm-none-eabi/lib/thumb/v7-m/nofp/libg.a(lib_a-fflush.o)
                0x0000000000012f54                __sflush_r
 .text._fflush_r
                0x0000000000013078       0x5c /Applications/ARM/bin/../lib/gcc/arm-none-eabi/10.3.1/../../../../arm-none-eabi/lib/thumb/v7-m/nofp/libg.a(lib_a-fflush.o)
                0x0000000000013078                _fflush_r
 .text.fflush   0x00000000000130d4       0x74 /Applications/ARM/bin/../lib/gcc/arm-none-eabi/10.3.1/../../../../arm-none-eabi/lib/thumb/v7-m/nofp/libg.a(lib_a-fflush.o)
                0x00000000000130d4                fflush
 .text          0x0000000000013148        0x0 /Applications/ARM/bin/../lib/gcc/arm-none-eabi/10.3.1/../../../../arm-none-eabi/lib/thumb/v7-m/nofp/libg.a(lib_a-findfp.o)
 .text._cleanup_r
                0x0000000000013148        0xc /Applications/ARM/bin/../lib/gcc/arm-none-eabi/10.3.1/../../../../arm-none-eabi/lib/thumb/v7-m/nofp/libg.a(lib_a-findfp.o)
                0x0000000000013148                _cleanup_r
 .text.__fp_lock
                0x0000000000013154       0x1c /Applications/ARM/bin/../lib/gcc/arm-none-eabi/10.3.1/../../../../arm-none-eabi/lib/thumb/v7-m/nofp/libg.a(lib_a-findfp.o)
 .text.__fp_unlock
                0x0000000000013170       0x1c /Applications/ARM/bin/../lib/gcc/arm-none-eabi/10.3.1/../../../../arm-none-eabi/lib/thumb/v7-m/nofp/libg.a(lib_a-findfp.o)
 .text.__sfmoreglue
                0x000000000001318c       0x30 /Applications/ARM/bin/../lib/gcc/arm-none-eabi/10.3.1/../../../../arm-none-eabi/lib/thumb/v7-m/nofp/libg.a(lib_a-findfp.o)
                0x000000000001318c                __sfmoreglue
 .text._cleanup
                0x00000000000131bc       0x14 /Applications/ARM/bin/../lib/gcc/arm-none-eabi/10.3.1/../../../../arm-none-eabi/lib/thumb/v7-m/nofp/libg.a(lib_a-findfp.o)
                0x00000000000131bc                _cleanup
 .text.__sinit  0x00000000000131d0      0x10c /Applications/ARM/bin/../lib/gcc/arm-none-eabi/10.3.1/../../../../arm-none-eabi/lib/thumb/v7-m/nofp/libg.a(lib_a-findfp.o)
                0x00000000000131d0                __sinit
 .text.__sfp    0x00000000000132dc       0xc8 /Applications/ARM/bin/../lib/gcc/arm-none-eabi/10.3.1/../../../../arm-none-eabi/lib/thumb/v7-m/nofp/libg.a(lib_a-findfp.o)
                0x00000000000132dc                __sfp
 .text.__sfp_lock_acquire
                0x00000000000133a4        0xc /Applications/ARM/bin/../lib/gcc/arm-none-eabi/10.3.1/../../../../arm-none-eabi/lib/thumb/v7-m/nofp/libg.a(lib_a-findfp.o)
                0x00000000000133a4                __sfp_lock_acquire
 .text.__sfp_lock_release
                0x00000000000133b0        0xc /Applications/ARM/bin/../lib/gcc/arm-none-eabi/10.3.1/../../../../arm-none-eabi/lib/thumb/v7-m/nofp/libg.a(lib_a-findfp.o)
                0x00000000000133b0                __sfp_lock_release
 .text.__sinit_lock_acquire
                0x00000000000133bc        0xc /Applications/ARM/bin/../lib/gcc/arm-none-eabi/10.3.1/../../../../arm-none-eabi/lib/thumb/v7-m/nofp/libg.a(lib_a-findfp.o)
                0x00000000000133bc                __sinit_lock_acquire
 .text.__sinit_lock_release
                0x00000000000133c8        0xc /Applications/ARM/bin/../lib/gcc/arm-none-eabi/10.3.1/../../../../arm-none-eabi/lib/thumb/v7-m/nofp/libg.a(lib_a-findfp.o)
                0x00000000000133c8                __sinit_lock_release
 .text.__fp_lock_all
                0x00000000000133d4       0x24 /Applications/ARM/bin/../lib/gcc/arm-none-eabi/10.3.1/../../../../arm-none-eabi/lib/thumb/v7-m/nofp/libg.a(lib_a-findfp.o)
                0x00000000000133d4                __fp_lock_all
 .text.__fp_unlock_all
                0x00000000000133f8       0x24 /Applications/ARM/bin/../lib/gcc/arm-none-eabi/10.3.1/../../../../arm-none-eabi/lib/thumb/v7-m/nofp/libg.a(lib_a-findfp.o)
                0x00000000000133f8                __fp_unlock_all
 .text          0x000000000001341c        0x0 /Applications/ARM/bin/../lib/gcc/arm-none-eabi/10.3.1/../../../../arm-none-eabi/lib/thumb/v7-m/nofp/libg.a(lib_a-fini.o)
 .text.__libc_fini_array
                0x000000000001341c       0x2c /Applications/ARM/bin/../lib/gcc/arm-none-eabi/10.3.1/../../../../arm-none-eabi/lib/thumb/v7-m/nofp/libg.a(lib_a-fini.o)
                0x000000000001341c                __libc_fini_array
 .text          0x0000000000013448        0x0 /Applications/ARM/bin/../lib/gcc/arm-none-eabi/10.3.1/../../../../arm-none-eabi/lib/thumb/v7-m/nofp/libg.a(lib_a-fputwc.o)
 .text.__fputwc
                0x0000000000013448       0xa0 /Applications/ARM/bin/../lib/gcc/arm-none-eabi/10.3.1/../../../../arm-none-eabi/lib/thumb/v7-m/nofp/libg.a(lib_a-fputwc.o)
                0x0000000000013448                __fputwc
 .text._fputwc_r
                0x00000000000134e8       0x68 /Applications/ARM/bin/../lib/gcc/arm-none-eabi/10.3.1/../../../../arm-none-eabi/lib/thumb/v7-m/nofp/libg.a(lib_a-fputwc.o)
                0x00000000000134e8                _fputwc_r
 .text.fputwc   0x0000000000013550       0x74 /Applications/ARM/bin/../lib/gcc/arm-none-eabi/10.3.1/../../../../arm-none-eabi/lib/thumb/v7-m/nofp/libg.a(lib_a-fputwc.o)
                0x0000000000013550                fputwc
 .text          0x00000000000135c4        0x0 /Applications/ARM/bin/../lib/gcc/arm-none-eabi/10.3.1/../../../../arm-none-eabi/lib/thumb/v7-m/nofp/libg.a(lib_a-freer.o)
 .text._malloc_trim_r
                0x00000000000135c4       0xa0 /Applications/ARM/bin/../lib/gcc/arm-none-eabi/10.3.1/../../../../arm-none-eabi/lib/thumb/v7-m/nofp/libg.a(lib_a-freer.o)
                0x00000000000135c4                _malloc_trim_r
 .text._free_r  0x0000000000013664      0x200 /Applications/ARM/bin/../lib/gcc/arm-none-eabi/10.3.1/../../../../arm-none-eabi/lib/thumb/v7-m/nofp/libg.a(lib_a-freer.o)
                0x0000000000013664                _free_r
 .text          0x0000000000013864        0x0 /Applications/ARM/bin/../lib/gcc/arm-none-eabi/10.3.1/../../../../arm-none-eabi/lib/thumb/v7-m/nofp/libg.a(lib_a-fwalk.o)
 .text._fwalk   0x0000000000013864       0x40 /Applications/ARM/bin/../lib/gcc/arm-none-eabi/10.3.1/../../../../arm-none-eabi/lib/thumb/v7-m/nofp/libg.a(lib_a-fwalk.o)
                0x0000000000013864                _fwalk
 .text._fwalk_reent
                0x00000000000138a4       0x48 /Applications/ARM/bin/../lib/gcc/arm-none-eabi/10.3.1/../../../../arm-none-eabi/lib/thumb/v7-m/nofp/libg.a(lib_a-fwalk.o)
                0x00000000000138a4                _fwalk_reent
 .text          0x00000000000138ec        0x0 /Applications/ARM/bin/../lib/gcc/arm-none-eabi/10.3.1/../../../../arm-none-eabi/lib/thumb/v7-m/nofp/libg.a(lib_a-locale.o)
 .text._setlocale_r
                0x00000000000138ec       0x40 /Applications/ARM/bin/../lib/gcc/arm-none-eabi/10.3.1/../../../../arm-none-eabi/lib/thumb/v7-m/nofp/libg.a(lib_a-locale.o)
                0x00000000000138ec                _setlocale_r
 .text.__locale_mb_cur_max
                0x000000000001392c        0xc /Applications/ARM/bin/../lib/gcc/arm-none-eabi/10.3.1/../../../../arm-none-eabi/lib/thumb/v7-m/nofp/libg.a(lib_a-locale.o)
                0x000000000001392c                __locale_mb_cur_max
 .text.setlocale
                0x0000000000013938       0x40 /Applications/ARM/bin/../lib/gcc/arm-none-eabi/10.3.1/../../../../arm-none-eabi/lib/thumb/v7-m/nofp/libg.a(lib_a-locale.o)
                0x0000000000013938                setlocale
 .text          0x0000000000013978        0x0 /Applications/ARM/bin/../lib/gcc/arm-none-eabi/10.3.1/../../../../arm-none-eabi/lib/thumb/v7-m/nofp/libg.a(lib_a-localeconv.o)
 .text.__localeconv_l
                0x0000000000013978        0x4 /Applications/ARM/bin/../lib/gcc/arm-none-eabi/10.3.1/../../../../arm-none-eabi/lib/thumb/v7-m/nofp/libg.a(lib_a-localeconv.o)
                0x0000000000013978                __localeconv_l
 .text._localeconv_r
                0x000000000001397c        0x8 /Applications/ARM/bin/../lib/gcc/arm-none-eabi/10.3.1/../../../../arm-none-eabi/lib/thumb/v7-m/nofp/libg.a(lib_a-localeconv.o)
                0x000000000001397c                _localeconv_r
 .text.localeconv
                0x0000000000013984        0x8 /Applications/ARM/bin/../lib/gcc/arm-none-eabi/10.3.1/../../../../arm-none-eabi/lib/thumb/v7-m/nofp/libg.a(lib_a-localeconv.o)
                0x0000000000013984                localeconv
 .text          0x000000000001398c        0x0 /Applications/ARM/bin/../lib/gcc/arm-none-eabi/10.3.1/../../../../arm-none-eabi/lib/thumb/v7-m/nofp/libg.a(lib_a-makebuf.o)
 .text.__smakebuf_r
                0x000000000001398c       0xe0 /Applications/ARM/bin/../lib/gcc/arm-none-eabi/10.3.1/../../../../arm-none-eabi/lib/thumb/v7-m/nofp/libg.a(lib_a-makebuf.o)
                0x000000000001398c                __smakebuf_r
 .text.__swhatbuf_r
                0x0000000000013a6c       0x60 /Applications/ARM/bin/../lib/gcc/arm-none-eabi/10.3.1/../../../../arm-none-eabi/lib/thumb/v7-m/nofp/libg.a(lib_a-makebuf.o)
                0x0000000000013a6c                __swhatbuf_r
 .text          0x0000000000013acc        0x0 /Applications/ARM/bin/../lib/gcc/arm-none-eabi/10.3.1/../../../../arm-none-eabi/lib/thumb/v7-m/nofp/libg.a(lib_a-mbtowc_r.o)
 .text._mbtowc_r
                0x0000000000013acc       0x14 /Applications/ARM/bin/../lib/gcc/arm-none-eabi/10.3.1/../../../../arm-none-eabi/lib/thumb/v7-m/nofp/libg.a(lib_a-mbtowc_r.o)
                0x0000000000013acc                _mbtowc_r
 .text.__ascii_mbtowc
                0x0000000000013ae0       0x2c /Applications/ARM/bin/../lib/gcc/arm-none-eabi/10.3.1/../../../../arm-none-eabi/lib/thumb/v7-m/nofp/libg.a(lib_a-mbtowc_r.o)
                0x0000000000013ae0                __ascii_mbtowc
 .text          0x0000000000013b0c        0x0 /Applications/ARM/bin/../lib/gcc/arm-none-eabi/10.3.1/../../../../arm-none-eabi/lib/thumb/v7-m/nofp/libg.a(lib_a-mprec.o)
 .text._Balloc  0x0000000000013b0c       0x4c /Applications/ARM/bin/../lib/gcc/arm-none-eabi/10.3.1/../../../../arm-none-eabi/lib/thumb/v7-m/nofp/libg.a(lib_a-mprec.o)
                0x0000000000013b0c                _Balloc
 .text._Bfree   0x0000000000013b58       0x14 /Applications/ARM/bin/../lib/gcc/arm-none-eabi/10.3.1/../../../../arm-none-eabi/lib/thumb/v7-m/nofp/libg.a(lib_a-mprec.o)
                0x0000000000013b58                _Bfree
 .text.__multadd
                0x0000000000013b6c       0xa4 /Applications/ARM/bin/../lib/gcc/arm-none-eabi/10.3.1/../../../../arm-none-eabi/lib/thumb/v7-m/nofp/libg.a(lib_a-mprec.o)
                0x0000000000013b6c                __multadd
 .text.__s2b    0x0000000000013c10       0xb4 /Applications/ARM/bin/../lib/gcc/arm-none-eabi/10.3.1/../../../../arm-none-eabi/lib/thumb/v7-m/nofp/libg.a(lib_a-mprec.o)
                0x0000000000013c10                __s2b
 .text.__hi0bits
                0x0000000000013cc4       0x40 /Applications/ARM/bin/../lib/gcc/arm-none-eabi/10.3.1/../../../../arm-none-eabi/lib/thumb/v7-m/nofp/libg.a(lib_a-mprec.o)
                0x0000000000013cc4                __hi0bits
 .text.__lo0bits
                0x0000000000013d04       0x58 /Applications/ARM/bin/../lib/gcc/arm-none-eabi/10.3.1/../../../../arm-none-eabi/lib/thumb/v7-m/nofp/libg.a(lib_a-mprec.o)
                0x0000000000013d04                __lo0bits
 .text.__i2b    0x0000000000013d5c       0x5c /Applications/ARM/bin/../lib/gcc/arm-none-eabi/10.3.1/../../../../arm-none-eabi/lib/thumb/v7-m/nofp/libg.a(lib_a-mprec.o)
                0x0000000000013d5c                __i2b
 .text.__multiply
                0x0000000000013db8      0x15c /Applications/ARM/bin/../lib/gcc/arm-none-eabi/10.3.1/../../../../arm-none-eabi/lib/thumb/v7-m/nofp/libg.a(lib_a-mprec.o)
                0x0000000000013db8                __multiply
 .text.__pow5mult
                0x0000000000013f14       0xb8 /Applications/ARM/bin/../lib/gcc/arm-none-eabi/10.3.1/../../../../arm-none-eabi/lib/thumb/v7-m/nofp/libg.a(lib_a-mprec.o)
                0x0000000000013f14                __pow5mult
 .text.__lshift
                0x0000000000013fcc       0xec /Applications/ARM/bin/../lib/gcc/arm-none-eabi/10.3.1/../../../../arm-none-eabi/lib/thumb/v7-m/nofp/libg.a(lib_a-mprec.o)
                0x0000000000013fcc                __lshift
 .text.__mcmp   0x00000000000140b8       0x40 /Applications/ARM/bin/../lib/gcc/arm-none-eabi/10.3.1/../../../../arm-none-eabi/lib/thumb/v7-m/nofp/libg.a(lib_a-mprec.o)
                0x00000000000140b8                __mcmp
 .text.__mdiff  0x00000000000140f8      0x14c /Applications/ARM/bin/../lib/gcc/arm-none-eabi/10.3.1/../../../../arm-none-eabi/lib/thumb/v7-m/nofp/libg.a(lib_a-mprec.o)
                0x00000000000140f8                __mdiff
 .text.__ulp    0x0000000000014244       0x44 /Applications/ARM/bin/../lib/gcc/arm-none-eabi/10.3.1/../../../../arm-none-eabi/lib/thumb/v7-m/nofp/libg.a(lib_a-mprec.o)
                0x0000000000014244                __ulp
 .text.__b2d    0x0000000000014288       0xd0 /Applications/ARM/bin/../lib/gcc/arm-none-eabi/10.3.1/../../../../arm-none-eabi/lib/thumb/v7-m/nofp/libg.a(lib_a-mprec.o)
                0x0000000000014288                __b2d
 .text.__d2b    0x0000000000014358       0xc4 /Applications/ARM/bin/../lib/gcc/arm-none-eabi/10.3.1/../../../../arm-none-eabi/lib/thumb/v7-m/nofp/libg.a(lib_a-mprec.o)
                0x0000000000014358                __d2b
 .text.__ratio  0x000000000001441c       0x60 /Applications/ARM/bin/../lib/gcc/arm-none-eabi/10.3.1/../../../../arm-none-eabi/lib/thumb/v7-m/nofp/libg.a(lib_a-mprec.o)
                0x000000000001441c                __ratio
 .text._mprec_log10
                0x000000000001447c       0x38 /Applications/ARM/bin/../lib/gcc/arm-none-eabi/10.3.1/../../../../arm-none-eabi/lib/thumb/v7-m/nofp/libg.a(lib_a-mprec.o)
                0x000000000001447c                _mprec_log10
 .text.__copybits
                0x00000000000144b4       0x60 /Applications/ARM/bin/../lib/gcc/arm-none-eabi/10.3.1/../../../../arm-none-eabi/lib/thumb/v7-m/nofp/libg.a(lib_a-mprec.o)
                0x00000000000144b4                __copybits
 .text.__any_on
                0x0000000000014514       0x60 /Applications/ARM/bin/../lib/gcc/arm-none-eabi/10.3.1/../../../../arm-none-eabi/lib/thumb/v7-m/nofp/libg.a(lib_a-mprec.o)
                0x0000000000014514                __any_on
 .text          0x0000000000014574        0x0 /Applications/ARM/bin/../lib/gcc/arm-none-eabi/10.3.1/../../../../arm-none-eabi/lib/thumb/v7-m/nofp/libg.a(lib_a-reent.o)
 .text.cleanup_glue
                0x0000000000014574       0x48 /Applications/ARM/bin/../lib/gcc/arm-none-eabi/10.3.1/../../../../arm-none-eabi/lib/thumb/v7-m/nofp/libg.a(lib_a-reent.o)
                0x0000000000014574                cleanup_glue
 .text._reclaim_reent
                0x00000000000145bc       0x90 /Applications/ARM/bin/../lib/gcc/arm-none-eabi/10.3.1/../../../../arm-none-eabi/lib/thumb/v7-m/nofp/libg.a(lib_a-reent.o)
                0x00000000000145bc                _reclaim_reent
 .text          0x000000000001464c        0x0 /Applications/ARM/bin/../lib/gcc/arm-none-eabi/10.3.1/../../../../arm-none-eabi/lib/thumb/v7-m/nofp/libg.a(lib_a-s_frexp.o)
 .text.frexp    0x000000000001464c       0x70 /Applications/ARM/bin/../lib/gcc/arm-none-eabi/10.3.1/../../../../arm-none-eabi/lib/thumb/v7-m/nofp/libg.a(lib_a-s_frexp.o)
                0x000000000001464c                frexp
 .text          0x00000000000146bc        0x0 /Applications/ARM/bin/../lib/gcc/arm-none-eabi/10.3.1/../../../../arm-none-eabi/lib/thumb/v7-m/nofp/libg.a(lib_a-stdio.o)
 .text.__sread  0x00000000000146bc       0x24 /Applications/ARM/bin/../lib/gcc/arm-none-eabi/10.3.1/../../../../arm-none-eabi/lib/thumb/v7-m/nofp/libg.a(lib_a-stdio.o)
                0x00000000000146bc                __sread
 .text.__seofread
                0x00000000000146e0        0x4 /Applications/ARM/bin/../lib/gcc/arm-none-eabi/10.3.1/../../../../arm-none-eabi/lib/thumb/v7-m/nofp/libg.a(lib_a-stdio.o)
                0x00000000000146e0                __seofread
 .text.__swrite
                0x00000000000146e4       0x40 /Applications/ARM/bin/../lib/gcc/arm-none-eabi/10.3.1/../../../../arm-none-eabi/lib/thumb/v7-m/nofp/libg.a(lib_a-stdio.o)
                0x00000000000146e4                __swrite